Component: ARM Compiler 5.05 update 1 (build 106) Tool: armlink [4d0efa]

==============================================================================

Section Cross References

    system_stm32f4xx.o(i.SystemCoreClockUpdate) refers to system_stm32f4xx.o(.data) for SystemCoreClock
    system_stm32f4xx.o(i.SystemCoreClockUpdate) refers to system_stm32f4xx.o(.constdata) for AHBPrescTable
    delay.o(i.SysTick_Handler) refers to stm32f4xx_hal.o(i.HAL_IncTick) for HAL_IncTick
    delay.o(i.SysTick_Handler) refers to os_core.o(i.OSIntEnter) for OSIntEnter
    delay.o(i.SysTick_Handler) refers to os_time.o(i.OSTimeTick) for OSTimeTick
    delay.o(i.SysTick_Handler) refers to os_core.o(i.OSIntExit) for OSIntExit
    delay.o(i.SysTick_Handler) refers to os_var.o(.data) for OSRunning
    delay.o(i.delay_init) refers to stm32f4xx_hal_cortex.o(i.HAL_SYSTICK_CLKSourceConfig) for HAL_SYSTICK_CLKSourceConfig
    delay.o(i.delay_init) refers to delay.o(.data) for fac_us
    delay.o(i.delay_init) refers to os_cfg_app.o(.constdata) for OSCfg_TickRate_Hz
    delay.o(i.delay_ms) refers to delay.o(i.delay_ostimedly) for delay_ostimedly
    delay.o(i.delay_ms) refers to delay.o(i.delay_us) for delay_us
    delay.o(i.delay_ms) refers to os_var.o(.data) for OSRunning
    delay.o(i.delay_ms) refers to delay.o(.data) for fac_ms
    delay.o(i.delay_osschedlock) refers to os_core.o(i.OSSchedLock) for OSSchedLock
    delay.o(i.delay_osschedunlock) refers to os_core.o(i.OSSchedUnlock) for OSSchedUnlock
    delay.o(i.delay_ostimedly) refers to os_time.o(i.OSTimeDly) for OSTimeDly
    delay.o(i.delay_us) refers to delay.o(i.delay_osschedlock) for delay_osschedlock
    delay.o(i.delay_us) refers to delay.o(i.delay_osschedunlock) for delay_osschedunlock
    delay.o(i.delay_us) refers to delay.o(.data) for fac_us
    sys.o(i.Stm32_Clock_Init) refers to stm32f4xx_hal_rcc.o(i.HAL_RCC_OscConfig) for HAL_RCC_OscConfig
    sys.o(i.Stm32_Clock_Init) refers to stm32f4xx_hal_pwr_ex.o(i.HAL_PWREx_EnableOverDrive) for HAL_PWREx_EnableOverDrive
    sys.o(i.Stm32_Clock_Init) refers to stm32f4xx_hal_rcc.o(i.HAL_RCC_ClockConfig) for HAL_RCC_ClockConfig
    usart.o(i.HAL_UART_RxCpltCallback) refers to main.o(.data) for aRxBuffer_1
    usart.o(i.HAL_UART_RxCpltCallback) refers to main.o(.bss) for Rx_buff_1
    usart.o(i.USART1_IRQHandler) refers to os_core.o(i.OSIntEnter) for OSIntEnter
    usart.o(i.USART1_IRQHandler) refers to stm32f4xx_hal_uart.o(i.HAL_UART_IRQHandler) for HAL_UART_IRQHandler
    usart.o(i.USART1_IRQHandler) refers to stm32f4xx_hal_uart.o(i.HAL_UART_GetState) for HAL_UART_GetState
    usart.o(i.USART1_IRQHandler) refers to stm32f4xx_hal_uart.o(i.HAL_UART_Receive_IT) for HAL_UART_Receive_IT
    usart.o(i.USART1_IRQHandler) refers to os_core.o(i.OSIntExit) for OSIntExit
    usart.o(i.USART1_IRQHandler) refers to main.o(.bss) for huart1
    usart.o(i.USART1_IRQHandler) refers to main.o(.data) for aRxBuffer_1
    usart.o(i.USART2_IRQHandler) refers to os_core.o(i.OSIntEnter) for OSIntEnter
    usart.o(i.USART2_IRQHandler) refers to stm32f4xx_hal_uart.o(i.HAL_UART_IRQHandler) for HAL_UART_IRQHandler
    usart.o(i.USART2_IRQHandler) refers to stm32f4xx_hal_uart.o(i.HAL_UART_GetState) for HAL_UART_GetState
    usart.o(i.USART2_IRQHandler) refers to stm32f4xx_hal_uart.o(i.HAL_UART_Receive_IT) for HAL_UART_Receive_IT
    usart.o(i.USART2_IRQHandler) refers to os_core.o(i.OSIntExit) for OSIntExit
    usart.o(i.USART2_IRQHandler) refers to main.o(.bss) for huart2
    usart.o(i.USART2_IRQHandler) refers to main.o(.data) for aRxBuffer_2
    usart.o(i.USART3_IRQHandler) refers to os_core.o(i.OSIntEnter) for OSIntEnter
    usart.o(i.USART3_IRQHandler) refers to stm32f4xx_hal_uart.o(i.HAL_UART_IRQHandler) for HAL_UART_IRQHandler
    usart.o(i.USART3_IRQHandler) refers to stm32f4xx_hal_uart.o(i.HAL_UART_GetState) for HAL_UART_GetState
    usart.o(i.USART3_IRQHandler) refers to stm32f4xx_hal_uart.o(i.HAL_UART_Receive_IT) for HAL_UART_Receive_IT
    usart.o(i.USART3_IRQHandler) refers to os_core.o(i.OSIntExit) for OSIntExit
    usart.o(i.USART3_IRQHandler) refers to main.o(.bss) for huart3
    usart.o(i.USART3_IRQHandler) refers to main.o(.data) for aRxBuffer_3
    usart.o(i.Uart_Analyse) refers to malloc.o(i.malloc) for malloc
    usart.o(i.Uart_Analyse) refers to main.o(.data) for n
    usart.o(i.Uart_Analyse) refers to main.o(.bss) for Rx_buff_33
    usart.o(i.Uart_Store) refers to usart.o(i.Uart_Analyse) for Uart_Analyse
    usart.o(i.Uart_Store) refers to main.o(.data) for packflag_3
    usart.o(i.Uart_Store) refers to main.o(.bss) for Rx_buff_3
    usart.o(i.Uart_test) refers to printf1.o(i.__0printf$1) for __2printf
    usart.o(i.Uart_test) refers to stm32f4xx_hal_uart.o(i.HAL_UART_Transmit) for HAL_UART_Transmit
    usart.o(i.Uart_test) refers to delay.o(i.delay_ms) for delay_ms
    usart.o(i.Uart_test) refers to main.o(.data) for packflag_2
    usart.o(i.Uart_test) refers to main.o(.bss) for Rx_buff_2
[...]
    _main_clock                              0x080001b5   Thumb Code     0  entry7b.o(.ARM.Collect$$$$00000008)
    _main_cpp_init                           0x080001b5   Thumb Code     0  entry8b.o(.ARM.Collect$$$$0000000A)
    _main_init                               0x080001b5   Thumb Code     0  entry9a.o(.ARM.Collect$$$$0000000B)
    __rt_final_cpp                           0x080001bd   Thumb Code     0  entry10a.o(.ARM.Collect$$$$0000000D)
    __rt_final_exit                          0x080001bd   Thumb Code     0  entry11a.o(.ARM.Collect$$$$0000000F)
    CPU_IntDis                               0x080001c1   Thumb Code     0  cpu_a.o(.text)
    CPU_IntEn                                0x080001c5   Thumb Code     0  cpu_a.o(.text)
    CPU_SR_Save                              0x080001c9   Thumb Code     0  cpu_a.o(.text)
    CPU_SR_Restore                           0x080001d1   Thumb Code     0  cpu_a.o(.text)
    CPU_WaitForInt                           0x080001d7   Thumb Code     0  cpu_a.o(.text)
    CPU_WaitForExcept                        0x080001db   Thumb Code     0  cpu_a.o(.text)
    CPU_CntLeadZeros                         0x080001df   Thumb Code     0  cpu_a.o(.text)
    CPU_CntTrailZeros                        0x080001e5   Thumb Code     0  cpu_a.o(.text)
    CPU_RevBits                              0x080001ef   Thumb Code     0  cpu_a.o(.text)
    Reset_Handler                            0x080001f5   Thumb Code    36  startup_stm32f429xx.o(.text)
    CAN1_RX0_IRQHandler                      0x0800022b   Thumb Code     0  startup_stm32f429xx.o(.text)
    CAN1_RX1_IRQHandler                      0x0800022b   Thumb Code     0  startup_stm32f429xx.o(.text)
    CAN1_SCE_IRQHandler                      0x0800022b   Thumb Code     0  startup_stm32f429xx.o(.text)
    CAN1_TX_IRQHandler                       0x0800022b   Thumb Code     0  startup_stm32f429xx.o(.text)
    CAN2_RX0_IRQHandler                      0x0800022b   Thumb Code     0  startup_stm32f429xx.o(.text)
    CAN2_RX1_IRQHandler                      0x0800022b   Thumb Code     0  startup_stm32f429xx.o(.text)
    CAN2_SCE_IRQHandler                      0x0800022b   Thumb Code     0  startup_stm32f429xx.o(.text)
    CAN2_TX_IRQHandler                       0x0800022b   Thumb Code     0  startup_stm32f429xx.o(.text)
    DCMI_IRQHandler                          0x0800022b   Thumb Code     0  startup_stm32f429xx.o(.text)
    DMA1_Stream0_IRQHandler                  0x0800022b   Thumb Code     0  startup_stm32f429xx.o(.text)
    DMA1_Stream1_IRQHandler                  0x0800022b   Thumb Code     0  startup_stm32f429xx.o(.text)
    DMA1_Stream2_IRQHandler                  0x0800022b   Thumb Code     0  startup_stm32f429xx.o(.text)
    DMA1_Stream3_IRQHandler                  0x0800022b   Thumb Code     0  startup_stm32f429xx.o(.text)
    DMA1_Stream4_IRQHandler                  0x0800022b   Thumb Code     0  startup_stm32f429xx.o(.text)
    DMA1_Stream5_IRQHandler                  0x0800022b   Thumb Code     0  startup_stm32f429xx.o(.text)
    DMA1_Stream6_IRQHandler                  0x0800022b   Thumb Code     0  startup_stm32f429xx.o(.text)
    DMA1_Stream7_IRQHandler                  0x0800022b   Thumb Code     0  startup_stm32f429xx.o(.text)
    DMA2D_IRQHandler                         0x0800022b   Thumb Code     0  startup_stm32f429xx.o(.text)
    DMA2_Stream1_IRQHandler                  0x0800022b   Thumb Code     0  startup_stm32f429xx.o(.text)
    DMA2_Stream2_IRQHandler                  0x0800022b   Thumb Code     0  startup_stm32f429xx.o(.text)
    DMA2_Stream3_IRQHandler                  0x0800022b   Thumb Code     0  startup_stm32f429xx.o(.text)
    DMA2_Stream4_IRQHandler                  0x0800022b   Thumb Code     0  startup_stm32f429xx.o(.text)
    DMA2_Stream5_IRQHandler                  0x0800022b   Thumb Code     0  startup_stm32f429xx.o(.text)
    DMA2_Stream6_IRQHandler                  0x0800022b   Thumb Code     0  startup_stm32f429xx.o(.text)
    DMA2_Stream7_IRQHandler                  0x0800022b   Thumb Code     0  startup_stm32f429xx.o(.text)
    ETH_IRQHandler                           0x0800022b   Thumb Code     0  startup_stm32f429xx.o(.text)
    ETH_WKUP_IRQHandler                      0x0800022b   Thumb Code     0  startup_stm32f429xx.o(.text)
    EXTI0_IRQHandler                         0x0800022b   Thumb Code     0  startup_stm32f429xx.o(.text)
    EXTI15_10_IRQHandler                     0x0800022b   Thumb Code     0  startup_stm32f429xx.o(.text)
    EXTI1_IRQHandler                         0x0800022b   Thumb Code     0  startup_stm32f429xx.o(.text)
    EXTI2_IRQHandler                         0x0800022b   Thumb Code     0  startup_stm32f429xx.o(.text)
    EXTI3_IRQHandler                         0x0800022b   Thumb Code     0  startup_stm32f429xx.o(.text)
    EXTI4_IRQHandler                         0x0800022b   Thumb Code     0  startup_stm32f429xx.o(.text)
    EXTI9_5_IRQHandler                       0x0800022b   Thumb Code     0  startup_stm32f429xx.o(.text)
    FLASH_IRQHandler                         0x0800022b   Thumb Code     0  startup_stm32f429xx.o(.text)
    FMC_IRQHandler                           0x0800022b   Thumb Code     0  startup_stm32f429xx.o(.text)
    FPU_IRQHandler                           0x0800022b   Thumb Code     0  startup_stm32f429xx.o(.text)
    HASH_RNG_IRQHandler                      0x0800022b   Thumb Code     0  startup_stm32f429xx.o(.text)
    I2C1_ER_IRQHandler                       0x0800022b   Thumb Code     0  startup_stm32f429xx.o(.text)
    I2C1_EV_IRQHandler                       0x0800022b   Thumb Code     0  startup_stm32f429xx.o(.text)
    I2C2_ER_IRQHandler                       0x0800022b   Thumb Code     0  startup_stm32f429xx.o(.text)
    I2C2_EV_IRQHandler                       0x0800022b   Thumb Code     0  startup_stm32f429xx.o(.text)
    I2C3_ER_IRQHandler                       0x0800022b   Thumb Code     0  startup_stm32f429xx.o(.text)
    I2C3_EV_IRQHandler                       0x0800022b   Thumb Code     0  startup_stm32f429xx.o(.text)
    LTDC_ER_IRQHandler                       0x0800022b   Thumb Code     0  startup_stm32f429xx.o(.text)
    LTDC_IRQHandler                          0x0800022b   Thumb Code     0  startup_stm32f429xx.o(.text)
    OTG_FS_IRQHandler                        0x0800022b   Thumb Code     0  startup_stm32f429xx.o(.text)
    OTG_FS_WKUP_IRQHandler                   0x0800022b   Thumb Code     0  startup_stm32f429xx.o(.text)
    OTG_HS_EP1_IN_IRQHandler                 0x0800022b   Thumb Code     0  startup_stm32f429xx.o(.text)
    OTG_HS_EP1_OUT_IRQHandler                0x0800022b   Thumb Code     0  startup_stm32f429xx.o(.text)
    OTG_HS_IRQHandler                        0x0800022b   Thumb Code     0  startup_stm32f429xx.o(.text)
    OTG_HS_WKUP_IRQHandler                   0x0800022b   Thumb Code     0  startup_stm32f429xx.o(.text)
    PVD_IRQHandler                           0x0800022b   Thumb Code     0  startup_stm32f429xx.o(.text)
    RCC_IRQHandler                           0x0800022b   Thumb Code     0  startup_stm32f429xx.o(.text)
    RTC_Alarm_IRQHandler                     0x0800022b   Thumb Code     0  startup_stm32f429xx.o(.text)
    RTC_WKUP_IRQHandler                      0x0800022b   Thumb Code     0  startup_stm32f429xx.o(.text)
    SAI1_IRQHandler                          0x0800022b   Thumb Code     0  startup_stm32f429xx.o(.text)
    SDIO_IRQHandler                          0x0800022b   Thumb Code     0  startup_stm32f429xx.o(.text)
    SPI1_IRQHandler                          0x0800022b   Thumb Code     0  startup_stm32f429xx.o(.text)
    SPI2_IRQHandler                          0x0800022b   Thumb Code     0  startup_stm32f429xx.o(.text)
    SPI3_IRQHandler                          0x0800022b   Thumb Code     0  startup_stm32f429xx.o(.text)
    SPI4_IRQHandler                          0x0800022b   Thumb Code     0  startup_stm32f429xx.o(.text)
    SPI5_IRQHandler                          0x0800022b   Thumb Code     0  startup_stm32f429xx.o(.text)
    SPI6_IRQHandler                          0x0800022b   Thumb Code     0  startup_stm32f429xx.o(.text)
    TAMP_STAMP_IRQHandler                    0x0800022b   Thumb Code     0  startup_stm32f429xx.o(.text)
    TIM1_BRK_TIM9_IRQHandler                 0x0800022b   Thumb Code     0  startup_stm32f429xx.o(.text)
    TIM1_CC_IRQHandler                       0x0800022b   Thumb Code     0  startup_stm32f429xx.o(.text)
    TIM1_TRG_COM_TIM11_IRQHandler            0x0800022b   Thumb Code     0  startup_stm32f429xx.o(.text)
    TIM1_UP_TIM10_IRQHandler                 0x0800022b   Thumb Code     0  startup_stm32f429xx.o(.text)
    TIM2_IRQHandler                          0x0800022b   Thumb Code     0  startup_stm32f429xx.o(.text)
    TIM4_IRQHandler                          0x0800022b   Thumb Code     0  startup_stm32f429xx.o(.text)
    TIM5_IRQHandler                          0x0800022b   Thumb Code     0  startup_stm32f429xx.o(.text)
    TIM6_DAC_IRQHandler                      0x0800022b   Thumb Code     0  startup_stm32f429xx.o(.text)
    TIM7_IRQHandler                          0x0800022b   Thumb Code     0  startup_stm32f429xx.o(.text)
    TIM8_BRK_TIM12_IRQHandler                0x0800022b   Thumb Code     0  startup_stm32f429xx.o(.text)
    TIM8_CC_IRQHandler                       0x0800022b   Thumb Code     0  startup_stm32f429xx.o(.text)
    TIM8_TRG_COM_TIM14_IRQHandler            0x0800022b   Thumb Code     0  startup_stm32f429xx.o(.text)
    TIM8_UP_TIM13_IRQHandler                 0x0800022b   Thumb Code     0  startup_stm32f429xx.o(.text)
    UART4_IRQHandler                         0x0800022b   Thumb Code     0  startup_stm32f429xx.o(.text)
    UART5_IRQHandler                         0x0800022b   Thumb Code     0  startup_stm32f429xx.o(.text)
    UART7_IRQHandler                         0x0800022b   Thumb Code     0  startup_stm32f429xx.o(.text)
    UART8_IRQHandler                         0x0800022b   Thumb Code     0  startup_stm32f429xx.o(.text)
    USART6_IRQHandler                        0x0800022b   Thumb Code     0  startup_stm32f429xx.o(.text)
    WWDG_IRQHandler                          0x0800022b   Thumb Code     0  startup_stm32f429xx.o(.text)
    __aeabi_uidiv                            0x08000239   Thumb Code     0  uidiv.o(.text)
    __aeabi_uidivmod                         0x08000239   Thumb Code    44  uidiv.o(.text)
    __scatterload                            0x08000265   Thumb Code    28  init.o(.text)
    __scatterload_rt2                        0x08000265   Thumb Code     0  init.o(.text)
    __decompress                             0x08000289   Thumb Code     0  __dczerorl.o(.text)
    __decompress0                            0x08000289   Thumb Code    58  __dczerorl.o(.text)
    OS_CPU_FP_Reg_Push                       0x080002c5   Thumb Code     0  os_cpu_a.o(CODE)
    OS_CPU_FP_Reg_Pop                        0x080002df   Thumb Code     0  os_cpu_a.o(CODE)
    OSStartHighRdy                           0x080002f1   Thumb Code     0  os_cpu_a.o(CODE)
    OSCtxSw                                  0x08000313   Thumb Code     0  os_cpu_a.o(CODE)
    OSIntCtxSw                               0x0800031d   Thumb Code     0  os_cpu_a.o(CODE)
    PendSV_Handler                           0x08000327   Thumb Code     0  os_cpu_a.o(CODE)
    ADC_Average                              0x08000389   Thumb Code   174  adc_dma.o(i.ADC_Average)
    ADC_IRQHandler                           0x080004cd   Thumb Code    10  stm32f4xx_it.o(i.ADC_IRQHandler)
    AT24CXX_Read                             0x08000655   Thumb Code    34  24cxx.o(i.AT24CXX_Read)
    AT24CXX_ReadOneByte                      0x08000677   Thumb Code    88  24cxx.o(i.AT24CXX_ReadOneByte)
    BSP_CPU_ClkFreq                          0x080006cf   Thumb Code    12  bsp.o(i.BSP_CPU_ClkFreq)
    BusFault_Handler                         0x080006db   Thumb Code     4  stm32f4xx_it.o(i.BusFault_Handler)
    CPU_Init                                 0x080006df   Thumb Code    12  cpu_core.o(i.CPU_Init)
    CPU_NameClr                              0x080006ed   Thumb Code    42  cpu_core.o(i.CPU_NameClr)
    CPU_TS_TmrFreqSet                        0x08000739   Thumb Code     6  cpu_core.o(i.CPU_TS_TmrFreqSet)
    CPU_TS_TmrInit                           0x08000745   Thumb Code    44  bsp.o(i.CPU_TS_TmrInit)
    CPU_TS_TmrRd                             0x08000779   Thumb Code     6  bsp.o(i.CPU_TS_TmrRd)
    DMA2_Stream0_IRQHandler                  0x08000785   Thumb Code    10  stm32f4xx_it.o(i.DMA2_Stream0_IRQHandler)
    DebugMon_Handler                         0x080008af   Thumb Code     2  stm32f4xx_it.o(i.DebugMon_Handler)
    Display                                  0x080008b1   Thumb Code    50  lcd_driver.o(i.Display)
    Eeprom_Read                              0x080008e5   Thumb Code    14  eeprom.o(i.Eeprom_Read)
    Error_Handler                            0x080008f9   Thumb Code     4  sysclock.o(i.Error_Handler)
    HAL_ADCEx_InjectedConvCpltCallback       0x080008fd   Thumb Code     2  stm32f4xx_hal_adc_ex.o(i.HAL_ADCEx_InjectedConvCpltCallback)
    HAL_ADC_ConfigChannel                    0x08000901   Thumb Code   390  stm32f4xx_hal_adc.o(i.HAL_ADC_ConfigChannel)
    HAL_ADC_ConvCpltCallback                 0x08000a9d   Thumb Code     2  stm32f4xx_hal_adc.o(i.HAL_ADC_ConvCpltCallback)
    HAL_ADC_ConvHalfCpltCallback             0x08000a9f   Thumb Code     2  stm32f4xx_hal_adc.o(i.HAL_ADC_ConvHalfCpltCallback)
    HAL_ADC_ErrorCallback                    0x08000aa1   Thumb Code     2  stm32f4xx_hal_adc.o(i.HAL_ADC_ErrorCallback)
    HAL_ADC_IRQHandler                       0x08000aa3   Thumb Code   372  stm32f4xx_hal_adc.o(i.HAL_ADC_IRQHandler)
    HAL_ADC_Init                             0x08000c19   Thumb Code   100  stm32f4xx_hal_adc.o(i.HAL_ADC_Init)
    HAL_ADC_LevelOutOfWindowCallback         0x08000c81   Thumb Code     2  stm32f4xx_hal_adc.o(i.HAL_ADC_LevelOutOfWindowCallback)
    HAL_ADC_MspInit                          0x08000c85   Thumb Code   136  stm32f4xx_hal_msp.o(i.HAL_ADC_MspInit)
    HAL_ADC_Start_DMA                        0x08000d21   Thumb Code   300  stm32f4xx_hal_adc.o(i.HAL_ADC_Start_DMA)
    HAL_DMA_Abort_IT                         0x08000e69   Thumb Code    40  stm32f4xx_hal_dma.o(i.HAL_DMA_Abort_IT)
    HAL_DMA_IRQHandler                       0x08000e91   Thumb Code   574  stm32f4xx_hal_dma.o(i.HAL_DMA_IRQHandler)
    HAL_DMA_Init                             0x080010d9   Thumb Code   228  stm32f4xx_hal_dma.o(i.HAL_DMA_Init)
    HAL_DMA_Start_IT                         0x080011c1   Thumb Code   158  stm32f4xx_hal_dma.o(i.HAL_DMA_Start_IT)
    HAL_GPIO_Init                            0x08001261   Thumb Code   486  stm32f4xx_hal_gpio.o(i.HAL_GPIO_Init)
    HAL_GPIO_WritePin                        0x0800147d   Thumb Code    12  stm32f4xx_hal_gpio.o(i.HAL_GPIO_WritePin)
    HAL_GetTick                              0x08001489   Thumb Code     6  stm32f4xx_hal.o(i.HAL_GetTick)
    HAL_IncTick                              0x08001495   Thumb Code    12  stm32f4xx_hal.o(i.HAL_IncTick)
    HAL_Init                                 0x080014a5   Thumb Code    54  stm32f4xx_hal.o(i.HAL_Init)
    HAL_InitTick                             0x080014e1   Thumb Code    36  stm32f4xx_hal.o(i.HAL_InitTick)
    HAL_MspInit                              0x08001509   Thumb Code    86  stm32f4xx_hal_msp.o(i.HAL_MspInit)
    HAL_NVIC_EnableIRQ                       0x0800155f   Thumb Code    26  stm32f4xx_hal_cortex.o(i.HAL_NVIC_EnableIRQ)
    HAL_NVIC_SetPriority                     0x08001579   Thumb Code   124  stm32f4xx_hal_cortex.o(i.HAL_NVIC_SetPriority)
    HAL_NVIC_SetPriorityGrouping             0x080015f5   Thumb Code    32  stm32f4xx_hal_cortex.o(i.HAL_NVIC_SetPriorityGrouping)
    HAL_PWREx_EnableOverDrive                0x0800161d   Thumb Code   152  stm32f4xx_hal_pwr_ex.o(i.HAL_PWREx_EnableOverDrive)
    HAL_RCC_ClockConfig                      0x080016c1   Thumb Code   446  stm32f4xx_hal_rcc.o(i.HAL_RCC_ClockConfig)
    HAL_RCC_GetHCLKFreq                      0x08001891   Thumb Code     6  stm32f4xx_hal_rcc.o(i.HAL_RCC_GetHCLKFreq)
    HAL_RCC_GetPCLK1Freq                     0x0800189d   Thumb Code    36  stm32f4xx_hal_rcc.o(i.HAL_RCC_GetPCLK1Freq)
    HAL_RCC_GetPCLK2Freq                     0x080018c9   Thumb Code    36  stm32f4xx_hal_rcc.o(i.HAL_RCC_GetPCLK2Freq)
    HAL_RCC_GetSysClockFreq                  0x080018f5   Thumb Code   168  stm32f4xx_hal_rcc.o(i.HAL_RCC_GetSysClockFreq)
    HAL_RCC_OscConfig                        0x080019a9   Thumb Code   906  stm32f4xx_hal_rcc.o(i.HAL_RCC_OscConfig)
    HAL_SYSTICK_CLKSourceConfig              0x08001d45   Thumb Code    40  stm32f4xx_hal_cortex.o(i.HAL_SYSTICK_CLKSourceConfig)
    HAL_SYSTICK_Config                       0x08001d6d   Thumb Code    52  stm32f4xx_hal_cortex.o(i.HAL_SYSTICK_Config)
    HAL_TIMEx_BreakCallback                  0x08001da1   Thumb Code     2  stm32f4xx_hal_tim_ex.o(i.HAL_TIMEx_BreakCallback)
    HAL_TIMEx_CommutationCallback            0x08001da3   Thumb Code     2  stm32f4xx_hal_tim_ex.o(i.HAL_TIMEx_CommutationCallback)
    HAL_TIM_Base_Start_IT                    0x08001da5   Thumb Code    30  stm32f4xx_hal_tim.o(i.HAL_TIM_Base_Start_IT)
    HAL_TIM_IC_CaptureCallback               0x08001dc3   Thumb Code     2  stm32f4xx_hal_tim.o(i.HAL_TIM_IC_CaptureCallback)
    HAL_TIM_IRQHandler                       0x08001dc5   Thumb Code   406  stm32f4xx_hal_tim.o(i.HAL_TIM_IRQHandler)
    HAL_TIM_OC_DelayElapsedCallback          0x08001f5b   Thumb Code     2  stm32f4xx_hal_tim.o(i.HAL_TIM_OC_DelayElapsedCallback)
    HAL_TIM_PWM_PulseFinishedCallback        0x08001f5d   Thumb Code     2  stm32f4xx_hal_tim.o(i.HAL_TIM_PWM_PulseFinishedCallback)
    HAL_TIM_PWM_Start                        0x08001f61   Thumb Code    68  stm32f4xx_hal_tim.o(i.HAL_TIM_PWM_Start)
    HAL_TIM_PeriodElapsedCallback            0x08001fad   Thumb Code    34  timer3.o(i.HAL_TIM_PeriodElapsedCallback)
    HAL_TIM_TriggerCallback                  0x08001fd9   Thumb Code     2  stm32f4xx_hal_tim.o(i.HAL_TIM_TriggerCallback)
    HAL_UART_ErrorCallback                   0x08001fdb   Thumb Code     2  stm32f4xx_hal_uart.o(i.HAL_UART_ErrorCallback)
    HAL_UART_GetState                        0x08001fdd   Thumb Code    20  stm32f4xx_hal_uart.o(i.HAL_UART_GetState)
    HAL_UART_IRQHandler                      0x08001ff1   Thumb Code   326  stm32f4xx_hal_uart.o(i.HAL_UART_IRQHandler)
    HAL_UART_Init                            0x0800213d   Thumb Code   114  stm32f4xx_hal_uart.o(i.HAL_UART_Init)
    HAL_UART_MspInit                         0x080021b1   Thumb Code   258  stm32f4xx_hal_msp.o(i.HAL_UART_MspInit)
    HAL_UART_Receive_IT                      0x080022cd   Thumb Code   100  stm32f4xx_hal_uart.o(i.HAL_UART_Receive_IT)
    HAL_UART_RxCpltCallback                  0x08002331   Thumb Code   310  usart.o(i.HAL_UART_RxCpltCallback)
    HAL_UART_Transmit                        0x080024b1   Thumb Code   214  stm32f4xx_hal_uart.o(i.HAL_UART_Transmit)
    HAL_UART_TxCpltCallback                  0x08002587   Thumb Code     2  stm32f4xx_hal_uart.o(i.HAL_UART_TxCpltCallback)
    HardFault_Handler                        0x08002589   Thumb Code     4  stm32f4xx_it.o(i.HardFault_Handler)
    IIC_Ack                                  0x0800258d   Thumb Code    66  myiic_1.o(i.IIC_Ack)
    IIC_Ack_2                                0x080025dd   Thumb Code    66  myiic2.o(i.IIC_Ack_2)
    IIC_Init                                 0x0800262d   Thumb Code    76  myiic_1.o(i.IIC_Init)
    IIC_Init_2                               0x08002689   Thumb Code    74  myiic2.o(i.IIC_Init_2)
    IIC_NAck                                 0x080026e5   Thumb Code    66  myiic_1.o(i.IIC_NAck)
    IIC_NAck_2                               0x08002735   Thumb Code    66  myiic2.o(i.IIC_NAck_2)
    IIC_Read_Byte                            0x08002785   Thumb Code    94  myiic_1.o(i.IIC_Read_Byte)
    IIC_Read_Byte_2                          0x080027f1   Thumb Code    94  myiic2.o(i.IIC_Read_Byte_2)
    IIC_Send_Byte                            0x0800285d   Thumb Code    90  myiic_1.o(i.IIC_Send_Byte)
    IIC_Send_Byte_2                          0x080028c5   Thumb Code    98  myiic2.o(i.IIC_Send_Byte_2)
    IIC_Start                                0x08002935   Thumb Code    64  myiic_1.o(i.IIC_Start)
    IIC_Start_2                              0x08002981   Thumb Code    64  myiic2.o(i.IIC_Start_2)
    IIC_Stop                                 0x080029cd   Thumb Code    62  myiic_1.o(i.IIC_Stop)
    IIC_Stop_2                               0x08002a19   Thumb Code    68  myiic2.o(i.IIC_Stop_2)
    IIC_Wait_Ack                             0x08002a69   Thumb Code    82  myiic_1.o(i.IIC_Wait_Ack)
    IIC_Wait_Ack_2                           0x08002ac9   Thumb Code    86  myiic2.o(i.IIC_Wait_Ack_2)
    KS103_ReadOneByte                        0x08002b2d   Thumb Code    70  ks103.o(i.KS103_ReadOneByte)
    KS103_WriteOneByte                       0x08002b73   Thumb Code    54  ks103.o(i.KS103_WriteOneByte)
    LCD_Write                                0x08002ba9   Thumb Code   134  lcd_driver.o(i.LCD_Write)
    LCD_init                                 0x08002c35   Thumb Code   130  lcd_driver.o(i.LCD_init)
    MX_ADC1_Init                             0x08002cc1   Thumb Code    80  adc_dma.o(i.MX_ADC1_Init)
    MX_DMA_Init                              0x08002d19   Thumb Code    36  adc_dma.o(i.MX_DMA_Init)
    MX_GPIO_Init                             0x08002d41   Thumb Code   594  gpio_init.o(i.MX_GPIO_Init)
    MX_NVIC_Init                             0x08002fb5   Thumb Code   122  adc_dma.o(i.MX_NVIC_Init)
    MX_USART3_UART_Init                      0x08003041   Thumb Code    56  uart_init.o(i.MX_USART3_UART_Init)
    MemManage_Handler                        0x08003085   Thumb Code     4  stm32f4xx_it.o(i.MemManage_Handler)
    Mem_Clr                                  0x08003089   Thumb Code    18  lib_mem.o(i.Mem_Clr)
    Mem_Set                                  0x0800309b   Thumb Code    84  lib_mem.o(i.Mem_Set)
    NMI_Handler                              0x080030ef   Thumb Code     2  stm32f4xx_it.o(i.NMI_Handler)
    OSCfg_Init                               0x08003129   Thumb Code     2  os_cfg_app.o(i.OSCfg_Init)
    OSIdleTaskHook                           0x0800312d   Thumb Code    16  os_cpu_c.o(i.OSIdleTaskHook)
    OSInit                                   0x08003141   Thumb Code   270  os_core.o(i.OSInit)
    OSInitHook                               0x080032a5   Thumb Code    28  os_cpu_c.o(i.OSInitHook)
    OSIntEnter                               0x080032cd   Thumb Code    34  os_core.o(i.OSIntEnter)
    OSIntExit                                0x080032f9   Thumb Code   188  os_core.o(i.OSIntExit)
    OSMutexCreate                            0x080033d5   Thumb Code   122  os_mutex.o(i.OSMutexCreate)
    OSMutexPend                              0x0800345d   Thumb Code   574  os_mutex.o(i.OSMutexPend)
    OSMutexPost                              0x080036ad   Thumb Code   354  os_mutex.o(i.OSMutexPost)
    OSSched                                  0x08003821   Thumb Code   130  os_core.o(i.OSSched)
    OSSchedLock                              0x080038c1   Thumb Code   104  os_core.o(i.OSSchedLock)
    OSSchedUnlock                            0x08003935   Thumb Code   136  os_core.o(i.OSSchedUnlock)
    OSSemCreate                              0x080039c9   Thumb Code   116  os_sem.o(i.OSSemCreate)
    OSSemPend                                0x08003a49   Thumb Code   406  os_sem.o(i.OSSemPend)
    OSSemPost                                0x08003bf1   Thumb Code   108  os_sem.o(i.OSSemPost)
    OSStart                                  0x08003c61   Thumb Code    78  os_core.o(i.OSStart)
    OSStatReset                              0x08003cc9   Thumb Code   262  os_stat.o(i.OSStatReset)
    OSStatTaskCPUUsageInit                   0x08003df1   Thumb Code   212  os_stat.o(i.OSStatTaskCPUUsageInit)
    OSStatTaskHook                           0x08003ee1   Thumb Code    16  os_cpu_c.o(i.OSStatTaskHook)
    OSTaskCreate                             0x08003ef5   Thumb Code   392  os_task.o(i.OSTaskCreate)
    OSTaskCreateHook                         0x08004091   Thumb Code    20  os_cpu_c.o(i.OSTaskCreateHook)
    OSTaskDel                                0x080040a9   Thumb Code   278  os_task.o(i.OSTaskDel)
    OSTaskDelHook                            0x080041d1   Thumb Code    20  os_cpu_c.o(i.OSTaskDelHook)
    OSTaskResume                             0x080041e9   Thumb Code    96  os_task.o(i.OSTaskResume)
    OSTaskReturnHook                         0x08004251   Thumb Code    20  os_cpu_c.o(i.OSTaskReturnHook)
    OSTaskSemPend                            0x08004269   Thumb Code   464  os_task.o(i.OSTaskSemPend)
    OSTaskSemPost                            0x08004445   Thumb Code    62  os_task.o(i.OSTaskSemPost)
    OSTaskStkChk                             0x08004485   Thumb Code   204  os_task.o(i.OSTaskStkChk)
    OSTaskStkInit                            0x08004559   Thumb Code   600  os_cpu_c.o(i.OSTaskStkInit)
    OSTaskSuspend                            0x0800481d   Thumb Code    48  os_task.o(i.OSTaskSuspend)
    OSTaskSwHook                             0x08004855   Thumb Code   168  os_cpu_c.o(i.OSTaskSwHook)
    OSTimeDly                                0x0800490d   Thumb Code   172  os_time.o(i.OSTimeDly)
    OSTimeTick                               0x080049c5   Thumb Code    50  os_time.o(i.OSTimeTick)
    OSTimeTickHook                           0x08004a09   Thumb Code    16  os_cpu_c.o(i.OSTimeTickHook)
    OS_Dbg_Init                              0x08004a1d   Thumb Code   146  os_dbg.o(i.OS_Dbg_Init)
    OS_FlagInit                              0x08004bc5   Thumb Code    14  os_flag.o(i.OS_FlagInit)
    OS_IdleTask                              0x08004bdd   Thumb Code    58  os_core.o(i.OS_IdleTask)
    OS_IdleTaskInit                          0x08004c21   Thumb Code    66  os_core.o(i.OS_IdleTaskInit)
    OS_MemInit                               0x08004c91   Thumb Code    14  os_mem.o(i.OS_MemInit)
    OS_MsgPoolInit                           0x08004ca9   Thumb Code   110  os_msg.o(i.OS_MsgPoolInit)
    OS_MsgQFreeAll                           0x08004d25   Thumb Code    62  os_msg.o(i.OS_MsgQFreeAll)
    OS_MsgQInit                              0x08004d69   Thumb Code    14  os_msg.o(i.OS_MsgQInit)
    OS_MutexDbgListAdd                       0x08004d79   Thumb Code    38  os_mutex.o(i.OS_MutexDbgListAdd)
    OS_MutexInit                             0x08004da9   Thumb Code    14  os_mutex.o(i.OS_MutexInit)
    OS_Pend                                  0x08004dc1   Thumb Code    98  os_core.o(i.OS_Pend)
    OS_PendDataInit                          0x08004e29   Thumb Code    38  os_core.o(i.OS_PendDataInit)
    OS_PendDbgNameAdd                        0x08004e51   Thumb Code    66  os_core.o(i.OS_PendDbgNameAdd)
    OS_PendDbgNameRemove                     0x08004ead   Thumb Code    30  os_core.o(i.OS_PendDbgNameRemove)
    OS_PendListChangePrio                    0x08004ed1   Thumb Code    70  os_core.o(i.OS_PendListChangePrio)
    OS_PendListInit                          0x08004f17   Thumb Code    10  os_core.o(i.OS_PendListInit)
    OS_PendListInsertPrio                    0x08004f21   Thumb Code   102  os_core.o(i.OS_PendListInsertPrio)
    OS_PendListRemove                        0x08004f87   Thumb Code    48  os_core.o(i.OS_PendListRemove)
    OS_PendListRemove1                       0x08004fb7   Thumb Code    66  os_core.o(i.OS_PendListRemove1)
    OS_Post                                  0x08004ff9   Thumb Code   214  os_core.o(i.OS_Post)
    OS_Post1                                 0x080050cf   Thumb Code    42  os_core.o(i.OS_Post1)
    OS_PrioGetHighest                        0x080050f9   Thumb Code    36  os_prio.o(i.OS_PrioGetHighest)
    OS_PrioInit                              0x08005121   Thumb Code    20  os_prio.o(i.OS_PrioInit)
    OS_PrioInsert                            0x08005139   Thumb Code    32  os_prio.o(i.OS_PrioInsert)
    OS_PrioRemove                            0x0800515d   Thumb Code    32  os_prio.o(i.OS_PrioRemove)
    OS_QInit                                 0x08005181   Thumb Code    14  os_q.o(i.OS_QInit)
    OS_RdyListInit                           0x08005199   Thumb Code    32  os_core.o(i.OS_RdyListInit)
    OS_RdyListInsert                         0x080051bd   Thumb Code    40  os_core.o(i.OS_RdyListInsert)
    OS_RdyListInsertHead                     0x080051e9   Thumb Code    58  os_core.o(i.OS_RdyListInsertHead)
    OS_RdyListInsertTail                     0x08005229   Thumb Code    56  os_core.o(i.OS_RdyListInsertTail)
    OS_RdyListRemove                         0x08005265   Thumb Code    86  os_core.o(i.OS_RdyListRemove)
    OS_SchedLockTimeMeasStart                0x080052c1   Thumb Code    20  os_core.o(i.OS_SchedLockTimeMeasStart)
    OS_SchedLockTimeMeasStop                 0x080052dd   Thumb Code    44  os_core.o(i.OS_SchedLockTimeMeasStop)
    OS_SemDbgListAdd                         0x08005319   Thumb Code    38  os_sem.o(i.OS_SemDbgListAdd)
    OS_SemInit                               0x08005349   Thumb Code    14  os_sem.o(i.OS_SemInit)
    OS_SemPost                               0x08005361   Thumb Code   294  os_sem.o(i.OS_SemPost)
    OS_StatTask                              0x08005489   Thumb Code   684  os_stat.o(i.OS_StatTask)
    OS_StatTaskInit                          0x08005771   Thumb Code   136  os_stat.o(i.OS_StatTaskInit)
    OS_TaskBlock                             0x0800583d   Thumb Code    40  os_core.o(i.OS_TaskBlock)
    OS_TaskDbgListAdd                        0x08005869   Thumb Code    42  os_task.o(i.OS_TaskDbgListAdd)
    OS_TaskDbgListRemove                     0x08005899   Thumb Code    64  os_task.o(i.OS_TaskDbgListRemove)
    OS_TaskInit                              0x080058dd   Thumb Code    18  os_task.o(i.OS_TaskInit)
    OS_TaskInitTCB                           0x080058fd   Thumb Code   166  os_task.o(i.OS_TaskInitTCB)
    OS_TaskResume                            0x080059b1   Thumb Code   256  os_task.o(i.OS_TaskResume)
    OS_TaskReturn                            0x08005ab1   Thumb Code    20  os_task.o(i.OS_TaskReturn)
    OS_TaskSemPost                           0x08005ac9   Thumb Code   448  os_task.o(i.OS_TaskSemPost)
    OS_TaskSuspend                           0x08005c8d   Thumb Code   272  os_task.o(i.OS_TaskSuspend)
    OS_TickListInsert                        0x08005da5   Thumb Code   134  os_tick.o(i.OS_TickListInsert)
    OS_TickListInsertDly                     0x08005e2d   Thumb Code   180  os_tick.o(i.OS_TickListInsertDly)
    OS_TickListRemove                        0x08005ee9   Thumb Code    88  os_tick.o(i.OS_TickListRemove)
    OS_TickListResetPeak                     0x08005f41   Thumb Code     2  os_tick.o(i.OS_TickListResetPeak)
    OS_TickTask                              0x080060b1   Thumb Code    98  os_tick.o(i.OS_TickTask)
    OS_TickTaskInit                          0x08006121   Thumb Code   140  os_tick.o(i.OS_TickTaskInit)
    OS_TmrInit                               0x080061e9   Thumb Code   200  os_tmr.o(i.OS_TmrInit)
    OS_TmrResetPeak                          0x08006335   Thumb Code     2  os_tmr.o(i.OS_TmrResetPeak)
    OS_TmrTask                               0x08006339   Thumb Code   134  os_tmr.o(i.OS_TmrTask)
    OS_TmrUnlink                             0x080063cd   Thumb Code    58  os_tmr.o(i.OS_TmrUnlink)
    SVC_Handler                              0x08006425   Thumb Code     2  stm32f4xx_it.o(i.SVC_Handler)
    Send_Id                                  0x08006429   Thumb Code    46  eeprom.o(i.Send_Id)
    Show_Static                              0x08006469   Thumb Code    48  lcd_driver.o(i.Show_Static)
    SysTick_Handler                          0x080064c1   Thumb Code    28  delay.o(i.SysTick_Handler)
    SystemClock_Config                       0x080064e1   Thumb Code   198  sysclock.o(i.SystemClock_Config)
    SystemInit                               0x080065b1   Thumb Code    82  system_stm32f4xx.o(i.SystemInit)
    TIM3_IRQHandler                          0x08006615   Thumb Code    10  stm32f4xx_it.o(i.TIM3_IRQHandler)
    TIM_CCxChannelCmd                        0x08006625   Thumb Code    28  stm32f4xx_hal_tim.o(i.TIM_CCxChannelCmd)
    USART1_IRQHandler                        0x08006b6d   Thumb Code    64  usart.o(i.USART1_IRQHandler)
    USART2_IRQHandler                        0x08006bb5   Thumb Code    64  usart.o(i.USART2_IRQHandler)
    USART3_IRQHandler                        0x08006bfd   Thumb Code    64  usart.o(i.USART3_IRQHandler)
    UsageFault_Handler                       0x08006c45   Thumb Code     4  stm32f4xx_it.o(i.UsageFault_Handler)
    Voltage_Test                             0x08006c49   Thumb Code   184  lcd_driver.o(i.Voltage_Test)
    Wave_test                                0x08006d19   Thumb Code    76  ks103.o(i.Wave_test)
    __0printf$1                              0x08006d65   Thumb Code    22  printf1.o(i.__0printf$1)
    __1printf$1                              0x08006d65   Thumb Code     0  printf1.o(i.__0printf$1)
    __2printf                                0x08006d65   Thumb Code     0  printf1.o(i.__0printf$1)
    __scatterload_copy                       0x08006d85   Thumb Code    14  handlers.o(i.__scatterload_copy)
    __scatterload_null                       0x08006d93   Thumb Code     2  handlers.o(i.__scatterload_null)
    __scatterload_zeroinit                   0x08006d95   Thumb Code    14  handlers.o(i.__scatterload_zeroinit)
    c2402_task                               0x08006ef9   Thumb Code    58  main.o(i.c2402_task)
    delay_init                               0x08006f35   Thumb Code    74  delay.o(i.delay_init)
    delay_ms                                 0x08006f91   Thumb Code    66  delay.o(i.delay_ms)
    delay_osschedlock                        0x08006fe1   Thumb Code    10  delay.o(i.delay_osschedlock)
    delay_osschedunlock                      0x08006feb   Thumb Code    10  delay.o(i.delay_osschedunlock)
    delay_ostimedly                          0x08006ff5   Thumb Code    16  delay.o(i.delay_ostimedly)
    delay_us                                 0x08007005   Thumb Code    84  delay.o(i.delay_us)
    fputc                                    0x0800705d   Thumb Code    22  main.o(i.fputc)
    free                                     0x08007079   Thumb Code    76  malloc.o(i.free)
    lcd_task                                 0x080070c9   Thumb Code    46  main.o(i.lcd_task)
    led0_task                                0x080070f9   Thumb Code    40  main.o(i.led0_task)
    main                                     0x08007125   Thumb Code   142  main.o(i.main)
    malloc                                   0x080071cd   Thumb Code    92  malloc.o(i.malloc)
    motor_task                               0x08007239   Thumb Code    28  main.o(i.motor_task)
    start_task                               0x0800725d   Thumb Code   302  main.o(i.start_task)
    wave_task                                0x08007415   Thumb Code    42  main.o(i.wave_task)
    OSCfg_IdleTaskStkBasePtr                 0x0800744c   Data           4  os_cfg_app.o(.constdata)
    OSCfg_IdleTaskStkLimit                   0x08007450   Data           4  os_cfg_app.o(.constdata)
    OSCfg_IdleTaskStkSize                    0x08007454   Data           4  os_cfg_app.o(.constdata)
    OSCfg_IdleTaskStkSizeRAM                 0x08007458   Data           4  os_cfg_app.o(.constdata)
    OSCfg_IntQBasePtr                        0x0800745c   Data           4  os_cfg_app.o(.constdata)
    OSCfg_IntQSize                           0x08007460   Data           2  os_cfg_app.o(.constdata)
    OSCfg_IntQSizeRAM                        0x08007464   Data           4  os_cfg_app.o(.constdata)
    OSCfg_IntQTaskStkBasePtr                 0x08007468   Data           4  os_cfg_app.o(.constdata)
    OSCfg_IntQTaskStkLimit                   0x0800746c   Data           4  os_cfg_app.o(.constdata)
    OSCfg_IntQTaskStkSize                    0x08007470   Data           4  os_cfg_app.o(.constdata)
    OSCfg_IntQTaskStkSizeRAM                 0x08007474   Data           4  os_cfg_app.o(.constdata)
    OSCfg_ISRStkBasePtr                      0x08007478   Data           4  os_cfg_app.o(.constdata)
    OSCfg_ISRStkSize                         0x0800747c   Data           4  os_cfg_app.o(.constdata)
    OSCfg_ISRStkSizeRAM                      0x08007480   Data           4  os_cfg_app.o(.constdata)
    OSCfg_MsgPoolSize                        0x08007484   Data           2  os_cfg_app.o(.constdata)
    OSCfg_MsgPoolSizeRAM                     0x08007488   Data           4  os_cfg_app.o(.constdata)
    OSCfg_MsgPoolBasePtr                     0x0800748c   Data           4  os_cfg_app.o(.constdata)
    OSCfg_StatTaskPrio                       0x08007490   Data           1  os_cfg_app.o(.constdata)
    OSCfg_StatTaskRate_Hz                    0x08007494   Data           4  os_cfg_app.o(.constdata)
    OSCfg_StatTaskStkBasePtr                 0x08007498   Data           4  os_cfg_app.o(.constdata)
    OSCfg_StatTaskStkLimit                   0x0800749c   Data           4  os_cfg_app.o(.constdata)
    OSCfg_StatTaskStkSize                    0x080074a0   Data           4  os_cfg_app.o(.constdata)
    OSCfg_StatTaskStkSizeRAM                 0x080074a4   Data           4  os_cfg_app.o(.constdata)
    OSCfg_StkSizeMin                         0x080074a8   Data           4  os_cfg_app.o(.constdata)
    OSCfg_TickRate_Hz                        0x080074ac   Data           4  os_cfg_app.o(.constdata)
    OSCfg_TickTaskPrio                       0x080074b0   Data           1  os_cfg_app.o(.constdata)
    OSCfg_TickTaskStkBasePtr                 0x080074b4   Data           4  os_cfg_app.o(.constdata)
    OSCfg_TickTaskStkLimit                   0x080074b8   Data           4  os_cfg_app.o(.constdata)
    OSCfg_TickTaskStkSize                    0x080074bc   Data           4  os_cfg_app.o(.constdata)
    OSCfg_TickTaskStkSizeRAM                 0x080074c0   Data           4  os_cfg_app.o(.constdata)
    OSCfg_TmrTaskPrio                        0x080074c4   Data           1  os_cfg_app.o(.constdata)
    OSCfg_TmrTaskRate_Hz                     0x080074c8   Data           4  os_cfg_app.o(.constdata)
    OSCfg_TmrTaskStkBasePtr                  0x080074cc   Data           4  os_cfg_app.o(.constdata)
    OSCfg_TmrTaskStkLimit                    0x080074d0   Data           4  os_cfg_app.o(.constdata)
    OSCfg_TmrTaskStkSize                     0x080074d4   Data           4  os_cfg_app.o(.constdata)
    OSCfg_TmrTaskStkSizeRAM                  0x080074d8   Data           4  os_cfg_app.o(.constdata)
    OSCfg_DataSizeRAM                        0x080074dc   Data           4  os_cfg_app.o(.constdata)
    OSDbg_DbgEn                              0x080074e0   Data           1  os_dbg.o(.constdata)
    OSDbg_ArgChkEn                           0x080074e1   Data           1  os_dbg.o(.constdata)
    OSDbg_AppHooksEn                         0x080074e2   Data           1  os_dbg.o(.constdata)
    OSDbg_EndiannessTest                     0x080074e4   Data           4  os_dbg.o(.constdata)
    OSDbg_CalledFromISRChkEn                 0x080074e8   Data           1  os_dbg.o(.constdata)
    OSDbg_FlagEn                             0x080074e9   Data           1  os_dbg.o(.constdata)
    OSDbg_FlagGrp                            0x080074ec   Data          40  os_dbg.o(.constdata)
    OSDbg_FlagDelEn                          0x08007514   Data           1  os_dbg.o(.constdata)
    OSDbg_FlagModeClrEn                      0x08007515   Data           1  os_dbg.o(.constdata)
    OSDbg_FlagPendAbortEn                    0x08007516   Data           1  os_dbg.o(.constdata)
    OSDbg_FlagGrpSize                        0x08007518   Data           2  os_dbg.o(.constdata)
    OSDbg_FlagWidth                          0x0800751a   Data           2  os_dbg.o(.constdata)
    OSDbg_IntQ                               0x0800751c   Data           2  os_dbg.o(.constdata)
    OSDbg_ISRPostDeferredEn                  0x0800751e   Data           1  os_dbg.o(.constdata)
    OSDbg_Mem                                0x08007520   Data          32  os_dbg.o(.constdata)
    OSDbg_MemEn                              0x08007540   Data           1  os_dbg.o(.constdata)
    OSDbg_MemSize                            0x08007542   Data           2  os_dbg.o(.constdata)
    OSDbg_MsgEn                              0x08007544   Data           1  os_dbg.o(.constdata)
    OSDbg_MsgSize                            0x08007546   Data           2  os_dbg.o(.constdata)
    OSDbg_MsgPoolSize                        0x08007548   Data           2  os_dbg.o(.constdata)
    OSDbg_MsgQSize                           0x0800754a   Data           2  os_dbg.o(.constdata)
    OSDbg_Mutex                              0x0800754c   Data          44  os_dbg.o(.constdata)
    OSDbg_MutexEn                            0x08007578   Data           1  os_dbg.o(.constdata)
    OSDbg_MutexDelEn                         0x08007579   Data           1  os_dbg.o(.constdata)
    OSDbg_MutexPendAbortEn                   0x0800757a   Data           1  os_dbg.o(.constdata)
    OSDbg_MutexSize                          0x0800757c   Data           2  os_dbg.o(.constdata)
    OSDbg_ObjTypeChkEn                       0x0800757e   Data           1  os_dbg.o(.constdata)
    OSDbg_PendMultiEn                        0x0800757f   Data           1  os_dbg.o(.constdata)
    OSDbg_PendDataSize                       0x08007580   Data           2  os_dbg.o(.constdata)
    OSDbg_PendListSize                       0x08007582   Data           2  os_dbg.o(.constdata)
    OSDbg_PendObjSize                        0x08007584   Data           2  os_dbg.o(.constdata)
    OSDbg_PrioMax                            0x08007586   Data           2  os_dbg.o(.constdata)
    OSDbg_PrioTblSize                        0x08007588   Data           2  os_dbg.o(.constdata)
    OSDbg_PtrSize                            0x0800758a   Data           2  os_dbg.o(.constdata)
    OSDbg_Q                                  0x0800758c   Data          48  os_dbg.o(.constdata)
    OSDbg_QEn                                0x080075bc   Data           1  os_dbg.o(.constdata)
    OSDbg_QDelEn                             0x080075bd   Data           1  os_dbg.o(.constdata)
    OSDbg_QFlushEn                           0x080075be   Data           1  os_dbg.o(.constdata)
    OSDbg_QPendAbortEn                       0x080075bf   Data           1  os_dbg.o(.constdata)
    OSDbg_QSize                              0x080075c0   Data           2  os_dbg.o(.constdata)
    OSDbg_SchedRoundRobinEn                  0x080075c2   Data           1  os_dbg.o(.constdata)
    OSDbg_Sem                                0x080075c4   Data          40  os_dbg.o(.constdata)
    OSDbg_SemEn                              0x080075ec   Data           1  os_dbg.o(.constdata)
    OSDbg_SemDelEn                           0x080075ed   Data           1  os_dbg.o(.constdata)
    OSDbg_SemPendAbortEn                     0x080075ee   Data           1  os_dbg.o(.constdata)
    OSDbg_SemSetEn                           0x080075ef   Data           1  os_dbg.o(.constdata)
    OSDbg_SemSize                            0x080075f0   Data           2  os_dbg.o(.constdata)
    OSDbg_RdyList                            0x080075f2   Data           2  os_dbg.o(.constdata)
    OSDbg_RdyListSize                        0x080075f4   Data           4  os_dbg.o(.constdata)
    OSDbg_StkWidth                           0x080075f8   Data           1  os_dbg.o(.constdata)
    OSDbg_StatTaskEn                         0x080075f9   Data           1  os_dbg.o(.constdata)
    OSDbg_StatTaskStkChkEn                   0x080075fa   Data           1  os_dbg.o(.constdata)
    OSDbg_TaskChangePrioEn                   0x080075fb   Data           1  os_dbg.o(.constdata)
    OSDbg_TaskDelEn                          0x080075fc   Data           1  os_dbg.o(.constdata)
    OSDbg_TaskQEn                            0x080075fd   Data           1  os_dbg.o(.constdata)
    OSDbg_TaskQPendAbortEn                   0x080075fe   Data           1  os_dbg.o(.constdata)
    OSDbg_TaskProfileEn                      0x080075ff   Data           1  os_dbg.o(.constdata)
    OSDbg_TaskRegTblSize                     0x08007600   Data           2  os_dbg.o(.constdata)
    OSDbg_TaskSemPendAbortEn                 0x08007602   Data           1  os_dbg.o(.constdata)
    OSDbg_TaskSuspendEn                      0x08007603   Data           1  os_dbg.o(.constdata)
    OSDbg_TCBSize                            0x08007604   Data           2  os_dbg.o(.constdata)
    OSDbg_TickListSize                       0x08007606   Data           2  os_dbg.o(.constdata)
    OSDbg_TimeDlyHMSMEn                      0x08007608   Data           1  os_dbg.o(.constdata)
    OSDbg_TimeDlyResumeEn                    0x08007609   Data           1  os_dbg.o(.constdata)
    OSDbg_TLS_TblSize                        0x0800760a   Data           2  os_dbg.o(.constdata)
    OSDbg_Tmr                                0x0800760c   Data          48  os_dbg.o(.constdata)
    OSDbg_TmrEn                              0x0800763c   Data           1  os_dbg.o(.constdata)
    OSDbg_TmrDelEn                           0x0800763d   Data           1  os_dbg.o(.constdata)
    OSDbg_TmrSize                            0x0800763e   Data           2  os_dbg.o(.constdata)
    OSDbg_VersionNbr                         0x08007640   Data           2  os_dbg.o(.constdata)
    OSDbg_DataSize                           0x08007644   Data           4  os_dbg.o(.constdata)
    APBAHBPrescTable                         0x08007650   Data          16  stm32f4xx_hal_rcc.o(.constdata)
    Region$$Table$$Base                      0x08007660   Number         0  anon$$obj.o(Region$$Table)
    Region$$Table$$Limit                     0x08007680   Number         0  anon$$obj.o(Region$$Table)
    SystemCoreClock                          0x20000000   Data           4  system_stm32f4xx.o(.data)
    CPU_TS_TmrFreq_Hz                        0x2000000c   Data           4  cpu_core.o(.data)
    OS_CPU_ExceptStkBase                     0x20000010   Data           4  os_cpu_c.o(.data)
    OSPrioTbl                                0x20000014   Data           8  os_prio.o(.data)
    OS_AppTaskCreateHookPtr                  0x2000001c   Data           4  os_var.o(.data)
    OS_AppTaskDelHookPtr                     0x20000020   Data           4  os_var.o(.data)
    OS_AppTaskReturnHookPtr                  0x20000024   Data           4  os_var.o(.data)
    OS_AppIdleTaskHookPtr                    0x20000028   Data           4  os_var.o(.data)
    OS_AppStatTaskHookPtr                    0x2000002c   Data           4  os_var.o(.data)
    OS_AppTaskSwHookPtr                      0x20000030   Data           4  os_var.o(.data)
    OS_AppTimeTickHookPtr                    0x20000034   Data           4  os_var.o(.data)
    OSIdleTaskCtr                            0x20000038   Data           4  os_var.o(.data)
    OSIntNestingCtr                          0x2000003c   Data           1  os_var.o(.data)
    OSRunning                                0x2000003d   Data           1  os_var.o(.data)
    OSFlagDbgListPtr                         0x20000040   Data           4  os_var.o(.data)
    OSFlagQty                                0x20000044   Data           2  os_var.o(.data)
    OSMemDbgListPtr                          0x20000048   Data           4  os_var.o(.data)
    OSMemQty                                 0x2000004c   Data           2  os_var.o(.data)
    OSMutexDbgListPtr                        0x20000050   Data           4  os_var.o(.data)
    OSMutexQty                               0x20000054   Data           2  os_var.o(.data)
    OSPrioCur                                0x20000056   Data           1  os_var.o(.data)
    OSPrioHighRdy                            0x20000057   Data           1  os_var.o(.data)
    OSPrioSaved                              0x20000058   Data           1  os_var.o(.data)
    OSQDbgListPtr                            0x2000005c   Data           4  os_var.o(.data)
    OSQQty                                   0x20000060   Data           2  os_var.o(.data)
    OSSchedLockTimeBegin                     0x20000064   Data           4  os_var.o(.data)
    OSSchedLockTimeMax                       0x20000068   Data           4  os_var.o(.data)
    OSSchedLockTimeMaxCur                    0x2000006c   Data           4  os_var.o(.data)
    OSSchedLockNestingCtr                    0x20000070   Data           1  os_var.o(.data)
    OSSemDbgListPtr                          0x20000074   Data           4  os_var.o(.data)
    OSSemQty                                 0x20000078   Data           2  os_var.o(.data)
    OSStatResetFlag                          0x2000007a   Data           1  os_var.o(.data)
    OSStatTaskCPUUsage                       0x2000007c   Data           2  os_var.o(.data)
    OSStatTaskCPUUsageMax                    0x2000007e   Data           2  os_var.o(.data)
    OSStatTaskCtr                            0x20000080   Data           4  os_var.o(.data)
    OSStatTaskCtrMax                         0x20000084   Data           4  os_var.o(.data)
    OSStatTaskCtrRun                         0x20000088   Data           4  os_var.o(.data)
    OSStatTaskRdy                            0x2000008c   Data           1  os_var.o(.data)
    OSStatTaskTimeMax                        0x20000090   Data           4  os_var.o(.data)
    OSTaskCtxSwCtr                           0x20000094   Data           4  os_var.o(.data)
    OSTaskDbgListPtr                         0x20000098   Data           4  os_var.o(.data)
    OSTaskQty                                0x2000009c   Data           2  os_var.o(.data)
    OSTaskRegNextAvailID                     0x2000009e   Data           1  os_var.o(.data)
    OSTickCtr                                0x200000a0   Data           4  os_var.o(.data)
    OSTickTaskTimeMax                        0x200000a4   Data           4  os_var.o(.data)
    OSTickListDly                            0x200000a8   Data           8  os_var.o(.data)
    OSTickListTimeout                        0x200000b0   Data           8  os_var.o(.data)
    OSTmrDbgListPtr                          0x200000b8   Data           4  os_var.o(.data)
    OSTmrListEntries                         0x200000bc   Data           2  os_var.o(.data)
    OSTmrListPtr                             0x200000c0   Data           4  os_var.o(.data)
    OSTmrQty                                 0x200000c4   Data           2  os_var.o(.data)
    OSTmrTaskTimeMax                         0x200000c8   Data           4  os_var.o(.data)
    OSTmrTickCtr                             0x200000cc   Data           4  os_var.o(.data)
    OSTmrUpdateCnt                           0x200000d0   Data           4  os_var.o(.data)
    OSTmrUpdateCtr                           0x200000d4   Data           4  os_var.o(.data)
    OSTCBCurPtr                              0x200000d8   Data           4  os_var.o(.data)
    OSTCBHighRdyPtr                          0x200000dc   Data           4  os_var.o(.data)
    uwTick                                   0x200000e0   Data           4  stm32f4xx_hal.o(.data)
    USART_RX_STA_1                           0x200000e4   Data           2  main.o(.data)
    Track_buff                               0x200000e8   Data           4  main.o(.data)
    aRxBuffer_1                              0x200000ec   Data           1  main.o(.data)
    USART_RX_STA_2                           0x200000ee   Data           2  main.o(.data)
    aRxBuffer_2                              0x200000f0   Data           1  main.o(.data)
    USART_RX_STA_3                           0x200000f2   Data           2  main.o(.data)
    aRxBuffer_3                              0x200000f4   Data           1  main.o(.data)
    len                                      0x200000f5   Data           1  main.o(.data)
    times                                    0x200000f6   Data           2  main.o(.data)
    tim3_flag                                0x200000f8   Data           4  main.o(.data)
    wave_watch                               0x200000fc   Data           4  main.o(.data)
    flag_usart_1                             0x20000100   Data           2  main.o(.data)
    packflag_1                               0x20000102   Data           2  main.o(.data)
    flag_usart_2                             0x20000104   Data           2  main.o(.data)
    packflag_2                               0x20000106   Data           2  main.o(.data)
    flag_usart_3                             0x20000108   Data           2  main.o(.data)
    packflag_3                               0x2000010a   Data           2  main.o(.data)
    tim13_val                                0x2000010c   Data           4  main.o(.data)
    tim14_val                                0x20000110   Data           4  main.o(.data)
    n                                        0x20000114   Data           2  main.o(.data)
    range                                    0x20000116   Data           4  main.o(.data)
    only_one                                 0x2000011c   Data           8  main.o(.data)
    ptr                                      0x20000124   Data           6  main.o(.data)
    Temp                                     0x2000012c   Data           4  main.o(.data)
    shuzi                                    0x20000130   Data          13  main.o(.data)
    Obj                                      0x2000013d   Data           4  main.o(.data)
    Tra                                      0x20000141   Data           4  main.o(.data)
    Tsk                                      0x20000145   Data           4  main.o(.data)
    Loc                                      0x20000149   Data           4  main.o(.data)
    Fw                                       0x2000014d   Data           3  main.o(.data)
    Bk                                       0x20000150   Data           3  main.o(.data)
    Rk                                       0x20000153   Data           3  main.o(.data)
    GG                                       0x20000156   Data           1  main.o(.data)
    Rm                                       0x20000157   Data           3  main.o(.data)
    Bm                                       0x2000015a   Data           3  main.o(.data)
    Wt                                       0x2000015d   Data           3  main.o(.data)
    Id                                       0x20000160   Data           3  main.o(.data)
    Read_Id                                  0x20000163   Data           3  main.o(.data)
    Read_Rfid                                0x20000166   Data           4  main.o(.data)
    Read_cmd                                 0x2000016a   Data          11  main.o(.data)
    Find_cmd                                 0x20000175   Data           4  main.o(.data)
    Stop_cmd                                 0x20000179   Data           4  main.o(.data)
    data_rec_flag                            0x2000017d   Data           1  main.o(.data)
    Command_State                            0x2000017e   Data           1  main.o(.data)
    Motor_Status                             0x2000017f   Data           1  main.o(.data)
    __stdout                                 0x20000180   Data           4  stdout.o(.data)
    __microlib_freelist                      0x20000184   Data           4  mvars.o(.data)
    __microlib_freelist_initialised          0x20000188   Data           4  mvars.o(.data)
    CPU_Name                                 0x2000018c   Data          16  cpu_core.o(.bss)
    OSCfg_IdleTaskStk                        0x2000019c   Data         512  os_cfg_app.o(.bss)
    OSCfg_ISRStk                             0x2000039c   Data         512  os_cfg_app.o(.bss)
    OSCfg_MsgPool                            0x2000059c   Data        1600  os_cfg_app.o(.bss)
    OSCfg_StatTaskStk                        0x20000bdc   Data         512  os_cfg_app.o(.bss)
    OSCfg_TickTaskStk                        0x20000ddc   Data         512  os_cfg_app.o(.bss)
    OSCfg_TmrTaskStk                         0x20000fdc   Data         512  os_cfg_app.o(.bss)
    OSIdleTaskTCB                            0x200011dc   Data         184  os_var.o(.bss)
    OSMsgPool                                0x20001294   Data          12  os_var.o(.bss)
    OSRdyList                                0x200012a0   Data         768  os_var.o(.bss)
    OSStatTaskTCB                            0x200015a0   Data         184  os_var.o(.bss)
    OSTickTaskTCB                            0x20001658   Data         184  os_var.o(.bss)
    OSTmrMutex                               0x20001710   Data          44  os_var.o(.bss)
    OSTmrTaskTCB                             0x2000173c   Data         184  os_var.o(.bss)
    Rx_buff_22                               0x200017f4   Data         200  main.o(.bss)
    Rx_buff_1                                0x200018bc   Data         200  main.o(.bss)
    Rx_buff_33                               0x20001984   Data         200  main.o(.bss)
    Rx_buff_2                                0x20001a4c   Data         200  main.o(.bss)
    Rx_buff_3                                0x20001b14   Data         200  main.o(.bss)
    huart1                                   0x20001bdc   Data          64  main.o(.bss)
    huart2                                   0x20001c1c   Data          64  main.o(.bss)
    huart3                                   0x20001c5c   Data          64  main.o(.bss)
    htim13                                   0x20001c9c   Data          60  main.o(.bss)
    htim14                                   0x20001cd8   Data          60  main.o(.bss)
    htim3                                    0x20001d14   Data          60  main.o(.bss)
    hadc1                                    0x20001d50   Data          72  main.o(.bss)
    hdma_adc1                                0x20001d98   Data          96  main.o(.bss)
    uhADCxConvertedValue2                    0x20001df8   Data         200  main.o(.bss)
    StartTaskTCB                             0x20001ec0   Data         184  main.o(.bss)
    START_TASK_STK                           0x20001f78   Data        2048  main.o(.bss)
    Led0TaskTCB                              0x20002778   Data         184  main.o(.bss)
    LED0_TASK_STK                            0x20002830   Data         512  main.o(.bss)
    WAVETaskTCB                              0x20002a30   Data         184  main.o(.bss)
    WAVE_TASK_STK                            0x20002ae8   Data         512  main.o(.bss)
    LCDTaskTCB                               0x20002ce8   Data         184  main.o(.bss)
    LCD_TASK_STK                             0x20002da0   Data         512  main.o(.bss)
    MOTORTaskTCB                             0x20002fa0   Data         184  main.o(.bss)
    MOTOR_TASK_STK                           0x20003058   Data         512  main.o(.bss)
    C2402TaskTCB                             0x20003258   Data         184  main.o(.bss)
    C2402_TASK_STK                           0x20003310   Data         512  main.o(.bss)
    wave_sem                                 0x20003510   Data          40  main.o(.bss)
    __heap_base                              0x20003538   Data           0  startup_stm32f429xx.o(HEAP)
    __heap_limit                             0x20003738   Data           0  startup_stm32f429xx.o(HEAP)
    __initial_sp                             0x20003b38   Data           0  startup_stm32f429xx.o(STACK)



==============================================================================

Memory Map of the image

  Image Entry point : 0x080001ad

  Load Region LR_IROM1 (Base: 0x08000000, Size: 0x0000780c, Max: 0x00100000, ABSOLUTE, COMPRESSED[0x000076dc])

    Execution Region ER_IROM1 (Base: 0x08000000, Size: 0x00007680, Max: 0x00100000, ABSOLUTE)

    Base Addr    Size         Type   Attr      Idx    E Section Name        Object

    0x08000000   0x000001ac   Data   RO         2904    RESET               startup_stm32f429xx.o
    0x080001ac   0x00000000   Code   RO         5662  * .ARM.Collect$$$$00000000  mc_w.l(entry.o)
    0x080001ac   0x00000004   Code   RO         5956    .ARM.Collect$$$$00000001  mc_w.l(entry2.o)
    0x080001b0   0x00000004   Code   RO         5959    .ARM.Collect$$$$00000004  mc_w.l(entry5.o)
    0x080001b4   0x00000000   Code   RO         5961    .ARM.Collect$$$$00000008  mc_w.l(entry7b.o)
    0x080001b4   0x00000000   Code   RO         5963    .ARM.Collect$$$$0000000A  mc_w.l(entry8b.o)
    0x080001b4   0x00000008   Code   RO         5964    .ARM.Collect$$$$0000000B  mc_w.l(entry9a.o)
    0x080001bc   0x00000000   Code   RO         5966    .ARM.Collect$$$$0000000D  mc_w.l(entry10a.o)
    0x080001bc   0x00000000   Code   RO         5968    .ARM.Collect$$$$0000000F  mc_w.l(entry11a.o)
    0x080001bc   0x00000004   Code   RO         5957    .ARM.Collect$$$$00002712  mc_w.l(entry2.o)
    0x080001c0   0x00000034   Code   RO         1263    .text               cpu_a.o
    0x080001f4   0x00000044   Code   RO         2905    .text               startup_stm32f429xx.o
    0x08000238   0x0000002c   Code   RO         5971    .text               mc_w.l(uidiv.o)
    0x08000264   0x00000024   Code   RO         5994    .text               mc_w.l(init.o)
    0x08000288   0x0000003a   Code   RO         6008    .text               mc_w.l(__dczerorl.o)
    0x080002c2   0x00000002   PAD
    0x080002c4   0x000000c4   Code   RO         1838    CODE                os_cpu_a.o
    0x08000388   0x000000ae   Code   RO          668    i.ADC_Average       adc_dma.o
    0x08000436   0x0000006e   Code   RO         5168    i.ADC_DMAConvCplt   stm32f4xx_hal_adc.o
    0x080004a4   0x0000001a   Code   RO         5169    i.ADC_DMAError      stm32f4xx_hal_adc.o
    0x080004be   0x0000000e   Code   RO         5170    i.ADC_DMAHalfConvCplt  stm32f4xx_hal_adc.o
    0x080004cc   0x00000010   Code   RO         5443    i.ADC_IRQHandler    stm32f4xx_it.o
    0x080004dc   0x00000178   Code   RO         5171    i.ADC_Init          stm32f4xx_hal_adc.o
    0x08000654   0x00000022   Code   RO          863    i.AT24CXX_Read      24cxx.o
    0x08000676   0x00000058   Code   RO          865    i.AT24CXX_ReadOneByte  24cxx.o
    0x080006ce   0x0000000c   Code   RO         1041    i.BSP_CPU_ClkFreq   bsp.o
    0x080006da   0x00000004   Code   RO         5444    i.BusFault_Handler  stm32f4xx_it.o
    0x080006de   0x0000000c   Code   RO         1091    i.CPU_Init          cpu_core.o
    0x080006ea   0x00000002   PAD
    0x080006ec   0x00000030   Code   RO         1092    i.CPU_NameClr       cpu_core.o
    0x0800071c   0x00000008   Code   RO         1094    i.CPU_NameInit      cpu_core.o
    0x08000724   0x00000014   Code   RO         1098    i.CPU_TS_Init       cpu_core.o
    0x08000738   0x0000000c   Code   RO         1100    i.CPU_TS_TmrFreqSet  cpu_core.o
    0x08000744   0x00000034   Code   RO         1043    i.CPU_TS_TmrInit    bsp.o
    0x08000778   0x0000000c   Code   RO         1044    i.CPU_TS_TmrRd      bsp.o
    0x08000784   0x00000010   Code   RO         5445    i.DMA2_Stream0_IRQHandler  stm32f4xx_it.o
    0x08000794   0x00000034   Code   RO         2912    i.DMA_CalcBaseAndBitshift  stm32f4xx_hal_dma.o
    0x080007c8   0x000000ba   Code   RO         2913    i.DMA_CheckFifoParam  stm32f4xx_hal_dma.o
    0x08000882   0x0000002c   Code   RO         2914    i.DMA_SetConfig     stm32f4xx_hal_dma.o
    0x080008ae   0x00000002   Code   RO         5446    i.DebugMon_Handler  stm32f4xx_it.o
    0x080008b0   0x00000032   Code   RO          993    i.Display           lcd_driver.o
    0x080008e2   0x00000002   PAD
    0x080008e4   0x00000014   Code   RO          716    i.Eeprom_Read       eeprom.o
    0x080008f8   0x00000004   Code   RO          638    i.Error_Handler     sysclock.o
    0x080008fc   0x00000002   Code   RO         5342    i.HAL_ADCEx_InjectedConvCpltCallback  stm32f4xx_hal_adc_ex.o
    0x080008fe   0x00000002   PAD
    0x08000900   0x0000019c   Code   RO         5173    i.HAL_ADC_ConfigChannel  stm32f4xx_hal_adc.o
    0x08000a9c   0x00000002   Code   RO         5174    i.HAL_ADC_ConvCpltCallback  stm32f4xx_hal_adc.o
    0x08000a9e   0x00000002   Code   RO         5175    i.HAL_ADC_ConvHalfCpltCallback  stm32f4xx_hal_adc.o
    0x08000aa0   0x00000002   Code   RO         5177    i.HAL_ADC_ErrorCallback  stm32f4xx_hal_adc.o
    0x08000aa2   0x00000174   Code   RO         5181    i.HAL_ADC_IRQHandler  stm32f4xx_hal_adc.o
    0x08000c16   0x00000002   PAD
    0x08000c18   0x00000068   Code   RO         5182    i.HAL_ADC_Init      stm32f4xx_hal_adc.o
    0x08000c80   0x00000002   Code   RO         5183    i.HAL_ADC_LevelOutOfWindowCallback  stm32f4xx_hal_adc.o
    0x08000c82   0x00000002   PAD
    0x08000c84   0x0000009c   Code   RO         5526    i.HAL_ADC_MspInit   stm32f4xx_hal_msp.o
    0x08000d20   0x00000148   Code   RO         5189    i.HAL_ADC_Start_DMA  stm32f4xx_hal_adc.o
    0x08000e68   0x00000028   Code   RO         2916    i.HAL_DMA_Abort_IT  stm32f4xx_hal_dma.o
    0x08000e90   0x00000248   Code   RO         2920    i.HAL_DMA_IRQHandler  stm32f4xx_hal_dma.o
    0x080010d8   0x000000e8   Code   RO         2921    i.HAL_DMA_Init      stm32f4xx_hal_dma.o
    0x080011c0   0x0000009e   Code   RO         2925    i.HAL_DMA_Start_IT  stm32f4xx_hal_dma.o
    0x0800125e   0x00000002   PAD
    0x08001260   0x0000021c   Code   RO         3373    i.HAL_GPIO_Init     stm32f4xx_hal_gpio.o
    0x0800147c   0x0000000c   Code   RO         3377    i.HAL_GPIO_WritePin  stm32f4xx_hal_gpio.o
    0x08001488   0x0000000c   Code   RO         3451    i.HAL_GetTick       stm32f4xx_hal.o
    0x08001494   0x00000010   Code   RO         3452    i.HAL_IncTick       stm32f4xx_hal.o
    0x080014a4   0x0000003c   Code   RO         3453    i.HAL_Init          stm32f4xx_hal.o
    0x080014e0   0x00000028   Code   RO         3454    i.HAL_InitTick      stm32f4xx_hal.o
    0x08001508   0x00000056   Code   RO         5527    i.HAL_MspInit       stm32f4xx_hal_msp.o
    0x0800155e   0x0000001a   Code   RO         4402    i.HAL_NVIC_EnableIRQ  stm32f4xx_hal_cortex.o
    0x08001578   0x0000007c   Code   RO         4408    i.HAL_NVIC_SetPriority  stm32f4xx_hal_cortex.o
    0x080015f4   0x00000028   Code   RO         4409    i.HAL_NVIC_SetPriorityGrouping  stm32f4xx_hal_cortex.o
    0x0800161c   0x000000a4   Code   RO         3263    i.HAL_PWREx_EnableOverDrive  stm32f4xx_hal_pwr_ex.o
    0x080016c0   0x000001d0   Code   RO         3750    i.HAL_RCC_ClockConfig  stm32f4xx_hal_rcc.o
    0x08001890   0x0000000c   Code   RO         3755    i.HAL_RCC_GetHCLKFreq  stm32f4xx_hal_rcc.o
    0x0800189c   0x0000002c   Code   RO         3757    i.HAL_RCC_GetPCLK1Freq  stm32f4xx_hal_rcc.o
    0x080018c8   0x0000002c   Code   RO         3758    i.HAL_RCC_GetPCLK2Freq  stm32f4xx_hal_rcc.o
    0x080018f4   0x000000b4   Code   RO         3759    i.HAL_RCC_GetSysClockFreq  stm32f4xx_hal_rcc.o
    0x080019a8   0x0000039c   Code   RO         3762    i.HAL_RCC_OscConfig  stm32f4xx_hal_rcc.o
    0x08001d44   0x00000028   Code   RO         4411    i.HAL_SYSTICK_CLKSourceConfig  stm32f4xx_hal_cortex.o
    0x08001d6c   0x00000034   Code   RO         4413    i.HAL_SYSTICK_Config  stm32f4xx_hal_cortex.o
    0x08001da0   0x00000002   Code   RO         3018    i.HAL_TIMEx_BreakCallback  stm32f4xx_hal_tim_ex.o
    0x08001da2   0x00000002   Code   RO         3019    i.HAL_TIMEx_CommutationCallback  stm32f4xx_hal_tim_ex.o
    0x08001da4   0x0000001e   Code   RO         4534    i.HAL_TIM_Base_Start_IT  stm32f4xx_hal_tim.o
    0x08001dc2   0x00000002   Code   RO         4558    i.HAL_TIM_IC_CaptureCallback  stm32f4xx_hal_tim.o
    0x08001dc4   0x00000196   Code   RO         4571    i.HAL_TIM_IRQHandler  stm32f4xx_hal_tim.o
    0x08001f5a   0x00000002   Code   RO         4574    i.HAL_TIM_OC_DelayElapsedCallback  stm32f4xx_hal_tim.o
    0x08001f5c   0x00000002   Code   RO         4601    i.HAL_TIM_PWM_PulseFinishedCallback  stm32f4xx_hal_tim.o
    0x08001f5e   0x00000002   PAD
    0x08001f60   0x0000004c   Code   RO         4602    i.HAL_TIM_PWM_Start  stm32f4xx_hal_tim.o
    0x08001fac   0x0000002c   Code   RO          398    i.HAL_TIM_PeriodElapsedCallback  timer3.o
    0x08001fd8   0x00000002   Code   RO         4612    i.HAL_TIM_TriggerCallback  stm32f4xx_hal_tim.o
    0x08001fda   0x00000002   Code   RO         4004    i.HAL_UART_ErrorCallback  stm32f4xx_hal_uart.o
    0x08001fdc   0x00000014   Code   RO         4006    i.HAL_UART_GetState  stm32f4xx_hal_uart.o
    0x08001ff0   0x0000014c   Code   RO         4007    i.HAL_UART_IRQHandler  stm32f4xx_hal_uart.o
    0x0800213c   0x00000072   Code   RO         4008    i.HAL_UART_Init     stm32f4xx_hal_uart.o
    0x080021ae   0x00000002   PAD
    0x080021b0   0x0000011c   Code   RO         5532    i.HAL_UART_MspInit  stm32f4xx_hal_msp.o
    0x080022cc   0x00000064   Code   RO         4013    i.HAL_UART_Receive_IT  stm32f4xx_hal_uart.o
    0x08002330   0x00000180   Code   RO          307    i.HAL_UART_RxCpltCallback  usart.o
    0x080024b0   0x000000d6   Code   RO         4016    i.HAL_UART_Transmit  stm32f4xx_hal_uart.o
    0x08002586   0x00000002   Code   RO         4019    i.HAL_UART_TxCpltCallback  stm32f4xx_hal_uart.o
    0x08002588   0x00000004   Code   RO         5447    i.HardFault_Handler  stm32f4xx_it.o
    0x0800258c   0x00000050   Code   RO          927    i.IIC_Ack           myiic_1.o
    0x080025dc   0x00000050   Code   RO          482    i.IIC_Ack_2         myiic2.o
    0x0800262c   0x0000005c   Code   RO          928    i.IIC_Init          myiic_1.o
    0x08002688   0x0000005c   Code   RO          483    i.IIC_Init_2        myiic2.o
    0x080026e4   0x00000050   Code   RO          929    i.IIC_NAck          myiic_1.o
    0x08002734   0x00000050   Code   RO          484    i.IIC_NAck_2        myiic2.o
    0x08002784   0x0000006c   Code   RO          930    i.IIC_Read_Byte     myiic_1.o
    0x080027f0   0x0000006c   Code   RO          485    i.IIC_Read_Byte_2   myiic2.o
    0x0800285c   0x00000068   Code   RO          931    i.IIC_Send_Byte     myiic_1.o
    0x080028c4   0x00000070   Code   RO          486    i.IIC_Send_Byte_2   myiic2.o
    0x08002934   0x0000004c   Code   RO          932    i.IIC_Start         myiic_1.o
    0x08002980   0x0000004c   Code   RO          487    i.IIC_Start_2       myiic2.o
    0x080029cc   0x0000004c   Code   RO          933    i.IIC_Stop          myiic_1.o
    0x08002a18   0x00000050   Code   RO          488    i.IIC_Stop_2        myiic2.o
    0x08002a68   0x00000060   Code   RO          934    i.IIC_Wait_Ack      myiic_1.o
    0x08002ac8   0x00000064   Code   RO          489    i.IIC_Wait_Ack_2    myiic2.o
    0x08002b2c   0x00000046   Code   RO          430    i.KS103_ReadOneByte  ks103.o
    0x08002b72   0x00000036   Code   RO          431    i.KS103_WriteOneByte  ks103.o
    0x08002ba8   0x0000008c   Code   RO          994    i.LCD_Write         lcd_driver.o
    0x08002c34   0x0000008c   Code   RO          995    i.LCD_init          lcd_driver.o
    0x08002cc0   0x00000058   Code   RO          669    i.MX_ADC1_Init      adc_dma.o
    0x08002d18   0x00000028   Code   RO          670    i.MX_DMA_Init       adc_dma.o
    0x08002d40   0x00000274   Code   RO          614    i.MX_GPIO_Init      gpio_init.o
    0x08002fb4   0x0000008c   Code   RO          671    i.MX_NVIC_Init      adc_dma.o
    0x08003040   0x00000044   Code   RO          550    i.MX_USART3_UART_Init  uart_init.o
    0x08003084   0x00000004   Code   RO         5448    i.MemManage_Handler  stm32f4xx_it.o
    0x08003088   0x00000012   Code   RO         1410    i.Mem_Clr           lib_mem.o
    0x0800309a   0x00000054   Code   RO         1426    i.Mem_Set           lib_mem.o
    0x080030ee   0x00000002   Code   RO         5449    i.NMI_Handler       stm32f4xx_it.o
    0x080030f0   0x00000010   Code   RO         4415    i.NVIC_GetPriorityGrouping  stm32f4xx_hal_cortex.o
    0x08003100   0x00000028   Code   RO         4416    i.NVIC_SetPriority  stm32f4xx_hal_cortex.o
    0x08003128   0x00000002   Code   RO         1841    i.OSCfg_Init        os_cfg_app.o
    0x0800312a   0x00000002   PAD
    0x0800312c   0x00000014   Code   RO         1760    i.OSIdleTaskHook    os_cpu_c.o
    0x08003140   0x00000164   Code   RO         1864    i.OSInit            os_core.o
    0x080032a4   0x00000028   Code   RO         1761    i.OSInitHook        os_cpu_c.o
    0x080032cc   0x0000002c   Code   RO         1865    i.OSIntEnter        os_core.o
    0x080032f8   0x000000dc   Code   RO         1866    i.OSIntExit         os_core.o
    0x080033d4   0x00000088   Code   RO         2261    i.OSMutexCreate     os_mutex.o
    0x0800345c   0x00000250   Code   RO         2263    i.OSMutexPend       os_mutex.o
    0x080036ac   0x00000174   Code   RO         2265    i.OSMutexPost       os_mutex.o
    0x08003820   0x000000a0   Code   RO         1867    i.OSSched           os_core.o
    0x080038c0   0x00000074   Code   RO         1868    i.OSSchedLock       os_core.o
    0x08003934   0x00000094   Code   RO         1869    i.OSSchedUnlock     os_core.o
    0x080039c8   0x00000080   Code   RO         2436    i.OSSemCreate       os_sem.o
    0x08003a48   0x000001a8   Code   RO         2438    i.OSSemPend         os_sem.o
    0x08003bf0   0x00000070   Code   RO         2440    i.OSSemPost         os_sem.o
    0x08003c60   0x00000068   Code   RO         1870    i.OSStart           os_core.o
    0x08003cc8   0x00000128   Code   RO         2508    i.OSStatReset       os_stat.o
    0x08003df0   0x000000f0   Code   RO         2509    i.OSStatTaskCPUUsageInit  os_stat.o
    0x08003ee0   0x00000014   Code   RO         1762    i.OSStatTaskHook    os_cpu_c.o
    0x08003ef4   0x0000019c   Code   RO         2539    i.OSTaskCreate      os_task.o
    0x08004090   0x00000018   Code   RO         1763    i.OSTaskCreateHook  os_cpu_c.o
    0x080040a8   0x00000128   Code   RO         2540    i.OSTaskDel         os_task.o
    0x080041d0   0x00000018   Code   RO         1764    i.OSTaskDelHook     os_cpu_c.o
    0x080041e8   0x00000068   Code   RO         2548    i.OSTaskResume      os_task.o
    0x08004250   0x00000018   Code   RO         1765    i.OSTaskReturnHook  os_cpu_c.o
    0x08004268   0x000001dc   Code   RO         2549    i.OSTaskSemPend     os_task.o
    0x08004444   0x0000003e   Code   RO         2551    i.OSTaskSemPost     os_task.o
    0x08004482   0x00000002   PAD
    0x08004484   0x000000d4   Code   RO         2553    i.OSTaskStkChk      os_task.o
    0x08004558   0x000002c4   Code   RO         1766    i.OSTaskStkInit     os_cpu_c.o
    0x0800481c   0x00000038   Code   RO         2554    i.OSTaskSuspend     os_task.o
    0x08004854   0x000000b8   Code   RO         1767    i.OSTaskSwHook      os_cpu_c.o
    0x0800490c   0x000000b8   Code   RO         2752    i.OSTimeDly         os_time.o
    0x080049c4   0x00000044   Code   RO         2757    i.OSTimeTick        os_time.o
    0x08004a08   0x00000014   Code   RO         1768    i.OSTimeTickHook    os_cpu_c.o
    0x08004a1c   0x000001a8   Code   RO         2084    i.OS_Dbg_Init       os_dbg.o
    0x08004bc4   0x00000018   Code   RO         2109    i.OS_FlagInit       os_flag.o
    0x08004bdc   0x00000044   Code   RO         1872    i.OS_IdleTask       os_core.o
    0x08004c20   0x00000070   Code   RO         1873    i.OS_IdleTaskInit   os_core.o
    0x08004c90   0x00000018   Code   RO         2193    i.OS_MemInit        os_mem.o
    0x08004ca8   0x0000007c   Code   RO         2225    i.OS_MsgPoolInit    os_msg.o
    0x08004d24   0x00000044   Code   RO         2226    i.OS_MsgQFreeAll    os_msg.o
    0x08004d68   0x0000000e   Code   RO         2228    i.OS_MsgQInit       os_msg.o
    0x08004d76   0x00000002   PAD
    0x08004d78   0x00000030   Code   RO         2267    i.OS_MutexDbgListAdd  os_mutex.o
    0x08004da8   0x00000018   Code   RO         2269    i.OS_MutexInit      os_mutex.o
    0x08004dc0   0x00000068   Code   RO         1874    i.OS_Pend           os_core.o
    0x08004e28   0x00000026   Code   RO         1877    i.OS_PendDataInit   os_core.o
    0x08004e4e   0x00000002   PAD
    0x08004e50   0x0000005c   Code   RO         1878    i.OS_PendDbgNameAdd  os_core.o
    0x08004eac   0x00000024   Code   RO         1879    i.OS_PendDbgNameRemove  os_core.o
    0x08004ed0   0x00000046   Code   RO         1880    i.OS_PendListChangePrio  os_core.o
    0x08004f16   0x0000000a   Code   RO         1881    i.OS_PendListInit   os_core.o
    0x08004f20   0x00000066   Code   RO         1883    i.OS_PendListInsertPrio  os_core.o
    0x08004f86   0x00000030   Code   RO         1884    i.OS_PendListRemove  os_core.o
    0x08004fb6   0x00000042   Code   RO         1885    i.OS_PendListRemove1  os_core.o
    0x08004ff8   0x000000d6   Code   RO         1888    i.OS_Post           os_core.o
    0x080050ce   0x0000002a   Code   RO         1889    i.OS_Post1          os_core.o
    0x080050f8   0x00000028   Code   RO         2327    i.OS_PrioGetHighest  os_prio.o
    0x08005120   0x00000018   Code   RO         2328    i.OS_PrioInit       os_prio.o
    0x08005138   0x00000024   Code   RO         2329    i.OS_PrioInsert     os_prio.o
    0x0800515c   0x00000024   Code   RO         2330    i.OS_PrioRemove     os_prio.o
    0x08005180   0x00000018   Code   RO         2373    i.OS_QInit          os_q.o
    0x08005198   0x00000024   Code   RO         1890    i.OS_RdyListInit    os_core.o
    0x080051bc   0x0000002c   Code   RO         1891    i.OS_RdyListInsert  os_core.o
    0x080051e8   0x00000040   Code   RO         1892    i.OS_RdyListInsertHead  os_core.o
    0x08005228   0x0000003c   Code   RO         1893    i.OS_RdyListInsertTail  os_core.o
    0x08005264   0x0000005c   Code   RO         1895    i.OS_RdyListRemove  os_core.o
    0x080052c0   0x0000001c   Code   RO         1896    i.OS_SchedLockTimeMeasStart  os_core.o
    0x080052dc   0x0000003c   Code   RO         1897    i.OS_SchedLockTimeMeasStop  os_core.o
    0x08005318   0x00000030   Code   RO         2443    i.OS_SemDbgListAdd  os_sem.o
    0x08005348   0x00000018   Code   RO         2445    i.OS_SemInit        os_sem.o
    0x08005360   0x00000126   Code   RO         2446    i.OS_SemPost        os_sem.o
    0x08005486   0x00000002   PAD
    0x08005488   0x000002e8   Code   RO         2510    i.OS_StatTask       os_stat.o
    0x08005770   0x000000cc   Code   RO         2511    i.OS_StatTaskInit   os_stat.o
    0x0800583c   0x0000002c   Code   RO         1898    i.OS_TaskBlock      os_core.o
    0x08005868   0x00000030   Code   RO         2555    i.OS_TaskDbgListAdd  os_task.o
    0x08005898   0x00000044   Code   RO         2556    i.OS_TaskDbgListRemove  os_task.o
    0x080058dc   0x00000020   Code   RO         2557    i.OS_TaskInit       os_task.o
    0x080058fc   0x000000b4   Code   RO         2558    i.OS_TaskInitTCB    os_task.o
    0x080059b0   0x00000100   Code   RO         2560    i.OS_TaskResume     os_task.o
    0x08005ab0   0x00000018   Code   RO         2561    i.OS_TaskReturn     os_task.o
    0x08005ac8   0x000001c4   Code   RO         2562    i.OS_TaskSemPost    os_task.o
    0x08005c8c   0x00000118   Code   RO         2563    i.OS_TaskSuspend    os_task.o
    0x08005da4   0x00000086   Code   RO         2700    i.OS_TickListInsert  os_tick.o
    0x08005e2a   0x00000002   PAD
    0x08005e2c   0x000000bc   Code   RO         2701    i.OS_TickListInsertDly  os_tick.o
    0x08005ee8   0x00000058   Code   RO         2702    i.OS_TickListRemove  os_tick.o
    0x08005f40   0x00000002   Code   RO         2703    i.OS_TickListResetPeak  os_tick.o
    0x08005f42   0x00000002   PAD
    0x08005f44   0x00000098   Code   RO         2704    i.OS_TickListUpdateDly  os_tick.o
    0x08005fdc   0x000000d4   Code   RO         2705    i.OS_TickListUpdateTimeout  os_tick.o
    0x080060b0   0x00000070   Code   RO         2706    i.OS_TickTask       os_tick.o
    0x08006120   0x000000c8   Code   RO         2707    i.OS_TickTaskInit   os_tick.o
    0x080061e8   0x00000134   Code   RO         2803    i.OS_TmrInit        os_tmr.o
    0x0800631c   0x00000018   Code   RO         2804    i.OS_TmrLock        os_tmr.o
    0x08006334   0x00000002   Code   RO         2805    i.OS_TmrResetPeak   os_tmr.o
    0x08006336   0x00000002   PAD
    0x08006338   0x00000094   Code   RO         2806    i.OS_TmrTask        os_tmr.o
    0x080063cc   0x00000044   Code   RO         2807    i.OS_TmrUnlink      os_tmr.o
    0x08006410   0x00000014   Code   RO         2808    i.OS_TmrUnlock      os_tmr.o
    0x08006424   0x00000002   Code   RO         5450    i.SVC_Handler       stm32f4xx_it.o
    0x08006426   0x00000002   PAD
    0x08006428   0x00000040   Code   RO          717    i.Send_Id           eeprom.o
    0x08006468   0x00000058   Code   RO          996    i.Show_Static       lcd_driver.o
    0x080064c0   0x00000020   Code   RO          139    i.SysTick_Handler   delay.o
    0x080064e0   0x000000d0   Code   RO          639    i.SystemClock_Config  sysclock.o
    0x080065b0   0x00000064   Code   RO            5    i.SystemInit        system_stm32f4xx.o
    0x08006614   0x00000010   Code   RO         5451    i.TIM3_IRQHandler   stm32f4xx_it.o
    0x08006624   0x0000001c   Code   RO         4614    i.TIM_CCxChannelCmd  stm32f4xx_hal_tim.o
    0x08006640   0x00000014   Code   RO         4021    i.UART_DMAAbortOnError  stm32f4xx_hal_uart.o
    0x08006654   0x00000020   Code   RO         4027    i.UART_EndRxTransfer  stm32f4xx_hal_uart.o
    0x08006674   0x00000020   Code   RO         4028    i.UART_EndTransmit_IT  stm32f4xx_hal_uart.o
    0x08006694   0x0000009a   Code   RO         4030    i.UART_Receive_IT   stm32f4xx_hal_uart.o
    0x0800672e   0x00000002   PAD
    0x08006730   0x00000368   Code   RO         4031    i.UART_SetConfig    stm32f4xx_hal_uart.o
    0x08006a98   0x00000068   Code   RO         4032    i.UART_Transmit_IT  stm32f4xx_hal_uart.o
    0x08006b00   0x0000006c   Code   RO         4033    i.UART_WaitOnFlagUntilTimeout  stm32f4xx_hal_uart.o
    0x08006b6c   0x00000048   Code   RO          308    i.USART1_IRQHandler  usart.o
    0x08006bb4   0x00000048   Code   RO          309    i.USART2_IRQHandler  usart.o
    0x08006bfc   0x00000048   Code   RO          310    i.USART3_IRQHandler  usart.o
    0x08006c44   0x00000004   Code   RO         5452    i.UsageFault_Handler  stm32f4xx_it.o
    0x08006c48   0x000000d0   Code   RO          997    i.Voltage_Test      lcd_driver.o
    0x08006d18   0x0000004c   Code   RO          432    i.Wave_test         ks103.o
    0x08006d64   0x00000020   Code   RO         5712    i.__0printf$1       mc_w.l(printf1.o)
    0x08006d84   0x0000000e   Code   RO         6002    i.__scatterload_copy  mc_w.l(handlers.o)
    0x08006d92   0x00000002   Code   RO         6003    i.__scatterload_null  mc_w.l(handlers.o)
    0x08006d94   0x0000000e   Code   RO         6004    i.__scatterload_zeroinit  mc_w.l(handlers.o)
    0x08006da2   0x00000002   PAD
    0x08006da4   0x00000154   Code   RO         5719    i._printf_core      mc_w.l(printf1.o)
    0x08006ef8   0x0000003a   Code   RO         5592    i.c2402_task        main.o
    0x08006f32   0x00000002   PAD
    0x08006f34   0x0000005c   Code   RO          140    i.delay_init        delay.o
    0x08006f90   0x00000050   Code   RO          141    i.delay_ms          delay.o
    0x08006fe0   0x0000000a   Code   RO          142    i.delay_osschedlock  delay.o
    0x08006fea   0x0000000a   Code   RO          143    i.delay_osschedunlock  delay.o
    0x08006ff4   0x00000010   Code   RO          144    i.delay_ostimedly   delay.o
    0x08007004   0x00000058   Code   RO          145    i.delay_us          delay.o
    0x0800705c   0x0000001c   Code   RO         5593    i.fputc             main.o
    0x08007078   0x00000050   Code   RO         5928    i.free              mc_w.l(malloc.o)
    0x080070c8   0x0000002e   Code   RO         5594    i.lcd_task          main.o
    0x080070f6   0x00000002   PAD
    0x080070f8   0x0000002c   Code   RO         5595    i.led0_task         main.o
    0x08007124   0x000000a8   Code   RO         5596    i.main              main.o
    0x080071cc   0x0000006c   Code   RO         5929    i.malloc            mc_w.l(malloc.o)
    0x08007238   0x00000024   Code   RO         5597    i.motor_task        main.o
    0x0800725c   0x000001b8   Code   RO         5598    i.start_task        main.o
    0x08007414   0x00000038   Code   RO         5599    i.wave_task         main.o
    0x0800744c   0x00000094   Data   RO         1843    .constdata          os_cfg_app.o
    0x080074e0   0x00000168   Data   RO         2085    .constdata          os_dbg.o
    0x08007648   0x00000008   Data   RO         2927    .constdata          stm32f4xx_hal_dma.o
    0x08007650   0x00000010   Data   RO         3763    .constdata          stm32f4xx_hal_rcc.o
    0x08007660   0x00000020   Data   RO         6000    Region$$Table       anon$$obj.o


    Execution Region RW_IRAM1 (Base: 0x20000000, Size: 0x00003b38, Max: 0x00030000, ABSOLUTE, COMPRESSED[0x0000005c])

    Base Addr    Size         Type   Attr      Idx    E Section Name        Object

    0x20000000   0x00000004   Data   RW            7    .data               system_stm32f4xx.o
    0x20000004   0x00000006   Data   RW          146    .data               delay.o
    0x2000000a   0x00000002   PAD
    0x2000000c   0x00000004   Data   RW         1104    .data               cpu_core.o
    0x20000010   0x00000004   Data   RW         1771    .data               os_cpu_c.o
    0x20000014   0x00000008   Data   RW         2331    .data               os_prio.o
    0x2000001c   0x000000c4   Data   RW         2889    .data               os_var.o
    0x200000e0   0x00000004   Data   RW         3459    .data               stm32f4xx_hal.o
    0x200000e4   0x0000009c   Data   RW         5601    .data               main.o
    0x20000180   0x00000004   Data   RW         5970    .data               mc_w.l(stdout.o)
    0x20000184   0x00000004   Data   RW         5981    .data               mc_w.l(mvars.o)
    0x20000188   0x00000004   Data   RW         5982    .data               mc_w.l(mvars.o)
    0x2000018c   0x00000010   Zero   RW         1102    .bss                cpu_core.o
    0x2000019c   0x00001040   Zero   RW         1842    .bss                os_cfg_app.o
    0x200011dc   0x00000618   Zero   RW         2888    .bss                os_var.o
    0x200017f4   0x00001d44   Zero   RW         5600    .bss                main.o
    0x20003538   0x00000200   Zero   RW         2903    HEAP                startup_stm32f429xx.o
    0x20003738   0x00000400   Zero   RW         2902    STACK               startup_stm32f429xx.o


==============================================================================

Image component sizes


      Code (inc. data)   RO Data    RW Data    ZI Data      Debug   Object Name

       122          0          0          0          0       1485   24cxx.o
       442         30          0          0          0       2678   adc_dma.o
        76         14          0          0          0       1566   bsp.o
        52          0          0          0          0        328   cpu_a.o
       100         18          0          4         16      12189   cpu_core.o
       328         40          0          6          0      46000   delay.o
        84         24          0          0          0        932   eeprom.o
       628         34          0          0          0       1415   gpio_init.o
       200          0          0          0          0       1925   ks103.o
       626         80          0          0          0       3050   lcd_driver.o
       102          0          0          0          0       1764   lib_mem.o
       876        196          0        156       7492       8632   main.o
       728        112          0          0          0       4942   myiic2.o
       712        112          0          0          0       4662   myiic_1.o
         0          0          0          0          0      19367   os_app_hooks.o
         2          0        148          0       4160      19199   os_cfg_app.o
      2578        362          0          0          0      36300   os_core.o
       196         32          0          0          0        412   os_cpu_a.o
      1064        160          0          4          0       7040   os_cpu_c.o
       424        278        360          0          0       4729   os_dbg.o
        24         10          0          0          0        866   os_flag.o
        24         10          0          0          0        865   os_mem.o
       206         20          0          0          0       2332   os_msg.o
      1172         78          0          0          0       4436   os_mutex.o
       136         16          0          8          0       2866   os_prio.o
        24         10          0          0          0        859   os_q.o
      1030         54          0          0          0       5463   os_sem.o
      1484        190          0          0          0       3907   os_stat.o
      2958        168          0          0          0      12541   os_task.o
      1088         92          0          0          0       6230   os_tick.o
       252         30          0          0          0       1637   os_time.o
       570        142          0          0          0       4003   os_tmr.o
         0          0          0        196       1560      17832   os_var.o
        68         12        428          0       1536        824   startup_stm32f429xx.o
       128         20          0          4          0       3647   stm32f4xx_hal.o
      1750         68          0          0          0       8653   stm32f4xx_hal_adc.o
         2          0          0          0          0       1017   stm32f4xx_hal_adc_ex.o
       338         22          0          0          0      31513   stm32f4xx_hal_cortex.o
      1296         20          8          0          0       6166   stm32f4xx_hal_dma.o
       552         54          0          0          0       2428   stm32f4xx_hal_gpio.o
       526         46          0          0          0       2459   stm32f4xx_hal_msp.o
       164         12          0          0          0       1292   stm32f4xx_hal_pwr_ex.o
      1668         70         16          0          0       5711   stm32f4xx_hal_rcc.o
       548          8          0          0          0       5674   stm32f4xx_hal_tim.o
         4          0          0          0          0       1594   stm32f4xx_hal_tim_ex.o
      2106         14          0          0          0      10467   stm32f4xx_hal_uart.o
        70         18          0          0          0       4708   stm32f4xx_it.o
       212         10          0          0          0       1453   sysclock.o
       100         18          0          4          0     366665   system_stm32f4xx.o
        44         10          0          0          0        824   timer3.o
        68         12          0          0          0        518   uart_init.o
       600         98          0          0          0       2622   usart.o

    ----------------------------------------------------------------------
     28592       2824        992        384      14764     700687   Object Totals
         0          0         32          0          0          0   (incl. Generated)
        40          0          0          2          0          0   (incl. Padding)

    ----------------------------------------------------------------------

      Code (inc. data)   RO Data    RW Data    ZI Data      Debug   Library Member Name

        58          0          0          0          0          0   __dczerorl.o
         0          0          0          0          0          0   entry.o
         0          0          0          0          0          0   entry10a.o
         0          0          0          0          0          0   entry11a.o
         8          4          0          0          0          0   entry2.o
         4          0          0          0          0          0   entry5.o
         0          0          0          0          0          0   entry7b.o
         0          0          0          0          0          0   entry8b.o
         8          4          0          0          0          0   entry9a.o
        30          0          0          0          0          0   handlers.o
        36          8          0          0          0         68   init.o
       188         20          0          0          0        160   malloc.o
         0          0          0          8          0          0   mvars.o
       372         14          0          0          0        184   printf1.o
         0          0          0          4          0          0   stdout.o
        44          0          0          0          0         80   uidiv.o

    ----------------------------------------------------------------------
       752         50          0         12          0        492   Library Totals
         4          0          0          0          0          0   (incl. Padding)

    ----------------------------------------------------------------------

      Code (inc. data)   RO Data    RW Data    ZI Data      Debug   Library Name

       748         50          0         12          0        492   mc_w.l

    ----------------------------------------------------------------------
       752         50          0         12          0        492   Library Totals

    ----------------------------------------------------------------------

==============================================================================


      Code (inc. data)   RO Data    RW Data    ZI Data      Debug   

     29344       2874        992        396      14764     678107   Grand Totals
     29344       2874        992         92      14764     678107   ELF Image Totals (compressed)
     29344       2874        992         92          0          0   ROM Totals

==============================================================================

    Total RO  Size (Code + RO Data)                30336 (  29.63kB)
    Total RW  Size (RW Data + ZI Data)             15160 (  14.80kB)
    Total ROM Size (Code + RO Data + RW Data)      30428 (  29.71kB)

==============================================================================

