Component: ARM Compiler 5.05 update 1 (build 106) Tool: armlink [4d0efa]

==============================================================================

Section Cross References

    system_stm32f4xx.o(i.SystemCoreClockUpdate) refers to system_stm32f4xx.o(.data) for SystemCoreClock
    system_stm32f4xx.o(i.SystemCoreClockUpdate) refers to system_stm32f4xx.o(.constdata) for AHBPrescTable
    delay.o(i.SysTick_Handler) refers to stm32f4xx_hal.o(i.HAL_IncTick) for HAL_IncTick
    delay.o(i.SysTick_Handler) refers to os_core.o(i.OSIntEnter) for OSIntEnter
    delay.o(i.SysTick_Handler) refers to os_time.o(i.OSTimeTick) for OSTimeTick
    delay.o(i.SysTick_Handler) refers to os_core.o(i.OSIntExit) for OSIntExit
    delay.o(i.SysTick_Handler) refers to os_var.o(.data) for OSRunning
    delay.o(i.delay_init) refers to stm32f4xx_hal_cortex.o(i.HAL_SYSTICK_CLKSourceConfig) for HAL_SYSTICK_CLKSourceConfig
    delay.o(i.delay_init) refers to delay.o(.data) for fac_us
    delay.o(i.delay_init) refers to os_cfg_app.o(.constdata) for OSCfg_TickRate_Hz
    delay.o(i.delay_ms) refers to delay.o(i.delay_ostimedly) for delay_ostimedly
    delay.o(i.delay_ms) refers to delay.o(i.delay_us) for delay_us
    delay.o(i.delay_ms) refers to os_var.o(.data) for OSRunning
    delay.o(i.delay_ms) refers to delay.o(.data) for fac_ms
    delay.o(i.delay_osschedlock) refers to os_core.o(i.OSSchedLock) for OSSchedLock
    delay.o(i.delay_osschedunlock) refers to os_core.o(i.OSSchedUnlock) for OSSchedUnlock
    delay.o(i.delay_ostimedly) refers to os_time.o(i.OSTimeDly) for OSTimeDly
    delay.o(i.delay_us) refers to delay.o(i.delay_osschedlock) for delay_osschedlock
    delay.o(i.delay_us) refers to delay.o(i.delay_osschedunlock) for delay_osschedunlock
    delay.o(i.delay_us) refers to delay.o(.data) for fac_us
    sys.o(i.Stm32_Clock_Init) refers to stm32f4xx_hal_rcc.o(i.HAL_RCC_OscConfig) for HAL_RCC_OscConfig
    sys.o(i.Stm32_Clock_Init) refers to stm32f4xx_hal_pwr_ex.o(i.HAL_PWREx_EnableOverDrive) for HAL_PWREx_EnableOverDrive
    sys.o(i.Stm32_Clock_Init) refers to stm32f4xx_hal_rcc.o(i.HAL_RCC_ClockConfig) for HAL_RCC_ClockConfig
    usart.o(i.HAL_UART_RxCpltCallback) refers to main.o(.data) for aRxBuffer_1
    usart.o(i.HAL_UART_RxCpltCallback) refers to main.o(.bss) for Rx_buff_1
    usart.o(i.USART1_IRQHandler) refers to os_core.o(i.OSIntEnter) for OSIntEnter
    usart.o(i.USART1_IRQHandler) refers to stm32f4xx_hal_uart.o(i.HAL_UART_IRQHandler) for HAL_UART_IRQHandler
    usart.o(i.USART1_IRQHandler) refers to stm32f4xx_hal_uart.o(i.HAL_UART_GetState) for HAL_UART_GetState
    usart.o(i.USART1_IRQHandler) refers to stm32f4xx_hal_uart.o(i.HAL_UART_Receive_IT) for HAL_UART_Receive_IT
    usart.o(i.USART1_IRQHandler) refers to os_core.o(i.OSIntExit) for OSIntExit
    usart.o(i.USART1_IRQHandler) refers to main.o(.bss) for huart1
    usart.o(i.USART1_IRQHandler) refers to main.o(.data) for aRxBuffer_1
    usart.o(i.USART2_IRQHandler) refers to os_core.o(i.OSIntEnter) for OSIntEnter
    usart.o(i.USART2_IRQHandler) refers to stm32f4xx_hal_uart.o(i.HAL_UART_IRQHandler) for HAL_UART_IRQHandler
    usart.o(i.USART2_IRQHandler) refers to stm32f4xx_hal_uart.o(i.HAL_UART_GetState) for HAL_UART_GetState
    usart.o(i.USART2_IRQHandler) refers to stm32f4xx_hal_uart.o(i.HAL_UART_Receive_IT) for HAL_UART_Receive_IT
    usart.o(i.USART2_IRQHandler) refers to os_core.o(i.OSIntExit) for OSIntExit
    usart.o(i.USART2_IRQHandler) refers to main.o(.bss) for huart2
    usart.o(i.USART2_IRQHandler) refers to main.o(.data) for aRxBuffer_2
    usart.o(i.USART3_IRQHandler) refers to os_core.o(i.OSIntEnter) for OSIntEnter
    usart.o(i.USART3_IRQHandler) refers to stm32f4xx_hal_uart.o(i.HAL_UART_IRQHandler) for HAL_UART_IRQHandler
    usart.o(i.USART3_IRQHandler) refers to stm32f4xx_hal_uart.o(i.HAL_UART_GetState) for HAL_UART_GetState
    usart.o(i.USART3_IRQHandler) refers to stm32f4xx_hal_uart.o(i.HAL_UART_Receive_IT) for HAL_UART_Receive_IT
    usart.o(i.USART3_IRQHandler) refers to os_core.o(i.OSIntExit) for OSIntExit
    usart.o(i.USART3_IRQHandler) refers to main.o(.bss) for huart3
    usart.o(i.USART3_IRQHandler) refers to main.o(.data) for aRxBuffer_3
    usart.o(i.Uart_Analyse) refers to malloc.o(i.malloc) for malloc
    usart.o(i.Uart_Analyse) refers to main.o(.data) for n
    usart.o(i.Uart_Analyse) refers to main.o(.bss) for Rx_buff_33
    usart.o(i.Uart_Store) refers to usart.o(i.Uart_Analyse) for Uart_Analyse
    usart.o(i.Uart_Store) refers to main.o(.data) for packflag_3
    usart.o(i.Uart_Store) refers to main.o(.bss) for Rx_buff_3
    usart.o(i.Uart_test) refers to printfb.o(i.__0printf$bare) for __2printf
    usart.o(i.Uart_test) refers to stm32f4xx_hal_uart.o(i.HAL_UART_Transmit) for HAL_UART_Transmit
    usart.o(i.Uart_test) refers to delay.o(i.delay_ms) for delay_ms
    usart.o(i.Uart_test) refers to main.o(.data) for packflag_2
    usart.o(i.Uart_test) refers to main.o(.bss) for Rx_buff_2
[...]
    i.OS_MsgQFreeAll                         0x08003774   Section        0  os_msg.o(i.OS_MsgQFreeAll)
    i.OS_MsgQInit                            0x080037b8   Section        0  os_msg.o(i.OS_MsgQInit)
    i.OS_MutexDbgListAdd                     0x080037c8   Section        0  os_mutex.o(i.OS_MutexDbgListAdd)
    i.OS_MutexInit                           0x080037f8   Section        0  os_mutex.o(i.OS_MutexInit)
    i.OS_Pend                                0x08003810   Section        0  os_core.o(i.OS_Pend)
    i.OS_PendDataInit                        0x08003878   Section        0  os_core.o(i.OS_PendDataInit)
    i.OS_PendDbgNameAdd                      0x080038a0   Section        0  os_core.o(i.OS_PendDbgNameAdd)
    i.OS_PendDbgNameRemove                   0x080038fc   Section        0  os_core.o(i.OS_PendDbgNameRemove)
    i.OS_PendListChangePrio                  0x08003920   Section        0  os_core.o(i.OS_PendListChangePrio)
    i.OS_PendListInit                        0x08003966   Section        0  os_core.o(i.OS_PendListInit)
    i.OS_PendListInsertPrio                  0x08003970   Section        0  os_core.o(i.OS_PendListInsertPrio)
    i.OS_PendListRemove                      0x080039d6   Section        0  os_core.o(i.OS_PendListRemove)
    i.OS_PendListRemove1                     0x08003a06   Section        0  os_core.o(i.OS_PendListRemove1)
    i.OS_Post                                0x08003a48   Section        0  os_core.o(i.OS_Post)
    i.OS_Post1                               0x08003b1e   Section        0  os_core.o(i.OS_Post1)
    i.OS_PrioGetHighest                      0x08003b48   Section        0  os_prio.o(i.OS_PrioGetHighest)
    i.OS_PrioInit                            0x08003b70   Section        0  os_prio.o(i.OS_PrioInit)
    i.OS_PrioInsert                          0x08003b88   Section        0  os_prio.o(i.OS_PrioInsert)
    i.OS_PrioRemove                          0x08003bac   Section        0  os_prio.o(i.OS_PrioRemove)
    i.OS_QInit                               0x08003bd0   Section        0  os_q.o(i.OS_QInit)
    i.OS_RdyListInit                         0x08003be8   Section        0  os_core.o(i.OS_RdyListInit)
    i.OS_RdyListInsert                       0x08003c0c   Section        0  os_core.o(i.OS_RdyListInsert)
    i.OS_RdyListInsertHead                   0x08003c38   Section        0  os_core.o(i.OS_RdyListInsertHead)
    i.OS_RdyListInsertTail                   0x08003c78   Section        0  os_core.o(i.OS_RdyListInsertTail)
    i.OS_RdyListRemove                       0x08003cb4   Section        0  os_core.o(i.OS_RdyListRemove)
    i.OS_SchedLockTimeMeasStart              0x08003d10   Section        0  os_core.o(i.OS_SchedLockTimeMeasStart)
    i.OS_SchedLockTimeMeasStop               0x08003d2c   Section        0  os_core.o(i.OS_SchedLockTimeMeasStop)
    i.OS_SemInit                             0x08003d68   Section        0  os_sem.o(i.OS_SemInit)
    i.OS_StatTask                            0x08003d80   Section        0  os_stat.o(i.OS_StatTask)
    i.OS_StatTaskInit                        0x08004068   Section        0  os_stat.o(i.OS_StatTaskInit)
    i.OS_TaskBlock                           0x08004134   Section        0  os_core.o(i.OS_TaskBlock)
    i.OS_TaskDbgListAdd                      0x08004160   Section        0  os_task.o(i.OS_TaskDbgListAdd)
    i.OS_TaskDbgListRemove                   0x08004190   Section        0  os_task.o(i.OS_TaskDbgListRemove)
    i.OS_TaskInit                            0x080041d4   Section        0  os_task.o(i.OS_TaskInit)
    i.OS_TaskInitTCB                         0x080041f4   Section        0  os_task.o(i.OS_TaskInitTCB)
    i.OS_TaskResume                          0x080042a8   Section        0  os_task.o(i.OS_TaskResume)
    i.OS_TaskReturn                          0x080043a8   Section        0  os_task.o(i.OS_TaskReturn)
    i.OS_TaskSemPost                         0x080043c0   Section        0  os_task.o(i.OS_TaskSemPost)
    i.OS_TaskSuspend                         0x08004584   Section        0  os_task.o(i.OS_TaskSuspend)
    i.OS_TickListInsert                      0x0800469c   Section        0  os_tick.o(i.OS_TickListInsert)
    i.OS_TickListInsertDly                   0x08004724   Section        0  os_tick.o(i.OS_TickListInsertDly)
    i.OS_TickListRemove                      0x080047e0   Section        0  os_tick.o(i.OS_TickListRemove)
    i.OS_TickListResetPeak                   0x08004838   Section        0  os_tick.o(i.OS_TickListResetPeak)
    i.OS_TickListUpdateDly                   0x0800483c   Section        0  os_tick.o(i.OS_TickListUpdateDly)
    OS_TickListUpdateDly                     0x0800483d   Thumb Code   146  os_tick.o(i.OS_TickListUpdateDly)
    i.OS_TickListUpdateTimeout               0x080048d4   Section        0  os_tick.o(i.OS_TickListUpdateTimeout)
    OS_TickListUpdateTimeout                 0x080048d5   Thumb Code   208  os_tick.o(i.OS_TickListUpdateTimeout)
    i.OS_TickTask                            0x080049a8   Section        0  os_tick.o(i.OS_TickTask)
    i.OS_TickTaskInit                        0x08004a18   Section        0  os_tick.o(i.OS_TickTaskInit)
    i.OS_TmrInit                             0x08004ae0   Section        0  os_tmr.o(i.OS_TmrInit)
    i.OS_TmrLock                             0x08004c14   Section        0  os_tmr.o(i.OS_TmrLock)
    OS_TmrLock                               0x08004c15   Thumb Code    20  os_tmr.o(i.OS_TmrLock)
    i.OS_TmrResetPeak                        0x08004c2c   Section        0  os_tmr.o(i.OS_TmrResetPeak)
    i.OS_TmrTask                             0x08004c30   Section        0  os_tmr.o(i.OS_TmrTask)
    i.OS_TmrUnlink                           0x08004cc4   Section        0  os_tmr.o(i.OS_TmrUnlink)
    i.OS_TmrUnlock                           0x08004d08   Section        0  os_tmr.o(i.OS_TmrUnlock)
    OS_TmrUnlock                             0x08004d09   Thumb Code    14  os_tmr.o(i.OS_TmrUnlock)
    i.SVC_Handler                            0x08004d1c   Section        0  stm32f4xx_it.o(i.SVC_Handler)
    i.SysTick_Handler                        0x08004d20   Section        0  delay.o(i.SysTick_Handler)
    i.SystemClock_Config                     0x08004d40   Section        0  sysclock.o(i.SystemClock_Config)
    i.SystemInit                             0x08004e10   Section        0  system_stm32f4xx.o(i.SystemInit)
    i.TIM3_IRQHandler                        0x08004e74   Section        0  stm32f4xx_it.o(i.TIM3_IRQHandler)
    i.UART_DMAAbortOnError                   0x08004e84   Section        0  stm32f4xx_hal_uart.o(i.UART_DMAAbortOnError)
    UART_DMAAbortOnError                     0x08004e85   Thumb Code    20  stm32f4xx_hal_uart.o(i.UART_DMAAbortOnError)
    i.UART_EndRxTransfer                     0x08004e98   Section        0  stm32f4xx_hal_uart.o(i.UART_EndRxTransfer)
    UART_EndRxTransfer                       0x08004e99   Thumb Code    32  stm32f4xx_hal_uart.o(i.UART_EndRxTransfer)
    i.UART_EndTransmit_IT                    0x08004eb8   Section        0  stm32f4xx_hal_uart.o(i.UART_EndTransmit_IT)
    UART_EndTransmit_IT                      0x08004eb9   Thumb Code    32  stm32f4xx_hal_uart.o(i.UART_EndTransmit_IT)
    i.UART_Receive_IT                        0x08004ed8   Section        0  stm32f4xx_hal_uart.o(i.UART_Receive_IT)
    UART_Receive_IT                          0x08004ed9   Thumb Code   154  stm32f4xx_hal_uart.o(i.UART_Receive_IT)
    i.UART_SetConfig                         0x08004f74   Section        0  stm32f4xx_hal_uart.o(i.UART_SetConfig)
    UART_SetConfig                           0x08004f75   Thumb Code   864  stm32f4xx_hal_uart.o(i.UART_SetConfig)
    i.UART_Transmit_IT                       0x080052dc   Section        0  stm32f4xx_hal_uart.o(i.UART_Transmit_IT)
    UART_Transmit_IT                         0x080052dd   Thumb Code   104  stm32f4xx_hal_uart.o(i.UART_Transmit_IT)
    i.UART_WaitOnFlagUntilTimeout            0x08005344   Section        0  stm32f4xx_hal_uart.o(i.UART_WaitOnFlagUntilTimeout)
    UART_WaitOnFlagUntilTimeout              0x08005345   Thumb Code   108  stm32f4xx_hal_uart.o(i.UART_WaitOnFlagUntilTimeout)
    i.USART1_IRQHandler                      0x080053b0   Section        0  usart.o(i.USART1_IRQHandler)
    i.USART2_IRQHandler                      0x080053f8   Section        0  usart.o(i.USART2_IRQHandler)
    i.USART3_IRQHandler                      0x08005440   Section        0  usart.o(i.USART3_IRQHandler)
    i.UsageFault_Handler                     0x08005488   Section        0  stm32f4xx_it.o(i.UsageFault_Handler)
    i.__0printf$bare                         0x0800548c   Section        0  printfb.o(i.__0printf$bare)
    i.__scatterload_copy                     0x0800549c   Section       14  handlers.o(i.__scatterload_copy)
    i.__scatterload_null                     0x080054aa   Section        2  handlers.o(i.__scatterload_null)
    i.__scatterload_zeroinit                 0x080054ac   Section       14  handlers.o(i.__scatterload_zeroinit)
    i._printf_core                           0x080054ba   Section        0  printfb.o(i._printf_core)
    _printf_core                             0x080054bb   Thumb Code    34  printfb.o(i._printf_core)
    i.delay_init                             0x080054dc   Section        0  delay.o(i.delay_init)
    i.delay_ms                               0x08005538   Section        0  delay.o(i.delay_ms)
    i.delay_osschedlock                      0x08005588   Section        0  delay.o(i.delay_osschedlock)
    i.delay_osschedunlock                    0x08005592   Section        0  delay.o(i.delay_osschedunlock)
    i.delay_ostimedly                        0x0800559c   Section        0  delay.o(i.delay_ostimedly)
    i.delay_us                               0x080055ac   Section        0  delay.o(i.delay_us)
    i.fputc                                  0x08005604   Section        0  main.o(i.fputc)
    i.led0_task                              0x08005620   Section        0  main.o(i.led0_task)
    i.main                                   0x0800564c   Section        0  main.o(i.main)
    i.start_task                             0x080056dc   Section        0  main.o(i.start_task)
    i.wave_task                              0x0800579c   Section        0  main.o(i.wave_task)
    .constdata                               0x080057d0   Section      148  os_cfg_app.o(.constdata)
    .constdata                               0x08005864   Section      360  os_dbg.o(.constdata)
    .constdata                               0x080059cc   Section       16  stm32f4xx_hal_rcc.o(.constdata)
    .data                                    0x20000000   Section        4  system_stm32f4xx.o(.data)
    .data                                    0x20000004   Section        6  delay.o(.data)
    fac_us                                   0x20000004   Data           4  delay.o(.data)
    fac_ms                                   0x20000008   Data           2  delay.o(.data)
    .data                                    0x2000000c   Section        4  cpu_core.o(.data)
    .data                                    0x20000010   Section        4  os_cpu_c.o(.data)
    .data                                    0x20000014   Section        8  os_prio.o(.data)
    .data                                    0x2000001c   Section      196  os_var.o(.data)
    .data                                    0x200000e0   Section        4  stm32f4xx_hal.o(.data)
    .data                                    0x200000e4   Section      156  main.o(.data)
    .data                                    0x20000180   Section        4  stdout.o(.data)
    .bss                                     0x20000184   Section       16  cpu_core.o(.bss)
    .bss                                     0x20000194   Section     4160  os_cfg_app.o(.bss)
    .bss                                     0x200011d4   Section     1560  os_var.o(.bss)
    .bss                                     0x200017ec   Section     5364  main.o(.bss)
    STACK                                    0x20002ce0   Section     1024  startup_stm32f429xx.o(STACK)

    Global Symbols

    Symbol Name                              Value     Ov Type        Size  Object(Section)

    BuildAttributes$$THM_ISAv4$E$P$D$K$B$S$7EM$VFPi3$EXTD16$VFPS$VFMA$PE$A:L22UL41UL21$X:L11$S22US41US21$IEEE1$IW$USESV6$~STKCKD$USESV7$~SHL$OSPACE$ROPI$EBA8$MICROLIB$REQ8$PRES8$EABIv2 0x00000000   Number         0  anon$$obj.o ABSOLUTE
    __ARM_use_no_argv                        0x00000000   Number         0  main.o ABSOLUTE
    __cpp_initialize__aeabi_                  - Undefined Weak Reference
    __cxa_finalize                            - Undefined Weak Reference
    _clock_init                               - Undefined Weak Reference
    _microlib_exit                            - Undefined Weak Reference
    __Vectors_Size                           0x000001ac   Number         0  startup_stm32f429xx.o ABSOLUTE
    __Vectors                                0x08000000   Data           4  startup_stm32f429xx.o(RESET)
    __Vectors_End                            0x080001ac   Data           0  startup_stm32f429xx.o(RESET)
    __main                                   0x080001ad   Thumb Code     0  entry.o(.ARM.Collect$$$$00000000)
    _main_stk                                0x080001ad   Thumb Code     0  entry2.o(.ARM.Collect$$$$00000001)
    _main_scatterload                        0x080001b1   Thumb Code     0  entry5.o(.ARM.Collect$$$$00000004)
    __main_after_scatterload                 0x080001b5   Thumb Code     0  entry5.o(.ARM.Collect$$$$00000004)
    _main_clock                              0x080001b5   Thumb Code     0  entry7b.o(.ARM.Collect$$$$00000008)
    _main_cpp_init                           0x080001b5   Thumb Code     0  entry8b.o(.ARM.Collect$$$$0000000A)
    _main_init                               0x080001b5   Thumb Code     0  entry9a.o(.ARM.Collect$$$$0000000B)
    __rt_final_cpp                           0x080001bd   Thumb Code     0  entry10a.o(.ARM.Collect$$$$0000000D)
    __rt_final_exit                          0x080001bd   Thumb Code     0  entry11a.o(.ARM.Collect$$$$0000000F)
    CPU_IntDis                               0x080001c1   Thumb Code     0  cpu_a.o(.text)
    CPU_IntEn                                0x080001c5   Thumb Code     0  cpu_a.o(.text)
    CPU_SR_Save                              0x080001c9   Thumb Code     0  cpu_a.o(.text)
    CPU_SR_Restore                           0x080001d1   Thumb Code     0  cpu_a.o(.text)
    CPU_WaitForInt                           0x080001d7   Thumb Code     0  cpu_a.o(.text)
    CPU_WaitForExcept                        0x080001db   Thumb Code     0  cpu_a.o(.text)
    CPU_CntLeadZeros                         0x080001df   Thumb Code     0  cpu_a.o(.text)
    CPU_CntTrailZeros                        0x080001e5   Thumb Code     0  cpu_a.o(.text)
    CPU_RevBits                              0x080001ef   Thumb Code     0  cpu_a.o(.text)
    Reset_Handler                            0x080001f5   Thumb Code    36  startup_stm32f429xx.o(.text)
    CAN1_RX0_IRQHandler                      0x0800022b   Thumb Code     0  startup_stm32f429xx.o(.text)
    CAN1_RX1_IRQHandler                      0x0800022b   Thumb Code     0  startup_stm32f429xx.o(.text)
    CAN1_SCE_IRQHandler                      0x0800022b   Thumb Code     0  startup_stm32f429xx.o(.text)
    CAN1_TX_IRQHandler                       0x0800022b   Thumb Code     0  startup_stm32f429xx.o(.text)
    CAN2_RX0_IRQHandler                      0x0800022b   Thumb Code     0  startup_stm32f429xx.o(.text)
    CAN2_RX1_IRQHandler                      0x0800022b   Thumb Code     0  startup_stm32f429xx.o(.text)
    CAN2_SCE_IRQHandler                      0x0800022b   Thumb Code     0  startup_stm32f429xx.o(.text)
    CAN2_TX_IRQHandler                       0x0800022b   Thumb Code     0  startup_stm32f429xx.o(.text)
    DCMI_IRQHandler                          0x0800022b   Thumb Code     0  startup_stm32f429xx.o(.text)
    DMA1_Stream0_IRQHandler                  0x0800022b   Thumb Code     0  startup_stm32f429xx.o(.text)
    DMA1_Stream1_IRQHandler                  0x0800022b   Thumb Code     0  startup_stm32f429xx.o(.text)
    DMA1_Stream2_IRQHandler                  0x0800022b   Thumb Code     0  startup_stm32f429xx.o(.text)
    DMA1_Stream3_IRQHandler                  0x0800022b   Thumb Code     0  startup_stm32f429xx.o(.text)
    DMA1_Stream4_IRQHandler                  0x0800022b   Thumb Code     0  startup_stm32f429xx.o(.text)
    DMA1_Stream5_IRQHandler                  0x0800022b   Thumb Code     0  startup_stm32f429xx.o(.text)
    DMA1_Stream6_IRQHandler                  0x0800022b   Thumb Code     0  startup_stm32f429xx.o(.text)
    DMA1_Stream7_IRQHandler                  0x0800022b   Thumb Code     0  startup_stm32f429xx.o(.text)
    DMA2D_IRQHandler                         0x0800022b   Thumb Code     0  startup_stm32f429xx.o(.text)
    DMA2_Stream1_IRQHandler                  0x0800022b   Thumb Code     0  startup_stm32f429xx.o(.text)
    DMA2_Stream2_IRQHandler                  0x0800022b   Thumb Code     0  startup_stm32f429xx.o(.text)
    DMA2_Stream3_IRQHandler                  0x0800022b   Thumb Code     0  startup_stm32f429xx.o(.text)
    DMA2_Stream4_IRQHandler                  0x0800022b   Thumb Code     0  startup_stm32f429xx.o(.text)
    DMA2_Stream5_IRQHandler                  0x0800022b   Thumb Code     0  startup_stm32f429xx.o(.text)
    DMA2_Stream6_IRQHandler                  0x0800022b   Thumb Code     0  startup_stm32f429xx.o(.text)
    DMA2_Stream7_IRQHandler                  0x0800022b   Thumb Code     0  startup_stm32f429xx.o(.text)
    ETH_IRQHandler                           0x0800022b   Thumb Code     0  startup_stm32f429xx.o(.text)
    ETH_WKUP_IRQHandler                      0x0800022b   Thumb Code     0  startup_stm32f429xx.o(.text)
    EXTI0_IRQHandler                         0x0800022b   Thumb Code     0  startup_stm32f429xx.o(.text)
    EXTI15_10_IRQHandler                     0x0800022b   Thumb Code     0  startup_stm32f429xx.o(.text)
    EXTI1_IRQHandler                         0x0800022b   Thumb Code     0  startup_stm32f429xx.o(.text)
    EXTI2_IRQHandler                         0x0800022b   Thumb Code     0  startup_stm32f429xx.o(.text)
    EXTI3_IRQHandler                         0x0800022b   Thumb Code     0  startup_stm32f429xx.o(.text)
    EXTI4_IRQHandler                         0x0800022b   Thumb Code     0  startup_stm32f429xx.o(.text)
    EXTI9_5_IRQHandler                       0x0800022b   Thumb Code     0  startup_stm32f429xx.o(.text)
    FLASH_IRQHandler                         0x0800022b   Thumb Code     0  startup_stm32f429xx.o(.text)
    FMC_IRQHandler                           0x0800022b   Thumb Code     0  startup_stm32f429xx.o(.text)
    FPU_IRQHandler                           0x0800022b   Thumb Code     0  startup_stm32f429xx.o(.text)
    HASH_RNG_IRQHandler                      0x0800022b   Thumb Code     0  startup_stm32f429xx.o(.text)
    I2C1_ER_IRQHandler                       0x0800022b   Thumb Code     0  startup_stm32f429xx.o(.text)
    I2C1_EV_IRQHandler                       0x0800022b   Thumb Code     0  startup_stm32f429xx.o(.text)
    I2C2_ER_IRQHandler                       0x0800022b   Thumb Code     0  startup_stm32f429xx.o(.text)
    I2C2_EV_IRQHandler                       0x0800022b   Thumb Code     0  startup_stm32f429xx.o(.text)
    I2C3_ER_IRQHandler                       0x0800022b   Thumb Code     0  startup_stm32f429xx.o(.text)
    I2C3_EV_IRQHandler                       0x0800022b   Thumb Code     0  startup_stm32f429xx.o(.text)
    LTDC_ER_IRQHandler                       0x0800022b   Thumb Code     0  startup_stm32f429xx.o(.text)
    LTDC_IRQHandler                          0x0800022b   Thumb Code     0  startup_stm32f429xx.o(.text)
    OTG_FS_IRQHandler                        0x0800022b   Thumb Code     0  startup_stm32f429xx.o(.text)
    OTG_FS_WKUP_IRQHandler                   0x0800022b   Thumb Code     0  startup_stm32f429xx.o(.text)
    OTG_HS_EP1_IN_IRQHandler                 0x0800022b   Thumb Code     0  startup_stm32f429xx.o(.text)
    OTG_HS_EP1_OUT_IRQHandler                0x0800022b   Thumb Code     0  startup_stm32f429xx.o(.text)
    OTG_HS_IRQHandler                        0x0800022b   Thumb Code     0  startup_stm32f429xx.o(.text)
    OTG_HS_WKUP_IRQHandler                   0x0800022b   Thumb Code     0  startup_stm32f429xx.o(.text)
    PVD_IRQHandler                           0x0800022b   Thumb Code     0  startup_stm32f429xx.o(.text)
    RCC_IRQHandler                           0x0800022b   Thumb Code     0  startup_stm32f429xx.o(.text)
    RTC_Alarm_IRQHandler                     0x0800022b   Thumb Code     0  startup_stm32f429xx.o(.text)
    RTC_WKUP_IRQHandler                      0x0800022b   Thumb Code     0  startup_stm32f429xx.o(.text)
    SAI1_IRQHandler                          0x0800022b   Thumb Code     0  startup_stm32f429xx.o(.text)
    SDIO_IRQHandler                          0x0800022b   Thumb Code     0  startup_stm32f429xx.o(.text)
    SPI1_IRQHandler                          0x0800022b   Thumb Code     0  startup_stm32f429xx.o(.text)
    SPI2_IRQHandler                          0x0800022b   Thumb Code     0  startup_stm32f429xx.o(.text)
    SPI3_IRQHandler                          0x0800022b   Thumb Code     0  startup_stm32f429xx.o(.text)
    SPI4_IRQHandler                          0x0800022b   Thumb Code     0  startup_stm32f429xx.o(.text)
    SPI5_IRQHandler                          0x0800022b   Thumb Code     0  startup_stm32f429xx.o(.text)
    SPI6_IRQHandler                          0x0800022b   Thumb Code     0  startup_stm32f429xx.o(.text)
    TAMP_STAMP_IRQHandler                    0x0800022b   Thumb Code     0  startup_stm32f429xx.o(.text)
    TIM1_BRK_TIM9_IRQHandler                 0x0800022b   Thumb Code     0  startup_stm32f429xx.o(.text)
    TIM1_CC_IRQHandler                       0x0800022b   Thumb Code     0  startup_stm32f429xx.o(.text)
    TIM1_TRG_COM_TIM11_IRQHandler            0x0800022b   Thumb Code     0  startup_stm32f429xx.o(.text)
    TIM1_UP_TIM10_IRQHandler                 0x0800022b   Thumb Code     0  startup_stm32f429xx.o(.text)
    TIM2_IRQHandler                          0x0800022b   Thumb Code     0  startup_stm32f429xx.o(.text)
    TIM4_IRQHandler                          0x0800022b   Thumb Code     0  startup_stm32f429xx.o(.text)
    TIM5_IRQHandler                          0x0800022b   Thumb Code     0  startup_stm32f429xx.o(.text)
    TIM6_DAC_IRQHandler                      0x0800022b   Thumb Code     0  startup_stm32f429xx.o(.text)
    TIM7_IRQHandler                          0x0800022b   Thumb Code     0  startup_stm32f429xx.o(.text)
    TIM8_BRK_TIM12_IRQHandler                0x0800022b   Thumb Code     0  startup_stm32f429xx.o(.text)
    TIM8_CC_IRQHandler                       0x0800022b   Thumb Code     0  startup_stm32f429xx.o(.text)
    TIM8_TRG_COM_TIM14_IRQHandler            0x0800022b   Thumb Code     0  startup_stm32f429xx.o(.text)
    TIM8_UP_TIM13_IRQHandler                 0x0800022b   Thumb Code     0  startup_stm32f429xx.o(.text)
    UART4_IRQHandler                         0x0800022b   Thumb Code     0  startup_stm32f429xx.o(.text)
    UART5_IRQHandler                         0x0800022b   Thumb Code     0  startup_stm32f429xx.o(.text)
    UART7_IRQHandler                         0x0800022b   Thumb Code     0  startup_stm32f429xx.o(.text)
    UART8_IRQHandler                         0x0800022b   Thumb Code     0  startup_stm32f429xx.o(.text)
    USART6_IRQHandler                        0x0800022b   Thumb Code     0  startup_stm32f429xx.o(.text)
    WWDG_IRQHandler                          0x0800022b   Thumb Code     0  startup_stm32f429xx.o(.text)
    __scatterload                            0x08000239   Thumb Code    28  init.o(.text)
    __scatterload_rt2                        0x08000239   Thumb Code     0  init.o(.text)
    __decompress                             0x0800025d   Thumb Code     0  __dczerorl.o(.text)
    __decompress0                            0x0800025d   Thumb Code    58  __dczerorl.o(.text)
    OS_CPU_FP_Reg_Push                       0x08000299   Thumb Code     0  os_cpu_a.o(CODE)
    OS_CPU_FP_Reg_Pop                        0x080002b3   Thumb Code     0  os_cpu_a.o(CODE)
    OSStartHighRdy                           0x080002c5   Thumb Code     0  os_cpu_a.o(CODE)
    OSCtxSw                                  0x080002e7   Thumb Code     0  os_cpu_a.o(CODE)
    OSIntCtxSw                               0x080002f1   Thumb Code     0  os_cpu_a.o(CODE)
    PendSV_Handler                           0x080002fb   Thumb Code     0  os_cpu_a.o(CODE)
    ADC_IRQHandler                           0x0800035d   Thumb Code    10  stm32f4xx_it.o(i.ADC_IRQHandler)
    BSP_CPU_ClkFreq                          0x0800036d   Thumb Code    12  bsp.o(i.BSP_CPU_ClkFreq)
    BusFault_Handler                         0x08000379   Thumb Code     4  stm32f4xx_it.o(i.BusFault_Handler)
    CPU_Init                                 0x0800037d   Thumb Code    12  cpu_core.o(i.CPU_Init)
    CPU_NameClr                              0x08000389   Thumb Code    42  cpu_core.o(i.CPU_NameClr)
    CPU_TS_TmrFreqSet                        0x080003d5   Thumb Code     6  cpu_core.o(i.CPU_TS_TmrFreqSet)
    CPU_TS_TmrInit                           0x080003e1   Thumb Code    44  bsp.o(i.CPU_TS_TmrInit)
    CPU_TS_TmrRd                             0x08000415   Thumb Code     6  bsp.o(i.CPU_TS_TmrRd)
    DMA2_Stream0_IRQHandler                  0x08000421   Thumb Code    10  stm32f4xx_it.o(i.DMA2_Stream0_IRQHandler)
    DebugMon_Handler                         0x08000431   Thumb Code     2  stm32f4xx_it.o(i.DebugMon_Handler)
    Error_Handler                            0x08000433   Thumb Code     4  sysclock.o(i.Error_Handler)
    HAL_ADCEx_InjectedConvCpltCallback       0x08000437   Thumb Code     2  stm32f4xx_hal_adc_ex.o(i.HAL_ADCEx_InjectedConvCpltCallback)
    HAL_ADC_ConvCpltCallback                 0x08000439   Thumb Code     2  stm32f4xx_hal_adc.o(i.HAL_ADC_ConvCpltCallback)
    HAL_ADC_ErrorCallback                    0x0800043b   Thumb Code     2  stm32f4xx_hal_adc.o(i.HAL_ADC_ErrorCallback)
    HAL_ADC_IRQHandler                       0x0800043d   Thumb Code   372  stm32f4xx_hal_adc.o(i.HAL_ADC_IRQHandler)
    HAL_ADC_LevelOutOfWindowCallback         0x080005b1   Thumb Code     2  stm32f4xx_hal_adc.o(i.HAL_ADC_LevelOutOfWindowCallback)
    HAL_DMA_Abort_IT                         0x080005b3   Thumb Code    40  stm32f4xx_hal_dma.o(i.HAL_DMA_Abort_IT)
    HAL_DMA_IRQHandler                       0x080005dd   Thumb Code   574  stm32f4xx_hal_dma.o(i.HAL_DMA_IRQHandler)
    HAL_GPIO_Init                            0x08000825   Thumb Code   486  stm32f4xx_hal_gpio.o(i.HAL_GPIO_Init)
    HAL_GPIO_WritePin                        0x08000a41   Thumb Code    12  stm32f4xx_hal_gpio.o(i.HAL_GPIO_WritePin)
    HAL_GetTick                              0x08000a4d   Thumb Code     6  stm32f4xx_hal.o(i.HAL_GetTick)
    HAL_IncTick                              0x08000a59   Thumb Code    12  stm32f4xx_hal.o(i.HAL_IncTick)
    HAL_Init                                 0x08000a69   Thumb Code    54  stm32f4xx_hal.o(i.HAL_Init)
    HAL_InitTick                             0x08000aa5   Thumb Code    36  stm32f4xx_hal.o(i.HAL_InitTick)
    HAL_MspInit                              0x08000acd   Thumb Code    86  stm32f4xx_hal_msp.o(i.HAL_MspInit)
    HAL_NVIC_SetPriority                     0x08000b23   Thumb Code   124  stm32f4xx_hal_cortex.o(i.HAL_NVIC_SetPriority)
    HAL_NVIC_SetPriorityGrouping             0x08000ba1   Thumb Code    32  stm32f4xx_hal_cortex.o(i.HAL_NVIC_SetPriorityGrouping)
    HAL_PWREx_EnableOverDrive                0x08000bc9   Thumb Code   152  stm32f4xx_hal_pwr_ex.o(i.HAL_PWREx_EnableOverDrive)
    HAL_RCC_ClockConfig                      0x08000c6d   Thumb Code   446  stm32f4xx_hal_rcc.o(i.HAL_RCC_ClockConfig)
    HAL_RCC_GetHCLKFreq                      0x08000e3d   Thumb Code     6  stm32f4xx_hal_rcc.o(i.HAL_RCC_GetHCLKFreq)
    HAL_RCC_GetPCLK1Freq                     0x08000e49   Thumb Code    36  stm32f4xx_hal_rcc.o(i.HAL_RCC_GetPCLK1Freq)
    HAL_RCC_GetPCLK2Freq                     0x08000e75   Thumb Code    36  stm32f4xx_hal_rcc.o(i.HAL_RCC_GetPCLK2Freq)
    HAL_RCC_GetSysClockFreq                  0x08000ea1   Thumb Code   168  stm32f4xx_hal_rcc.o(i.HAL_RCC_GetSysClockFreq)
    HAL_RCC_OscConfig                        0x08000f55   Thumb Code   906  stm32f4xx_hal_rcc.o(i.HAL_RCC_OscConfig)
    HAL_SYSTICK_CLKSourceConfig              0x080012f1   Thumb Code    40  stm32f4xx_hal_cortex.o(i.HAL_SYSTICK_CLKSourceConfig)
    HAL_SYSTICK_Config                       0x08001319   Thumb Code    52  stm32f4xx_hal_cortex.o(i.HAL_SYSTICK_Config)
    HAL_TIMEx_BreakCallback                  0x0800134d   Thumb Code     2  stm32f4xx_hal_tim_ex.o(i.HAL_TIMEx_BreakCallback)
    HAL_TIMEx_CommutationCallback            0x0800134f   Thumb Code     2  stm32f4xx_hal_tim_ex.o(i.HAL_TIMEx_CommutationCallback)
    HAL_TIM_IC_CaptureCallback               0x08001351   Thumb Code     2  stm32f4xx_hal_tim.o(i.HAL_TIM_IC_CaptureCallback)
    HAL_TIM_IRQHandler                       0x08001353   Thumb Code   406  stm32f4xx_hal_tim.o(i.HAL_TIM_IRQHandler)
    HAL_TIM_OC_DelayElapsedCallback          0x080014e9   Thumb Code     2  stm32f4xx_hal_tim.o(i.HAL_TIM_OC_DelayElapsedCallback)
    HAL_TIM_PWM_PulseFinishedCallback        0x080014eb   Thumb Code     2  stm32f4xx_hal_tim.o(i.HAL_TIM_PWM_PulseFinishedCallback)
    HAL_TIM_PeriodElapsedCallback            0x080014ed   Thumb Code    34  timer3.o(i.HAL_TIM_PeriodElapsedCallback)
    HAL_TIM_TriggerCallback                  0x08001519   Thumb Code     2  stm32f4xx_hal_tim.o(i.HAL_TIM_TriggerCallback)
    HAL_UART_ErrorCallback                   0x0800151b   Thumb Code     2  stm32f4xx_hal_uart.o(i.HAL_UART_ErrorCallback)
    HAL_UART_GetState                        0x0800151d   Thumb Code    20  stm32f4xx_hal_uart.o(i.HAL_UART_GetState)
    HAL_UART_IRQHandler                      0x08001531   Thumb Code   326  stm32f4xx_hal_uart.o(i.HAL_UART_IRQHandler)
    HAL_UART_Init                            0x0800167d   Thumb Code   114  stm32f4xx_hal_uart.o(i.HAL_UART_Init)
    HAL_UART_MspInit                         0x080016f1   Thumb Code   258  stm32f4xx_hal_msp.o(i.HAL_UART_MspInit)
    HAL_UART_Receive_IT                      0x0800180d   Thumb Code   100  stm32f4xx_hal_uart.o(i.HAL_UART_Receive_IT)
    HAL_UART_RxCpltCallback                  0x08001871   Thumb Code   310  usart.o(i.HAL_UART_RxCpltCallback)
    HAL_UART_Transmit                        0x080019f1   Thumb Code   214  stm32f4xx_hal_uart.o(i.HAL_UART_Transmit)
    HAL_UART_TxCpltCallback                  0x08001ac7   Thumb Code     2  stm32f4xx_hal_uart.o(i.HAL_UART_TxCpltCallback)
    HardFault_Handler                        0x08001ac9   Thumb Code     4  stm32f4xx_it.o(i.HardFault_Handler)
    MX_GPIO_Init                             0x08001acd   Thumb Code   572  gpio_init.o(i.MX_GPIO_Init)
    MX_USART3_UART_Init                      0x08001d29   Thumb Code    56  uart_init.o(i.MX_USART3_UART_Init)
    MemManage_Handler                        0x08001d6d   Thumb Code     4  stm32f4xx_it.o(i.MemManage_Handler)
    Mem_Clr                                  0x08001d71   Thumb Code    18  lib_mem.o(i.Mem_Clr)
    Mem_Set                                  0x08001d83   Thumb Code    84  lib_mem.o(i.Mem_Set)
    NMI_Handler                              0x08001dd7   Thumb Code     2  stm32f4xx_it.o(i.NMI_Handler)
    OSCfg_Init                               0x08001e11   Thumb Code     2  os_cfg_app.o(i.OSCfg_Init)
    OSIdleTaskHook                           0x08001e15   Thumb Code    16  os_cpu_c.o(i.OSIdleTaskHook)
    OSInit                                   0x08001e29   Thumb Code   270  os_core.o(i.OSInit)
    OSInitHook                               0x08001f8d   Thumb Code    28  os_cpu_c.o(i.OSInitHook)
    OSIntEnter                               0x08001fb5   Thumb Code    34  os_core.o(i.OSIntEnter)
    OSIntExit                                0x08001fe1   Thumb Code   188  os_core.o(i.OSIntExit)
    OSMutexCreate                            0x080020bd   Thumb Code   122  os_mutex.o(i.OSMutexCreate)
    OSMutexPend                              0x08002145   Thumb Code   574  os_mutex.o(i.OSMutexPend)
    OSMutexPost                              0x08002395   Thumb Code   354  os_mutex.o(i.OSMutexPost)
    OSSched                                  0x08002509   Thumb Code   130  os_core.o(i.OSSched)
    OSSchedLock                              0x080025a9   Thumb Code   104  os_core.o(i.OSSchedLock)
    OSSchedUnlock                            0x0800261d   Thumb Code   136  os_core.o(i.OSSchedUnlock)
    OSStart                                  0x080026b1   Thumb Code    78  os_core.o(i.OSStart)
    OSStatReset                              0x08002719   Thumb Code   262  os_stat.o(i.OSStatReset)
    OSStatTaskCPUUsageInit                   0x08002841   Thumb Code   212  os_stat.o(i.OSStatTaskCPUUsageInit)
    OSStatTaskHook                           0x08002931   Thumb Code    16  os_cpu_c.o(i.OSStatTaskHook)
    OSTaskCreate                             0x08002945   Thumb Code   392  os_task.o(i.OSTaskCreate)
    OSTaskCreateHook                         0x08002ae1   Thumb Code    20  os_cpu_c.o(i.OSTaskCreateHook)
    OSTaskDel                                0x08002af9   Thumb Code   278  os_task.o(i.OSTaskDel)
    OSTaskDelHook                            0x08002c21   Thumb Code    20  os_cpu_c.o(i.OSTaskDelHook)
    OSTaskResume                             0x08002c39   Thumb Code    96  os_task.o(i.OSTaskResume)
    OSTaskReturnHook                         0x08002ca1   Thumb Code    20  os_cpu_c.o(i.OSTaskReturnHook)
    OSTaskSemPend                            0x08002cb9   Thumb Code   464  os_task.o(i.OSTaskSemPend)
    OSTaskSemPost                            0x08002e95   Thumb Code    62  os_task.o(i.OSTaskSemPost)
    OSTaskStkChk                             0x08002ed5   Thumb Code   204  os_task.o(i.OSTaskStkChk)
    OSTaskStkInit                            0x08002fa9   Thumb Code   600  os_cpu_c.o(i.OSTaskStkInit)
    OSTaskSuspend                            0x0800326d   Thumb Code    48  os_task.o(i.OSTaskSuspend)
    OSTaskSwHook                             0x080032a5   Thumb Code   168  os_cpu_c.o(i.OSTaskSwHook)
    OSTimeDly                                0x0800335d   Thumb Code   172  os_time.o(i.OSTimeDly)
    OSTimeTick                               0x08003415   Thumb Code    50  os_time.o(i.OSTimeTick)
    OSTimeTickHook                           0x08003459   Thumb Code    16  os_cpu_c.o(i.OSTimeTickHook)
    OS_Dbg_Init                              0x0800346d   Thumb Code   146  os_dbg.o(i.OS_Dbg_Init)
    OS_FlagInit                              0x08003615   Thumb Code    14  os_flag.o(i.OS_FlagInit)
    OS_IdleTask                              0x0800362d   Thumb Code    58  os_core.o(i.OS_IdleTask)
    OS_IdleTaskInit                          0x08003671   Thumb Code    66  os_core.o(i.OS_IdleTaskInit)
    OS_MemInit                               0x080036e1   Thumb Code    14  os_mem.o(i.OS_MemInit)
    OS_MsgPoolInit                           0x080036f9   Thumb Code   110  os_msg.o(i.OS_MsgPoolInit)
    OS_MsgQFreeAll                           0x08003775   Thumb Code    62  os_msg.o(i.OS_MsgQFreeAll)
    OS_MsgQInit                              0x080037b9   Thumb Code    14  os_msg.o(i.OS_MsgQInit)
    OS_MutexDbgListAdd                       0x080037c9   Thumb Code    38  os_mutex.o(i.OS_MutexDbgListAdd)
    OS_MutexInit                             0x080037f9   Thumb Code    14  os_mutex.o(i.OS_MutexInit)
    OS_Pend                                  0x08003811   Thumb Code    98  os_core.o(i.OS_Pend)
    OS_PendDataInit                          0x08003879   Thumb Code    38  os_core.o(i.OS_PendDataInit)
    OS_PendDbgNameAdd                        0x080038a1   Thumb Code    66  os_core.o(i.OS_PendDbgNameAdd)
    OS_PendDbgNameRemove                     0x080038fd   Thumb Code    30  os_core.o(i.OS_PendDbgNameRemove)
    OS_PendListChangePrio                    0x08003921   Thumb Code    70  os_core.o(i.OS_PendListChangePrio)
    OS_PendListInit                          0x08003967   Thumb Code    10  os_core.o(i.OS_PendListInit)
    OS_PendListInsertPrio                    0x08003971   Thumb Code   102  os_core.o(i.OS_PendListInsertPrio)
    OS_PendListRemove                        0x080039d7   Thumb Code    48  os_core.o(i.OS_PendListRemove)
    OS_PendListRemove1                       0x08003a07   Thumb Code    66  os_core.o(i.OS_PendListRemove1)
    OS_Post                                  0x08003a49   Thumb Code   214  os_core.o(i.OS_Post)
    OS_Post1                                 0x08003b1f   Thumb Code    42  os_core.o(i.OS_Post1)
    OS_PrioGetHighest                        0x08003b49   Thumb Code    36  os_prio.o(i.OS_PrioGetHighest)
    OS_PrioInit                              0x08003b71   Thumb Code    20  os_prio.o(i.OS_PrioInit)
    OS_PrioInsert                            0x08003b89   Thumb Code    32  os_prio.o(i.OS_PrioInsert)
    OS_PrioRemove                            0x08003bad   Thumb Code    32  os_prio.o(i.OS_PrioRemove)
    OS_QInit                                 0x08003bd1   Thumb Code    14  os_q.o(i.OS_QInit)
    OS_RdyListInit                           0x08003be9   Thumb Code    32  os_core.o(i.OS_RdyListInit)
    OS_RdyListInsert                         0x08003c0d   Thumb Code    40  os_core.o(i.OS_RdyListInsert)
    OS_RdyListInsertHead                     0x08003c39   Thumb Code    58  os_core.o(i.OS_RdyListInsertHead)
    OS_RdyListInsertTail                     0x08003c79   Thumb Code    56  os_core.o(i.OS_RdyListInsertTail)
    OS_RdyListRemove                         0x08003cb5   Thumb Code    86  os_core.o(i.OS_RdyListRemove)
    OS_SchedLockTimeMeasStart                0x08003d11   Thumb Code    20  os_core.o(i.OS_SchedLockTimeMeasStart)
    OS_SchedLockTimeMeasStop                 0x08003d2d   Thumb Code    44  os_core.o(i.OS_SchedLockTimeMeasStop)
    OS_SemInit                               0x08003d69   Thumb Code    14  os_sem.o(i.OS_SemInit)
    OS_StatTask                              0x08003d81   Thumb Code   684  os_stat.o(i.OS_StatTask)
    OS_StatTaskInit                          0x08004069   Thumb Code   136  os_stat.o(i.OS_StatTaskInit)
    OS_TaskBlock                             0x08004135   Thumb Code    40  os_core.o(i.OS_TaskBlock)
    OS_TaskDbgListAdd                        0x08004161   Thumb Code    42  os_task.o(i.OS_TaskDbgListAdd)
    OS_TaskDbgListRemove                     0x08004191   Thumb Code    64  os_task.o(i.OS_TaskDbgListRemove)
    OS_TaskInit                              0x080041d5   Thumb Code    18  os_task.o(i.OS_TaskInit)
    OS_TaskInitTCB                           0x080041f5   Thumb Code   166  os_task.o(i.OS_TaskInitTCB)
    OS_TaskResume                            0x080042a9   Thumb Code   256  os_task.o(i.OS_TaskResume)
    OS_TaskReturn                            0x080043a9   Thumb Code    20  os_task.o(i.OS_TaskReturn)
    OS_TaskSemPost                           0x080043c1   Thumb Code   448  os_task.o(i.OS_TaskSemPost)
    OS_TaskSuspend                           0x08004585   Thumb Code   272  os_task.o(i.OS_TaskSuspend)
    OS_TickListInsert                        0x0800469d   Thumb Code   134  os_tick.o(i.OS_TickListInsert)
    OS_TickListInsertDly                     0x08004725   Thumb Code   180  os_tick.o(i.OS_TickListInsertDly)
    OS_TickListRemove                        0x080047e1   Thumb Code    88  os_tick.o(i.OS_TickListRemove)
    OS_TickListResetPeak                     0x08004839   Thumb Code     2  os_tick.o(i.OS_TickListResetPeak)
    OS_TickTask                              0x080049a9   Thumb Code    98  os_tick.o(i.OS_TickTask)
    OS_TickTaskInit                          0x08004a19   Thumb Code   140  os_tick.o(i.OS_TickTaskInit)
    OS_TmrInit                               0x08004ae1   Thumb Code   200  os_tmr.o(i.OS_TmrInit)
    OS_TmrResetPeak                          0x08004c2d   Thumb Code     2  os_tmr.o(i.OS_TmrResetPeak)
    OS_TmrTask                               0x08004c31   Thumb Code   134  os_tmr.o(i.OS_TmrTask)
    OS_TmrUnlink                             0x08004cc5   Thumb Code    58  os_tmr.o(i.OS_TmrUnlink)
    SVC_Handler                              0x08004d1d   Thumb Code     2  stm32f4xx_it.o(i.SVC_Handler)
    SysTick_Handler                          0x08004d21   Thumb Code    28  delay.o(i.SysTick_Handler)
    SystemClock_Config                       0x08004d41   Thumb Code   198  sysclock.o(i.SystemClock_Config)
    SystemInit                               0x08004e11   Thumb Code    82  system_stm32f4xx.o(i.SystemInit)
    TIM3_IRQHandler                          0x08004e75   Thumb Code    10  stm32f4xx_it.o(i.TIM3_IRQHandler)
    USART1_IRQHandler                        0x080053b1   Thumb Code    64  usart.o(i.USART1_IRQHandler)
    USART2_IRQHandler                        0x080053f9   Thumb Code    64  usart.o(i.USART2_IRQHandler)
    USART3_IRQHandler                        0x08005441   Thumb Code    64  usart.o(i.USART3_IRQHandler)
    UsageFault_Handler                       0x08005489   Thumb Code     4  stm32f4xx_it.o(i.UsageFault_Handler)
    __0printf$bare                           0x0800548d   Thumb Code     8  printfb.o(i.__0printf$bare)
    __1printf$bare                           0x0800548d   Thumb Code     0  printfb.o(i.__0printf$bare)
    __2printf                                0x0800548d   Thumb Code     0  printfb.o(i.__0printf$bare)
    __scatterload_copy                       0x0800549d   Thumb Code    14  handlers.o(i.__scatterload_copy)
    __scatterload_null                       0x080054ab   Thumb Code     2  handlers.o(i.__scatterload_null)
    __scatterload_zeroinit                   0x080054ad   Thumb Code    14  handlers.o(i.__scatterload_zeroinit)
    delay_init                               0x080054dd   Thumb Code    74  delay.o(i.delay_init)
    delay_ms                                 0x08005539   Thumb Code    66  delay.o(i.delay_ms)
    delay_osschedlock                        0x08005589   Thumb Code    10  delay.o(i.delay_osschedlock)
    delay_osschedunlock                      0x08005593   Thumb Code    10  delay.o(i.delay_osschedunlock)
    delay_ostimedly                          0x0800559d   Thumb Code    16  delay.o(i.delay_ostimedly)
    delay_us                                 0x080055ad   Thumb Code    84  delay.o(i.delay_us)
    fputc                                    0x08005605   Thumb Code    22  main.o(i.fputc)
    led0_task                                0x08005621   Thumb Code    40  main.o(i.led0_task)
    main                                     0x0800564d   Thumb Code   118  main.o(i.main)
    start_task                               0x080056dd   Thumb Code   144  main.o(i.start_task)
    wave_task                                0x0800579d   Thumb Code    48  main.o(i.wave_task)
    OSCfg_IdleTaskStkBasePtr                 0x080057d0   Data           4  os_cfg_app.o(.constdata)
    OSCfg_IdleTaskStkLimit                   0x080057d4   Data           4  os_cfg_app.o(.constdata)
    OSCfg_IdleTaskStkSize                    0x080057d8   Data           4  os_cfg_app.o(.constdata)
    OSCfg_IdleTaskStkSizeRAM                 0x080057dc   Data           4  os_cfg_app.o(.constdata)
    OSCfg_IntQBasePtr                        0x080057e0   Data           4  os_cfg_app.o(.constdata)
    OSCfg_IntQSize                           0x080057e4   Data           2  os_cfg_app.o(.constdata)
    OSCfg_IntQSizeRAM                        0x080057e8   Data           4  os_cfg_app.o(.constdata)
    OSCfg_IntQTaskStkBasePtr                 0x080057ec   Data           4  os_cfg_app.o(.constdata)
    OSCfg_IntQTaskStkLimit                   0x080057f0   Data           4  os_cfg_app.o(.constdata)
    OSCfg_IntQTaskStkSize                    0x080057f4   Data           4  os_cfg_app.o(.constdata)
    OSCfg_IntQTaskStkSizeRAM                 0x080057f8   Data           4  os_cfg_app.o(.constdata)
    OSCfg_ISRStkBasePtr                      0x080057fc   Data           4  os_cfg_app.o(.constdata)
    OSCfg_ISRStkSize                         0x08005800   Data           4  os_cfg_app.o(.constdata)
    OSCfg_ISRStkSizeRAM                      0x08005804   Data           4  os_cfg_app.o(.constdata)
    OSCfg_MsgPoolSize                        0x08005808   Data           2  os_cfg_app.o(.constdata)
    OSCfg_MsgPoolSizeRAM                     0x0800580c   Data           4  os_cfg_app.o(.constdata)
    OSCfg_MsgPoolBasePtr                     0x08005810   Data           4  os_cfg_app.o(.constdata)
    OSCfg_StatTaskPrio                       0x08005814   Data           1  os_cfg_app.o(.constdata)
    OSCfg_StatTaskRate_Hz                    0x08005818   Data           4  os_cfg_app.o(.constdata)
    OSCfg_StatTaskStkBasePtr                 0x0800581c   Data           4  os_cfg_app.o(.constdata)
    OSCfg_StatTaskStkLimit                   0x08005820   Data           4  os_cfg_app.o(.constdata)
    OSCfg_StatTaskStkSize                    0x08005824   Data           4  os_cfg_app.o(.constdata)
    OSCfg_StatTaskStkSizeRAM                 0x08005828   Data           4  os_cfg_app.o(.constdata)
    OSCfg_StkSizeMin                         0x0800582c   Data           4  os_cfg_app.o(.constdata)
    OSCfg_TickRate_Hz                        0x08005830   Data           4  os_cfg_app.o(.constdata)
    OSCfg_TickTaskPrio                       0x08005834   Data           1  os_cfg_app.o(.constdata)
    OSCfg_TickTaskStkBasePtr                 0x08005838   Data           4  os_cfg_app.o(.constdata)
    OSCfg_TickTaskStkLimit                   0x0800583c   Data           4  os_cfg_app.o(.constdata)
    OSCfg_TickTaskStkSize                    0x08005840   Data           4  os_cfg_app.o(.constdata)
    OSCfg_TickTaskStkSizeRAM                 0x08005844   Data           4  os_cfg_app.o(.constdata)
    OSCfg_TmrTaskPrio                        0x08005848   Data           1  os_cfg_app.o(.constdata)
    OSCfg_TmrTaskRate_Hz                     0x0800584c   Data           4  os_cfg_app.o(.constdata)
    OSCfg_TmrTaskStkBasePtr                  0x08005850   Data           4  os_cfg_app.o(.constdata)
    OSCfg_TmrTaskStkLimit                    0x08005854   Data           4  os_cfg_app.o(.constdata)
    OSCfg_TmrTaskStkSize                     0x08005858   Data           4  os_cfg_app.o(.constdata)
    OSCfg_TmrTaskStkSizeRAM                  0x0800585c   Data           4  os_cfg_app.o(.constdata)
    OSCfg_DataSizeRAM                        0x08005860   Data           4  os_cfg_app.o(.constdata)
    OSDbg_DbgEn                              0x08005864   Data           1  os_dbg.o(.constdata)
    OSDbg_ArgChkEn                           0x08005865   Data           1  os_dbg.o(.constdata)
    OSDbg_AppHooksEn                         0x08005866   Data           1  os_dbg.o(.constdata)
    OSDbg_EndiannessTest                     0x08005868   Data           4  os_dbg.o(.constdata)
    OSDbg_CalledFromISRChkEn                 0x0800586c   Data           1  os_dbg.o(.constdata)
    OSDbg_FlagEn                             0x0800586d   Data           1  os_dbg.o(.constdata)
    OSDbg_FlagGrp                            0x08005870   Data          40  os_dbg.o(.constdata)
    OSDbg_FlagDelEn                          0x08005898   Data           1  os_dbg.o(.constdata)
    OSDbg_FlagModeClrEn                      0x08005899   Data           1  os_dbg.o(.constdata)
    OSDbg_FlagPendAbortEn                    0x0800589a   Data           1  os_dbg.o(.constdata)
    OSDbg_FlagGrpSize                        0x0800589c   Data           2  os_dbg.o(.constdata)
    OSDbg_FlagWidth                          0x0800589e   Data           2  os_dbg.o(.constdata)
    OSDbg_IntQ                               0x080058a0   Data           2  os_dbg.o(.constdata)
    OSDbg_ISRPostDeferredEn                  0x080058a2   Data           1  os_dbg.o(.constdata)
    OSDbg_Mem                                0x080058a4   Data          32  os_dbg.o(.constdata)
    OSDbg_MemEn                              0x080058c4   Data           1  os_dbg.o(.constdata)
    OSDbg_MemSize                            0x080058c6   Data           2  os_dbg.o(.constdata)
    OSDbg_MsgEn                              0x080058c8   Data           1  os_dbg.o(.constdata)
    OSDbg_MsgSize                            0x080058ca   Data           2  os_dbg.o(.constdata)
    OSDbg_MsgPoolSize                        0x080058cc   Data           2  os_dbg.o(.constdata)
    OSDbg_MsgQSize                           0x080058ce   Data           2  os_dbg.o(.constdata)
    OSDbg_Mutex                              0x080058d0   Data          44  os_dbg.o(.constdata)
    OSDbg_MutexEn                            0x080058fc   Data           1  os_dbg.o(.constdata)
    OSDbg_MutexDelEn                         0x080058fd   Data           1  os_dbg.o(.constdata)
    OSDbg_MutexPendAbortEn                   0x080058fe   Data           1  os_dbg.o(.constdata)
    OSDbg_MutexSize                          0x08005900   Data           2  os_dbg.o(.constdata)
    OSDbg_ObjTypeChkEn                       0x08005902   Data           1  os_dbg.o(.constdata)
    OSDbg_PendMultiEn                        0x08005903   Data           1  os_dbg.o(.constdata)
    OSDbg_PendDataSize                       0x08005904   Data           2  os_dbg.o(.constdata)
    OSDbg_PendListSize                       0x08005906   Data           2  os_dbg.o(.constdata)
    OSDbg_PendObjSize                        0x08005908   Data           2  os_dbg.o(.constdata)
    OSDbg_PrioMax                            0x0800590a   Data           2  os_dbg.o(.constdata)
    OSDbg_PrioTblSize                        0x0800590c   Data           2  os_dbg.o(.constdata)
    OSDbg_PtrSize                            0x0800590e   Data           2  os_dbg.o(.constdata)
    OSDbg_Q                                  0x08005910   Data          48  os_dbg.o(.constdata)
    OSDbg_QEn                                0x08005940   Data           1  os_dbg.o(.constdata)
    OSDbg_QDelEn                             0x08005941   Data           1  os_dbg.o(.constdata)
    OSDbg_QFlushEn                           0x08005942   Data           1  os_dbg.o(.constdata)
    OSDbg_QPendAbortEn                       0x08005943   Data           1  os_dbg.o(.constdata)
    OSDbg_QSize                              0x08005944   Data           2  os_dbg.o(.constdata)
    OSDbg_SchedRoundRobinEn                  0x08005946   Data           1  os_dbg.o(.constdata)
    OSDbg_Sem                                0x08005948   Data          40  os_dbg.o(.constdata)
    OSDbg_SemEn                              0x08005970   Data           1  os_dbg.o(.constdata)
    OSDbg_SemDelEn                           0x08005971   Data           1  os_dbg.o(.constdata)
    OSDbg_SemPendAbortEn                     0x08005972   Data           1  os_dbg.o(.constdata)
    OSDbg_SemSetEn                           0x08005973   Data           1  os_dbg.o(.constdata)
    OSDbg_SemSize                            0x08005974   Data           2  os_dbg.o(.constdata)
    OSDbg_RdyList                            0x08005976   Data           2  os_dbg.o(.constdata)
    OSDbg_RdyListSize                        0x08005978   Data           4  os_dbg.o(.constdata)
    OSDbg_StkWidth                           0x0800597c   Data           1  os_dbg.o(.constdata)
    OSDbg_StatTaskEn                         0x0800597d   Data           1  os_dbg.o(.constdata)
    OSDbg_StatTaskStkChkEn                   0x0800597e   Data           1  os_dbg.o(.constdata)
    OSDbg_TaskChangePrioEn                   0x0800597f   Data           1  os_dbg.o(.constdata)
    OSDbg_TaskDelEn                          0x08005980   Data           1  os_dbg.o(.constdata)
    OSDbg_TaskQEn                            0x08005981   Data           1  os_dbg.o(.constdata)
    OSDbg_TaskQPendAbortEn                   0x08005982   Data           1  os_dbg.o(.constdata)
    OSDbg_TaskProfileEn                      0x08005983   Data           1  os_dbg.o(.constdata)
    OSDbg_TaskRegTblSize                     0x08005984   Data           2  os_dbg.o(.constdata)
    OSDbg_TaskSemPendAbortEn                 0x08005986   Data           1  os_dbg.o(.constdata)
    OSDbg_TaskSuspendEn                      0x08005987   Data           1  os_dbg.o(.constdata)
    OSDbg_TCBSize                            0x08005988   Data           2  os_dbg.o(.constdata)
    OSDbg_TickListSize                       0x0800598a   Data           2  os_dbg.o(.constdata)
    OSDbg_TimeDlyHMSMEn                      0x0800598c   Data           1  os_dbg.o(.constdata)
    OSDbg_TimeDlyResumeEn                    0x0800598d   Data           1  os_dbg.o(.constdata)
    OSDbg_TLS_TblSize                        0x0800598e   Data           2  os_dbg.o(.constdata)
    OSDbg_Tmr                                0x08005990   Data          48  os_dbg.o(.constdata)
    OSDbg_TmrEn                              0x080059c0   Data           1  os_dbg.o(.constdata)
    OSDbg_TmrDelEn                           0x080059c1   Data           1  os_dbg.o(.constdata)
    OSDbg_TmrSize                            0x080059c2   Data           2  os_dbg.o(.constdata)
    OSDbg_VersionNbr                         0x080059c4   Data           2  os_dbg.o(.constdata)
    OSDbg_DataSize                           0x080059c8   Data           4  os_dbg.o(.constdata)
    APBAHBPrescTable                         0x080059cc   Data          16  stm32f4xx_hal_rcc.o(.constdata)
    Region$$Table$$Base                      0x080059dc   Number         0  anon$$obj.o(Region$$Table)
    Region$$Table$$Limit                     0x080059fc   Number         0  anon$$obj.o(Region$$Table)
    SystemCoreClock                          0x20000000   Data           4  system_stm32f4xx.o(.data)
    CPU_TS_TmrFreq_Hz                        0x2000000c   Data           4  cpu_core.o(.data)
    OS_CPU_ExceptStkBase                     0x20000010   Data           4  os_cpu_c.o(.data)
    OSPrioTbl                                0x20000014   Data           8  os_prio.o(.data)
    OS_AppTaskCreateHookPtr                  0x2000001c   Data           4  os_var.o(.data)
    OS_AppTaskDelHookPtr                     0x20000020   Data           4  os_var.o(.data)
    OS_AppTaskReturnHookPtr                  0x20000024   Data           4  os_var.o(.data)
    OS_AppIdleTaskHookPtr                    0x20000028   Data           4  os_var.o(.data)
    OS_AppStatTaskHookPtr                    0x2000002c   Data           4  os_var.o(.data)
    OS_AppTaskSwHookPtr                      0x20000030   Data           4  os_var.o(.data)
    OS_AppTimeTickHookPtr                    0x20000034   Data           4  os_var.o(.data)
    OSIdleTaskCtr                            0x20000038   Data           4  os_var.o(.data)
    OSIntNestingCtr                          0x2000003c   Data           1  os_var.o(.data)
    OSRunning                                0x2000003d   Data           1  os_var.o(.data)
    OSFlagDbgListPtr                         0x20000040   Data           4  os_var.o(.data)
    OSFlagQty                                0x20000044   Data           2  os_var.o(.data)
    OSMemDbgListPtr                          0x20000048   Data           4  os_var.o(.data)
    OSMemQty                                 0x2000004c   Data           2  os_var.o(.data)
    OSMutexDbgListPtr                        0x20000050   Data           4  os_var.o(.data)
    OSMutexQty                               0x20000054   Data           2  os_var.o(.data)
    OSPrioCur                                0x20000056   Data           1  os_var.o(.data)
    OSPrioHighRdy                            0x20000057   Data           1  os_var.o(.data)
    OSPrioSaved                              0x20000058   Data           1  os_var.o(.data)
    OSQDbgListPtr                            0x2000005c   Data           4  os_var.o(.data)
    OSQQty                                   0x20000060   Data           2  os_var.o(.data)
    OSSchedLockTimeBegin                     0x20000064   Data           4  os_var.o(.data)
    OSSchedLockTimeMax                       0x20000068   Data           4  os_var.o(.data)
    OSSchedLockTimeMaxCur                    0x2000006c   Data           4  os_var.o(.data)
    OSSchedLockNestingCtr                    0x20000070   Data           1  os_var.o(.data)
    OSSemDbgListPtr                          0x20000074   Data           4  os_var.o(.data)
    OSSemQty                                 0x20000078   Data           2  os_var.o(.data)
    OSStatResetFlag                          0x2000007a   Data           1  os_var.o(.data)
    OSStatTaskCPUUsage                       0x2000007c   Data           2  os_var.o(.data)
    OSStatTaskCPUUsageMax                    0x2000007e   Data           2  os_var.o(.data)
    OSStatTaskCtr                            0x20000080   Data           4  os_var.o(.data)
    OSStatTaskCtrMax                         0x20000084   Data           4  os_var.o(.data)
    OSStatTaskCtrRun                         0x20000088   Data           4  os_var.o(.data)
    OSStatTaskRdy                            0x2000008c   Data           1  os_var.o(.data)
    OSStatTaskTimeMax                        0x20000090   Data           4  os_var.o(.data)
    OSTaskCtxSwCtr                           0x20000094   Data           4  os_var.o(.data)
    OSTaskDbgListPtr                         0x20000098   Data           4  os_var.o(.data)
    OSTaskQty                                0x2000009c   Data           2  os_var.o(.data)
    OSTaskRegNextAvailID                     0x2000009e   Data           1  os_var.o(.data)
    OSTickCtr                                0x200000a0   Data           4  os_var.o(.data)
    OSTickTaskTimeMax                        0x200000a4   Data           4  os_var.o(.data)
    OSTickListDly                            0x200000a8   Data           8  os_var.o(.data)
    OSTickListTimeout                        0x200000b0   Data           8  os_var.o(.data)
    OSTmrDbgListPtr                          0x200000b8   Data           4  os_var.o(.data)
    OSTmrListEntries                         0x200000bc   Data           2  os_var.o(.data)
    OSTmrListPtr                             0x200000c0   Data           4  os_var.o(.data)
    OSTmrQty                                 0x200000c4   Data           2  os_var.o(.data)
    OSTmrTaskTimeMax                         0x200000c8   Data           4  os_var.o(.data)
    OSTmrTickCtr                             0x200000cc   Data           4  os_var.o(.data)
    OSTmrUpdateCnt                           0x200000d0   Data           4  os_var.o(.data)
    OSTmrUpdateCtr                           0x200000d4   Data           4  os_var.o(.data)
    OSTCBCurPtr                              0x200000d8   Data           4  os_var.o(.data)
    OSTCBHighRdyPtr                          0x200000dc   Data           4  os_var.o(.data)
    uwTick                                   0x200000e0   Data           4  stm32f4xx_hal.o(.data)
    USART_RX_STA_1                           0x200000e4   Data           2  main.o(.data)
    Track_buff                               0x200000e8   Data           4  main.o(.data)
    aRxBuffer_1                              0x200000ec   Data           1  main.o(.data)
    USART_RX_STA_2                           0x200000ee   Data           2  main.o(.data)
    aRxBuffer_2                              0x200000f0   Data           1  main.o(.data)
    USART_RX_STA_3                           0x200000f2   Data           2  main.o(.data)
    aRxBuffer_3                              0x200000f4   Data           1  main.o(.data)
    len                                      0x200000f5   Data           1  main.o(.data)
    times                                    0x200000f6   Data           2  main.o(.data)
    tim3_flag                                0x200000f8   Data           4  main.o(.data)
    wave_watch                               0x200000fc   Data           4  main.o(.data)
    flag_usart_1                             0x20000100   Data           2  main.o(.data)
    packflag_1                               0x20000102   Data           2  main.o(.data)
    flag_usart_2                             0x20000104   Data           2  main.o(.data)
    packflag_2                               0x20000106   Data           2  main.o(.data)
    flag_usart_3                             0x20000108   Data           2  main.o(.data)
    packflag_3                               0x2000010a   Data           2  main.o(.data)
    tim13_val                                0x2000010c   Data           4  main.o(.data)
    tim14_val                                0x20000110   Data           4  main.o(.data)
    n                                        0x20000114   Data           2  main.o(.data)
    range                                    0x20000116   Data           4  main.o(.data)
    only_one                                 0x2000011c   Data           8  main.o(.data)
    ptr                                      0x20000124   Data           6  main.o(.data)
    Temp                                     0x2000012c   Data           4  main.o(.data)
    shuzi                                    0x20000130   Data          13  main.o(.data)
    Obj                                      0x2000013d   Data           4  main.o(.data)
    Tra                                      0x20000141   Data           4  main.o(.data)
    Tsk                                      0x20000145   Data           4  main.o(.data)
    Loc                                      0x20000149   Data           4  main.o(.data)
    Fw                                       0x2000014d   Data           3  main.o(.data)
    Bk                                       0x20000150   Data           3  main.o(.data)
    Rk                                       0x20000153   Data           3  main.o(.data)
    GG                                       0x20000156   Data           1  main.o(.data)
    Rm                                       0x20000157   Data           3  main.o(.data)
    Bm                                       0x2000015a   Data           3  main.o(.data)
    Wt                                       0x2000015d   Data           3  main.o(.data)
    Id                                       0x20000160   Data           3  main.o(.data)
    Read_Id                                  0x20000163   Data           3  main.o(.data)
    Read_Rfid                                0x20000166   Data           4  main.o(.data)
    Read_cmd                                 0x2000016a   Data          11  main.o(.data)
    Find_cmd                                 0x20000175   Data           4  main.o(.data)
    Stop_cmd                                 0x20000179   Data           4  main.o(.data)
    data_rec_flag                            0x2000017d   Data           1  main.o(.data)
    Command_State                            0x2000017e   Data           1  main.o(.data)
    Motor_Status                             0x2000017f   Data           1  main.o(.data)
    __stdout                                 0x20000180   Data           4  stdout.o(.data)
    CPU_Name                                 0x20000184   Data          16  cpu_core.o(.bss)
    OSCfg_IdleTaskStk                        0x20000194   Data         512  os_cfg_app.o(.bss)
    OSCfg_ISRStk                             0x20000394   Data         512  os_cfg_app.o(.bss)
    OSCfg_MsgPool                            0x20000594   Data        1600  os_cfg_app.o(.bss)
    OSCfg_StatTaskStk                        0x20000bd4   Data         512  os_cfg_app.o(.bss)
    OSCfg_TickTaskStk                        0x20000dd4   Data         512  os_cfg_app.o(.bss)
    OSCfg_TmrTaskStk                         0x20000fd4   Data         512  os_cfg_app.o(.bss)
    OSIdleTaskTCB                            0x200011d4   Data         184  os_var.o(.bss)
    OSMsgPool                                0x2000128c   Data          12  os_var.o(.bss)
    OSRdyList                                0x20001298   Data         768  os_var.o(.bss)
    OSStatTaskTCB                            0x20001598   Data         184  os_var.o(.bss)
    OSTickTaskTCB                            0x20001650   Data         184  os_var.o(.bss)
    OSTmrMutex                               0x20001708   Data          44  os_var.o(.bss)
    OSTmrTaskTCB                             0x20001734   Data         184  os_var.o(.bss)
    Rx_buff_22                               0x200017ec   Data         200  main.o(.bss)
    Rx_buff_1                                0x200018b4   Data         200  main.o(.bss)
    Rx_buff_33                               0x2000197c   Data         200  main.o(.bss)
    Rx_buff_2                                0x20001a44   Data         200  main.o(.bss)
    Rx_buff_3                                0x20001b0c   Data         200  main.o(.bss)
    huart1                                   0x20001bd4   Data          64  main.o(.bss)
    huart2                                   0x20001c14   Data          64  main.o(.bss)
    huart3                                   0x20001c54   Data          64  main.o(.bss)
    htim13                                   0x20001c94   Data          60  main.o(.bss)
    htim14                                   0x20001cd0   Data          60  main.o(.bss)
    htim3                                    0x20001d0c   Data          60  main.o(.bss)
    hadc1                                    0x20001d48   Data          72  main.o(.bss)
    hdma_adc1                                0x20001d90   Data          96  main.o(.bss)
    uhADCxConvertedValue2                    0x20001df0   Data         200  main.o(.bss)
    StartTaskTCB                             0x20001eb8   Data         184  main.o(.bss)
    START_TASK_STK                           0x20001f70   Data        2048  main.o(.bss)
    Led0TaskTCB                              0x20002770   Data         184  main.o(.bss)
    LED0_TASK_STK                            0x20002828   Data         512  main.o(.bss)
    WAVETaskTCB                              0x20002a28   Data         184  main.o(.bss)
    WAVE_TASK_STK                            0x20002ae0   Data         512  main.o(.bss)
    __initial_sp                             0x200030e0   Data           0  startup_stm32f429xx.o(STACK)



==============================================================================

Memory Map of the image

  Image Entry point : 0x080001ad

  Load Region LR_IROM1 (Base: 0x08000000, Size: 0x00005b80, Max: 0x00100000, ABSOLUTE, COMPRESSED[0x00005a58])

    Execution Region ER_IROM1 (Base: 0x08000000, Size: 0x000059fc, Max: 0x00100000, ABSOLUTE)

    Base Addr    Size         Type   Attr      Idx    E Section Name        Object

    0x08000000   0x000001ac   Data   RO         2898    RESET               startup_stm32f429xx.o
    0x080001ac   0x00000000   Code   RO         5638  * .ARM.Collect$$$$00000000  mc_w.l(entry.o)
    0x080001ac   0x00000004   Code   RO         5931    .ARM.Collect$$$$00000001  mc_w.l(entry2.o)
    0x080001b0   0x00000004   Code   RO         5934    .ARM.Collect$$$$00000004  mc_w.l(entry5.o)
    0x080001b4   0x00000000   Code   RO         5936    .ARM.Collect$$$$00000008  mc_w.l(entry7b.o)
    0x080001b4   0x00000000   Code   RO         5938    .ARM.Collect$$$$0000000A  mc_w.l(entry8b.o)
    0x080001b4   0x00000008   Code   RO         5939    .ARM.Collect$$$$0000000B  mc_w.l(entry9a.o)
    0x080001bc   0x00000000   Code   RO         5941    .ARM.Collect$$$$0000000D  mc_w.l(entry10a.o)
    0x080001bc   0x00000000   Code   RO         5943    .ARM.Collect$$$$0000000F  mc_w.l(entry11a.o)
    0x080001bc   0x00000004   Code   RO         5932    .ARM.Collect$$$$00002712  mc_w.l(entry2.o)
    0x080001c0   0x00000034   Code   RO         1257    .text               cpu_a.o
    0x080001f4   0x00000044   Code   RO         2899    .text               startup_stm32f429xx.o
    0x08000238   0x00000024   Code   RO         5969    .text               mc_w.l(init.o)
    0x0800025c   0x0000003a   Code   RO         5983    .text               mc_w.l(__dczerorl.o)
    0x08000296   0x00000002   PAD
    0x08000298   0x000000c4   Code   RO         1832    CODE                os_cpu_a.o
    0x0800035c   0x00000010   Code   RO         5437    i.ADC_IRQHandler    stm32f4xx_it.o
    0x0800036c   0x0000000c   Code   RO         1035    i.BSP_CPU_ClkFreq   bsp.o
    0x08000378   0x00000004   Code   RO         5438    i.BusFault_Handler  stm32f4xx_it.o
    0x0800037c   0x0000000c   Code   RO         1085    i.CPU_Init          cpu_core.o
    0x08000388   0x00000030   Code   RO         1086    i.CPU_NameClr       cpu_core.o
    0x080003b8   0x00000008   Code   RO         1088    i.CPU_NameInit      cpu_core.o
    0x080003c0   0x00000014   Code   RO         1092    i.CPU_TS_Init       cpu_core.o
    0x080003d4   0x0000000c   Code   RO         1094    i.CPU_TS_TmrFreqSet  cpu_core.o
    0x080003e0   0x00000034   Code   RO         1037    i.CPU_TS_TmrInit    bsp.o
    0x08000414   0x0000000c   Code   RO         1038    i.CPU_TS_TmrRd      bsp.o
    0x08000420   0x00000010   Code   RO         5439    i.DMA2_Stream0_IRQHandler  stm32f4xx_it.o
    0x08000430   0x00000002   Code   RO         5440    i.DebugMon_Handler  stm32f4xx_it.o
    0x08000432   0x00000004   Code   RO          632    i.Error_Handler     sysclock.o
    0x08000436   0x00000002   Code   RO         5336    i.HAL_ADCEx_InjectedConvCpltCallback  stm32f4xx_hal_adc_ex.o
    0x08000438   0x00000002   Code   RO         5168    i.HAL_ADC_ConvCpltCallback  stm32f4xx_hal_adc.o
    0x0800043a   0x00000002   Code   RO         5171    i.HAL_ADC_ErrorCallback  stm32f4xx_hal_adc.o
    0x0800043c   0x00000174   Code   RO         5175    i.HAL_ADC_IRQHandler  stm32f4xx_hal_adc.o
    0x080005b0   0x00000002   Code   RO         5177    i.HAL_ADC_LevelOutOfWindowCallback  stm32f4xx_hal_adc.o
    0x080005b2   0x00000028   Code   RO         2910    i.HAL_DMA_Abort_IT  stm32f4xx_hal_dma.o
    0x080005da   0x00000002   PAD
    0x080005dc   0x00000248   Code   RO         2914    i.HAL_DMA_IRQHandler  stm32f4xx_hal_dma.o
    0x08000824   0x0000021c   Code   RO         3367    i.HAL_GPIO_Init     stm32f4xx_hal_gpio.o
    0x08000a40   0x0000000c   Code   RO         3371    i.HAL_GPIO_WritePin  stm32f4xx_hal_gpio.o
    0x08000a4c   0x0000000c   Code   RO         3445    i.HAL_GetTick       stm32f4xx_hal.o
    0x08000a58   0x00000010   Code   RO         3446    i.HAL_IncTick       stm32f4xx_hal.o
    0x08000a68   0x0000003c   Code   RO         3447    i.HAL_Init          stm32f4xx_hal.o
    0x08000aa4   0x00000028   Code   RO         3448    i.HAL_InitTick      stm32f4xx_hal.o
    0x08000acc   0x00000056   Code   RO         5521    i.HAL_MspInit       stm32f4xx_hal_msp.o
    0x08000b22   0x0000007c   Code   RO         4402    i.HAL_NVIC_SetPriority  stm32f4xx_hal_cortex.o
    0x08000b9e   0x00000002   PAD
    0x08000ba0   0x00000028   Code   RO         4403    i.HAL_NVIC_SetPriorityGrouping  stm32f4xx_hal_cortex.o
    0x08000bc8   0x000000a4   Code   RO         3257    i.HAL_PWREx_EnableOverDrive  stm32f4xx_hal_pwr_ex.o
    0x08000c6c   0x000001d0   Code   RO         3744    i.HAL_RCC_ClockConfig  stm32f4xx_hal_rcc.o
    0x08000e3c   0x0000000c   Code   RO         3749    i.HAL_RCC_GetHCLKFreq  stm32f4xx_hal_rcc.o
    0x08000e48   0x0000002c   Code   RO         3751    i.HAL_RCC_GetPCLK1Freq  stm32f4xx_hal_rcc.o
    0x08000e74   0x0000002c   Code   RO         3752    i.HAL_RCC_GetPCLK2Freq  stm32f4xx_hal_rcc.o
    0x08000ea0   0x000000b4   Code   RO         3753    i.HAL_RCC_GetSysClockFreq  stm32f4xx_hal_rcc.o
    0x08000f54   0x0000039c   Code   RO         3756    i.HAL_RCC_OscConfig  stm32f4xx_hal_rcc.o
    0x080012f0   0x00000028   Code   RO         4405    i.HAL_SYSTICK_CLKSourceConfig  stm32f4xx_hal_cortex.o
    0x08001318   0x00000034   Code   RO         4407    i.HAL_SYSTICK_Config  stm32f4xx_hal_cortex.o
    0x0800134c   0x00000002   Code   RO         3012    i.HAL_TIMEx_BreakCallback  stm32f4xx_hal_tim_ex.o
    0x0800134e   0x00000002   Code   RO         3013    i.HAL_TIMEx_CommutationCallback  stm32f4xx_hal_tim_ex.o
    0x08001350   0x00000002   Code   RO         4552    i.HAL_TIM_IC_CaptureCallback  stm32f4xx_hal_tim.o
    0x08001352   0x00000196   Code   RO         4565    i.HAL_TIM_IRQHandler  stm32f4xx_hal_tim.o
    0x080014e8   0x00000002   Code   RO         4568    i.HAL_TIM_OC_DelayElapsedCallback  stm32f4xx_hal_tim.o
    0x080014ea   0x00000002   Code   RO         4595    i.HAL_TIM_PWM_PulseFinishedCallback  stm32f4xx_hal_tim.o
    0x080014ec   0x0000002c   Code   RO          398    i.HAL_TIM_PeriodElapsedCallback  timer3.o
    0x08001518   0x00000002   Code   RO         4606    i.HAL_TIM_TriggerCallback  stm32f4xx_hal_tim.o
    0x0800151a   0x00000002   Code   RO         3998    i.HAL_UART_ErrorCallback  stm32f4xx_hal_uart.o
    0x0800151c   0x00000014   Code   RO         4000    i.HAL_UART_GetState  stm32f4xx_hal_uart.o
    0x08001530   0x0000014c   Code   RO         4001    i.HAL_UART_IRQHandler  stm32f4xx_hal_uart.o
    0x0800167c   0x00000072   Code   RO         4002    i.HAL_UART_Init     stm32f4xx_hal_uart.o
    0x080016ee   0x00000002   PAD
    0x080016f0   0x0000011c   Code   RO         5526    i.HAL_UART_MspInit  stm32f4xx_hal_msp.o
    0x0800180c   0x00000064   Code   RO         4007    i.HAL_UART_Receive_IT  stm32f4xx_hal_uart.o
    0x08001870   0x00000180   Code   RO          307    i.HAL_UART_RxCpltCallback  usart.o
    0x080019f0   0x000000d6   Code   RO         4010    i.HAL_UART_Transmit  stm32f4xx_hal_uart.o
    0x08001ac6   0x00000002   Code   RO         4013    i.HAL_UART_TxCpltCallback  stm32f4xx_hal_uart.o
    0x08001ac8   0x00000004   Code   RO         5441    i.HardFault_Handler  stm32f4xx_it.o
    0x08001acc   0x0000025c   Code   RO          608    i.MX_GPIO_Init      gpio_init.o
    0x08001d28   0x00000044   Code   RO          544    i.MX_USART3_UART_Init  uart_init.o
    0x08001d6c   0x00000004   Code   RO         5442    i.MemManage_Handler  stm32f4xx_it.o
    0x08001d70   0x00000012   Code   RO         1404    i.Mem_Clr           lib_mem.o
    0x08001d82   0x00000054   Code   RO         1420    i.Mem_Set           lib_mem.o
    0x08001dd6   0x00000002   Code   RO         5443    i.NMI_Handler       stm32f4xx_it.o
    0x08001dd8   0x00000010   Code   RO         4409    i.NVIC_GetPriorityGrouping  stm32f4xx_hal_cortex.o
    0x08001de8   0x00000028   Code   RO         4410    i.NVIC_SetPriority  stm32f4xx_hal_cortex.o
    0x08001e10   0x00000002   Code   RO         1835    i.OSCfg_Init        os_cfg_app.o
    0x08001e12   0x00000002   PAD
    0x08001e14   0x00000014   Code   RO         1754    i.OSIdleTaskHook    os_cpu_c.o
    0x08001e28   0x00000164   Code   RO         1858    i.OSInit            os_core.o
    0x08001f8c   0x00000028   Code   RO         1755    i.OSInitHook        os_cpu_c.o
    0x08001fb4   0x0000002c   Code   RO         1859    i.OSIntEnter        os_core.o
    0x08001fe0   0x000000dc   Code   RO         1860    i.OSIntExit         os_core.o
    0x080020bc   0x00000088   Code   RO         2255    i.OSMutexCreate     os_mutex.o
    0x08002144   0x00000250   Code   RO         2257    i.OSMutexPend       os_mutex.o
    0x08002394   0x00000174   Code   RO         2259    i.OSMutexPost       os_mutex.o
    0x08002508   0x000000a0   Code   RO         1861    i.OSSched           os_core.o
    0x080025a8   0x00000074   Code   RO         1862    i.OSSchedLock       os_core.o
    0x0800261c   0x00000094   Code   RO         1863    i.OSSchedUnlock     os_core.o
    0x080026b0   0x00000068   Code   RO         1864    i.OSStart           os_core.o
    0x08002718   0x00000128   Code   RO         2502    i.OSStatReset       os_stat.o
    0x08002840   0x000000f0   Code   RO         2503    i.OSStatTaskCPUUsageInit  os_stat.o
    0x08002930   0x00000014   Code   RO         1756    i.OSStatTaskHook    os_cpu_c.o
    0x08002944   0x0000019c   Code   RO         2533    i.OSTaskCreate      os_task.o
    0x08002ae0   0x00000018   Code   RO         1757    i.OSTaskCreateHook  os_cpu_c.o
    0x08002af8   0x00000128   Code   RO         2534    i.OSTaskDel         os_task.o
    0x08002c20   0x00000018   Code   RO         1758    i.OSTaskDelHook     os_cpu_c.o
    0x08002c38   0x00000068   Code   RO         2542    i.OSTaskResume      os_task.o
    0x08002ca0   0x00000018   Code   RO         1759    i.OSTaskReturnHook  os_cpu_c.o
    0x08002cb8   0x000001dc   Code   RO         2543    i.OSTaskSemPend     os_task.o
    0x08002e94   0x0000003e   Code   RO         2545    i.OSTaskSemPost     os_task.o
    0x08002ed2   0x00000002   PAD
    0x08002ed4   0x000000d4   Code   RO         2547    i.OSTaskStkChk      os_task.o
    0x08002fa8   0x000002c4   Code   RO         1760    i.OSTaskStkInit     os_cpu_c.o
    0x0800326c   0x00000038   Code   RO         2548    i.OSTaskSuspend     os_task.o
    0x080032a4   0x000000b8   Code   RO         1761    i.OSTaskSwHook      os_cpu_c.o
    0x0800335c   0x000000b8   Code   RO         2746    i.OSTimeDly         os_time.o
    0x08003414   0x00000044   Code   RO         2751    i.OSTimeTick        os_time.o
    0x08003458   0x00000014   Code   RO         1762    i.OSTimeTickHook    os_cpu_c.o
    0x0800346c   0x000001a8   Code   RO         2078    i.OS_Dbg_Init       os_dbg.o
    0x08003614   0x00000018   Code   RO         2103    i.OS_FlagInit       os_flag.o
    0x0800362c   0x00000044   Code   RO         1866    i.OS_IdleTask       os_core.o
    0x08003670   0x00000070   Code   RO         1867    i.OS_IdleTaskInit   os_core.o
    0x080036e0   0x00000018   Code   RO         2187    i.OS_MemInit        os_mem.o
    0x080036f8   0x0000007c   Code   RO         2219    i.OS_MsgPoolInit    os_msg.o
    0x08003774   0x00000044   Code   RO         2220    i.OS_MsgQFreeAll    os_msg.o
    0x080037b8   0x0000000e   Code   RO         2222    i.OS_MsgQInit       os_msg.o
    0x080037c6   0x00000002   PAD
    0x080037c8   0x00000030   Code   RO         2261    i.OS_MutexDbgListAdd  os_mutex.o
    0x080037f8   0x00000018   Code   RO         2263    i.OS_MutexInit      os_mutex.o
    0x08003810   0x00000068   Code   RO         1868    i.OS_Pend           os_core.o
    0x08003878   0x00000026   Code   RO         1871    i.OS_PendDataInit   os_core.o
    0x0800389e   0x00000002   PAD
    0x080038a0   0x0000005c   Code   RO         1872    i.OS_PendDbgNameAdd  os_core.o
    0x080038fc   0x00000024   Code   RO         1873    i.OS_PendDbgNameRemove  os_core.o
    0x08003920   0x00000046   Code   RO         1874    i.OS_PendListChangePrio  os_core.o
    0x08003966   0x0000000a   Code   RO         1875    i.OS_PendListInit   os_core.o
    0x08003970   0x00000066   Code   RO         1877    i.OS_PendListInsertPrio  os_core.o
    0x080039d6   0x00000030   Code   RO         1878    i.OS_PendListRemove  os_core.o
    0x08003a06   0x00000042   Code   RO         1879    i.OS_PendListRemove1  os_core.o
    0x08003a48   0x000000d6   Code   RO         1882    i.OS_Post           os_core.o
    0x08003b1e   0x0000002a   Code   RO         1883    i.OS_Post1          os_core.o
    0x08003b48   0x00000028   Code   RO         2321    i.OS_PrioGetHighest  os_prio.o
    0x08003b70   0x00000018   Code   RO         2322    i.OS_PrioInit       os_prio.o
    0x08003b88   0x00000024   Code   RO         2323    i.OS_PrioInsert     os_prio.o
    0x08003bac   0x00000024   Code   RO         2324    i.OS_PrioRemove     os_prio.o
    0x08003bd0   0x00000018   Code   RO         2367    i.OS_QInit          os_q.o
    0x08003be8   0x00000024   Code   RO         1884    i.OS_RdyListInit    os_core.o
    0x08003c0c   0x0000002c   Code   RO         1885    i.OS_RdyListInsert  os_core.o
    0x08003c38   0x00000040   Code   RO         1886    i.OS_RdyListInsertHead  os_core.o
    0x08003c78   0x0000003c   Code   RO         1887    i.OS_RdyListInsertTail  os_core.o
    0x08003cb4   0x0000005c   Code   RO         1889    i.OS_RdyListRemove  os_core.o
    0x08003d10   0x0000001c   Code   RO         1890    i.OS_SchedLockTimeMeasStart  os_core.o
    0x08003d2c   0x0000003c   Code   RO         1891    i.OS_SchedLockTimeMeasStop  os_core.o
    0x08003d68   0x00000018   Code   RO         2439    i.OS_SemInit        os_sem.o
    0x08003d80   0x000002e8   Code   RO         2504    i.OS_StatTask       os_stat.o
    0x08004068   0x000000cc   Code   RO         2505    i.OS_StatTaskInit   os_stat.o
    0x08004134   0x0000002c   Code   RO         1892    i.OS_TaskBlock      os_core.o
    0x08004160   0x00000030   Code   RO         2549    i.OS_TaskDbgListAdd  os_task.o
    0x08004190   0x00000044   Code   RO         2550    i.OS_TaskDbgListRemove  os_task.o
    0x080041d4   0x00000020   Code   RO         2551    i.OS_TaskInit       os_task.o
    0x080041f4   0x000000b4   Code   RO         2552    i.OS_TaskInitTCB    os_task.o
    0x080042a8   0x00000100   Code   RO         2554    i.OS_TaskResume     os_task.o
    0x080043a8   0x00000018   Code   RO         2555    i.OS_TaskReturn     os_task.o
    0x080043c0   0x000001c4   Code   RO         2556    i.OS_TaskSemPost    os_task.o
    0x08004584   0x00000118   Code   RO         2557    i.OS_TaskSuspend    os_task.o
    0x0800469c   0x00000086   Code   RO         2694    i.OS_TickListInsert  os_tick.o
    0x08004722   0x00000002   PAD
    0x08004724   0x000000bc   Code   RO         2695    i.OS_TickListInsertDly  os_tick.o
    0x080047e0   0x00000058   Code   RO         2696    i.OS_TickListRemove  os_tick.o
    0x08004838   0x00000002   Code   RO         2697    i.OS_TickListResetPeak  os_tick.o
    0x0800483a   0x00000002   PAD
    0x0800483c   0x00000098   Code   RO         2698    i.OS_TickListUpdateDly  os_tick.o
    0x080048d4   0x000000d4   Code   RO         2699    i.OS_TickListUpdateTimeout  os_tick.o
    0x080049a8   0x00000070   Code   RO         2700    i.OS_TickTask       os_tick.o
    0x08004a18   0x000000c8   Code   RO         2701    i.OS_TickTaskInit   os_tick.o
    0x08004ae0   0x00000134   Code   RO         2797    i.OS_TmrInit        os_tmr.o
    0x08004c14   0x00000018   Code   RO         2798    i.OS_TmrLock        os_tmr.o
    0x08004c2c   0x00000002   Code   RO         2799    i.OS_TmrResetPeak   os_tmr.o
    0x08004c2e   0x00000002   PAD
    0x08004c30   0x00000094   Code   RO         2800    i.OS_TmrTask        os_tmr.o
    0x08004cc4   0x00000044   Code   RO         2801    i.OS_TmrUnlink      os_tmr.o
    0x08004d08   0x00000014   Code   RO         2802    i.OS_TmrUnlock      os_tmr.o
    0x08004d1c   0x00000002   Code   RO         5444    i.SVC_Handler       stm32f4xx_it.o
    0x08004d1e   0x00000002   PAD
    0x08004d20   0x00000020   Code   RO          139    i.SysTick_Handler   delay.o
    0x08004d40   0x000000d0   Code   RO          633    i.SystemClock_Config  sysclock.o
    0x08004e10   0x00000064   Code   RO            5    i.SystemInit        system_stm32f4xx.o
    0x08004e74   0x00000010   Code   RO         5445    i.TIM3_IRQHandler   stm32f4xx_it.o
    0x08004e84   0x00000014   Code   RO         4015    i.UART_DMAAbortOnError  stm32f4xx_hal_uart.o
    0x08004e98   0x00000020   Code   RO         4021    i.UART_EndRxTransfer  stm32f4xx_hal_uart.o
    0x08004eb8   0x00000020   Code   RO         4022    i.UART_EndTransmit_IT  stm32f4xx_hal_uart.o
    0x08004ed8   0x0000009a   Code   RO         4024    i.UART_Receive_IT   stm32f4xx_hal_uart.o
    0x08004f72   0x00000002   PAD
    0x08004f74   0x00000368   Code   RO         4025    i.UART_SetConfig    stm32f4xx_hal_uart.o
    0x080052dc   0x00000068   Code   RO         4026    i.UART_Transmit_IT  stm32f4xx_hal_uart.o
    0x08005344   0x0000006c   Code   RO         4027    i.UART_WaitOnFlagUntilTimeout  stm32f4xx_hal_uart.o
    0x080053b0   0x00000048   Code   RO          308    i.USART1_IRQHandler  usart.o
    0x080053f8   0x00000048   Code   RO          309    i.USART2_IRQHandler  usart.o
    0x08005440   0x00000048   Code   RO          310    i.USART3_IRQHandler  usart.o
    0x08005488   0x00000004   Code   RO         5446    i.UsageFault_Handler  stm32f4xx_it.o
    0x0800548c   0x00000010   Code   RO         5644    i.__0printf$bare    mc_w.l(printfb.o)
    0x0800549c   0x0000000e   Code   RO         5977    i.__scatterload_copy  mc_w.l(handlers.o)
    0x080054aa   0x00000002   Code   RO         5978    i.__scatterload_null  mc_w.l(handlers.o)
    0x080054ac   0x0000000e   Code   RO         5979    i.__scatterload_zeroinit  mc_w.l(handlers.o)
    0x080054ba   0x00000022   Code   RO         5651    i._printf_core      mc_w.l(printfb.o)
    0x080054dc   0x0000005c   Code   RO          140    i.delay_init        delay.o
    0x08005538   0x00000050   Code   RO          141    i.delay_ms          delay.o
    0x08005588   0x0000000a   Code   RO          142    i.delay_osschedlock  delay.o
    0x08005592   0x0000000a   Code   RO          143    i.delay_osschedunlock  delay.o
    0x0800559c   0x00000010   Code   RO          144    i.delay_ostimedly   delay.o
    0x080055ac   0x00000058   Code   RO          145    i.delay_us          delay.o
    0x08005604   0x0000001c   Code   RO         5586    i.fputc             main.o
    0x08005620   0x0000002c   Code   RO         5587    i.led0_task         main.o
    0x0800564c   0x00000090   Code   RO         5588    i.main              main.o
    0x080056dc   0x000000c0   Code   RO         5589    i.start_task        main.o
    0x0800579c   0x00000034   Code   RO         5590    i.wave_task         main.o
    0x080057d0   0x00000094   Data   RO         1837    .constdata          os_cfg_app.o
    0x08005864   0x00000168   Data   RO         2079    .constdata          os_dbg.o
    0x080059cc   0x00000010   Data   RO         3757    .constdata          stm32f4xx_hal_rcc.o
    0x080059dc   0x00000020   Data   RO         5975    Region$$Table       anon$$obj.o


    Execution Region RW_IRAM1 (Base: 0x20000000, Size: 0x000030e0, Max: 0x00030000, ABSOLUTE, COMPRESSED[0x0000005c])

    Base Addr    Size         Type   Attr      Idx    E Section Name        Object

    0x20000000   0x00000004   Data   RW            7    .data               system_stm32f4xx.o
    0x20000004   0x00000006   Data   RW          146    .data               delay.o
    0x2000000a   0x00000002   PAD
    0x2000000c   0x00000004   Data   RW         1098    .data               cpu_core.o
    0x20000010   0x00000004   Data   RW         1765    .data               os_cpu_c.o
    0x20000014   0x00000008   Data   RW         2325    .data               os_prio.o
    0x2000001c   0x000000c4   Data   RW         2883    .data               os_var.o
    0x200000e0   0x00000004   Data   RW         3453    .data               stm32f4xx_hal.o
    0x200000e4   0x0000009c   Data   RW         5592    .data               main.o
    0x20000180   0x00000004   Data   RW         5945    .data               mc_w.l(stdout.o)
    0x20000184   0x00000010   Zero   RW         1096    .bss                cpu_core.o
    0x20000194   0x00001040   Zero   RW         1836    .bss                os_cfg_app.o
    0x200011d4   0x00000618   Zero   RW         2882    .bss                os_var.o
    0x200017ec   0x000014f4   Zero   RW         5591    .bss                main.o
    0x20002ce0   0x00000400   Zero   RW         2896    STACK               startup_stm32f429xx.o


==============================================================================

Image component sizes


      Code (inc. data)   RO Data    RW Data    ZI Data      Debug   Object Name

        76         14          0          0          0       1542   bsp.o
        52          0          0          0          0        324   cpu_a.o
       100         18          0          4         16      12145   cpu_core.o
       328         40          0          6          0      45928   delay.o
       604         32          0          0          0       1387   gpio_init.o
       102          0          0          0          0       1752   lib_mem.o
       460         88          0        156       5364       6482   main.o
         0          0          0          0          0      19351   os_app_hooks.o
         2          0        148          0       4160      19183   os_cfg_app.o
      2578        362          0          0          0      36144   os_core.o
       196         32          0          0          0        404   os_cpu_a.o
      1064        160          0          4          0       6992   os_cpu_c.o
       424        278        360          0          0       4717   os_dbg.o
        24         10          0          0          0        854   os_flag.o
        24         10          0          0          0        857   os_mem.o
       206         20          0          0          0       2312   os_msg.o
      1172         78          0          0          0       4412   os_mutex.o
       136         16          0          8          0       2838   os_prio.o
        24         10          0          0          0        851   os_q.o
        24         10          0          0          0        849   os_sem.o
      1484        190          0          0          0       3883   os_stat.o
      2958        168          0          0          0      12453   os_task.o
      1088         92          0          0          0       6178   os_tick.o
       252         30          0          0          0       1625   os_time.o
       570        142          0          0          0       3967   os_tmr.o
         0          0          0        196       1560      17824   os_var.o
        68         12        428          0       1024        816   startup_stm32f429xx.o
       128         20          0          4          0       3615   stm32f4xx_hal.o
       378          0          0          0          0       3039   stm32f4xx_hal_adc.o
         2          0          0          0          0       1005   stm32f4xx_hal_adc_ex.o
       312         22          0          0          0      30800   stm32f4xx_hal_cortex.o
       624         10          0          0          0       2240   stm32f4xx_hal_dma.o
       552         54          0          0          0       2412   stm32f4xx_hal_gpio.o
       370         26          0          0          0       1733   stm32f4xx_hal_msp.o
       164         12          0          0          0       1284   stm32f4xx_hal_pwr_ex.o
      1668         70         16          0          0       5667   stm32f4xx_hal_rcc.o
       414          0          0          0          0       3634   stm32f4xx_hal_tim.o
         4          0          0          0          0       1582   stm32f4xx_hal_tim_ex.o
      2106         14          0          0          0      10383   stm32f4xx_hal_uart.o
        70         18          0          0          0       4660   stm32f4xx_it.o
       212         10          0          0          0       1433   sysclock.o
       100         18          0          4          0     366589   system_stm32f4xx.o
        44         10          0          0          0        816   timer3.o
        68         12          0          0          0        514   uart_init.o
       600         98          0          0          0       2594   usart.o

    ----------------------------------------------------------------------
     21856       2206        984        384      12124     660070   Object Totals
         0          0         32          0          0          0   (incl. Generated)
        24          0          0          2          0          0   (incl. Padding)

    ----------------------------------------------------------------------

      Code (inc. data)   RO Data    RW Data    ZI Data      Debug   Library Member Name

        58          0          0          0          0          0   __dczerorl.o
         0          0          0          0          0          0   entry.o
         0          0          0          0          0          0   entry10a.o
         0          0          0          0          0          0   entry11a.o
         8          4          0          0          0          0   entry2.o
         4          0          0          0          0          0   entry5.o
         0          0          0          0          0          0   entry7b.o
         0          0          0          0          0          0   entry8b.o
         8          4          0          0          0          0   entry9a.o
        30          0          0          0          0          0   handlers.o
        36          8          0          0          0         68   init.o
        50          8          0          0          0        152   printfb.o
         0          0          0          4          0          0   stdout.o

    ----------------------------------------------------------------------
       196         24          0          4          0        220   Library Totals
         2          0          0          0          0          0   (incl. Padding)

    ----------------------------------------------------------------------

      Code (inc. data)   RO Data    RW Data    ZI Data      Debug   Library Name

       194         24          0          4          0        220   mc_w.l

    ----------------------------------------------------------------------
       196         24          0          4          0        220   Library Totals

    ----------------------------------------------------------------------

==============================================================================


      Code (inc. data)   RO Data    RW Data    ZI Data      Debug   

     22052       2230        984        388      12124     643022   Grand Totals
     22052       2230        984         92      12124     643022   ELF Image Totals (compressed)
     22052       2230        984         92          0          0   ROM Totals

==============================================================================

    Total RO  Size (Code + RO Data)                23036 (  22.50kB)
    Total RW  Size (RW Data + ZI Data)             12512 (  12.22kB)
    Total ROM Size (Code + RO Data + RW Data)      23128 (  22.59kB)

==============================================================================

